tag: conflict25_20261007_p050_s4_unsplit
k: 4
subpartition_threshold: off
subpartition_factor: 4
task_count: 4
conflict_rate: 0.25
barrier_participants: 4
partition_rows: 35846
partition0_share_skew_s: 2.089382
partition_0_rows: 18724
partition_1_rows: 8136
partition_2_rows: 4458
partition_3_rows: 4528
mapped_ms_p0: 1269
mapped_finished_at_ms_p0: 1791365259048
mapped_worker_p0: 272f43c5105c
mapped_ms_p1: 583
mapped_finished_at_ms_p1: 1791365258359
mapped_worker_p1: a3945c4cc987
mapped_ms_p2: 331
mapped_finished_at_ms_p2: 1791365258106
mapped_worker_p2: 224f1d05f426
mapped_ms_p3: 332
mapped_finished_at_ms_p3: 1791365258108
mapped_worker_p3: 3afaa8eff30f
mapped_duration_spread_ms: 938
mapped_finish_spread_ms: 942
mapped_duration_spread_scope: parent_sum_of_task_durations
mapped_worker_load_ms: {"224f1d05f426": 331, "272f43c5105c": 1269, "3afaa8eff30f": 332, "a3945c4cc987": 583}
mapped_worker_load_spread_ms: 938
task_metrics_json: [{"id":"conflict25_20261007_p050_s4_unsplit-p3","partition_id":3,"subpartition_id":null,"rows":4528,"mapped_ms":332,"mapped_finished_at_ms":1791365258108,"worker":"3afaa8eff30f"},{"id":"conflict25_20261007_p050_s4_unsplit-p1","partition_id":1,"subpartition_id":null,"rows":8136,"mapped_ms":583,"mapped_finished_at_ms":1791365258359,"worker":"a3945c4cc987"},{"id":"conflict25_20261007_p050_s4_unsplit-p2","partition_id":2,"subpartition_id":null,"rows":4458,"mapped_ms":331,"mapped_finished_at_ms":1791365258106,"worker":"224f1d05f426"},{"id":"conflict25_20261007_p050_s4_unsplit-p0","partition_id":0,"subpartition_id":null,"rows":18724,"mapped_ms":1269,"mapped_finished_at_ms":1791365259048,"worker":"272f43c5105c"}]
phase_compute_delta_s: 3.596
phase_partition_s: 0.154
phase_normalize_s: 0.095
phase_dispatch_s: 0.008
phase_wait_workers_s: 1.920
phase_merge_stale_apply_s: 4.176
conflict_dup_rows: 7169
total_retries: 2
lock_wait_ms_total: 0
lock_contention_total: 0
elapsed_seconds: 9.949
