tag: conflict25_20261007_p050_s5_split
k: 4
subpartition_threshold: 1.7
subpartition_factor: 4
task_count: 7
conflict_rate: 0.25
barrier_participants: 4
partition_rows: 35846
partition0_share_skew_s: 2.098421
partition_0_rows: 18805
partition_1_rows: 8140
partition_2_rows: 4333
partition_3_rows: 4568
mapped_ms_p0: 1371
mapped_finished_at_ms_p0: 1791365342585
mapped_worker_p0: 224f1d05f426,3afaa8eff30f,a3945c4cc987
mapped_ms_p1: 702
mapped_finished_at_ms_p1: 1791365341930
mapped_worker_p1: 3afaa8eff30f
mapped_ms_p2: 360
mapped_finished_at_ms_p2: 1791365341585
mapped_worker_p2: 272f43c5105c
mapped_ms_p3: 391
mapped_finished_at_ms_p3: 1791365341619
mapped_worker_p3: 224f1d05f426
mapped_duration_spread_ms: 1011
mapped_finish_spread_ms: 1000
mapped_duration_spread_scope: parent_sum_of_task_durations
mapped_worker_load_ms: {"224f1d05f426": 995, "272f43c5105c": 360, "3afaa8eff30f": 1067, "a3945c4cc987": 402}
mapped_worker_load_spread_ms: 707
task_metrics_json: [{"id":"conflict25_20261007_p050_s5_split-p1","partition_id":1,"subpartition_id":null,"rows":8140,"mapped_ms":702,"mapped_finished_at_ms":1791365341930,"worker":"3afaa8eff30f"},{"id":"conflict25_20261007_p050_s5_split-p3","partition_id":3,"subpartition_id":null,"rows":4568,"mapped_ms":391,"mapped_finished_at_ms":1791365341619,"worker":"224f1d05f426"},{"id":"conflict25_20261007_p050_s5_split-p0-s2","partition_id":0,"subpartition_id":2,"rows":4701,"mapped_ms":306,"mapped_finished_at_ms":1791365342273,"worker":"224f1d05f426"},{"id":"conflict25_20261007_p050_s5_split-p0-s0","partition_id":0,"subpartition_id":0,"rows":4702,"mapped_ms":402,"mapped_finished_at_ms":1791365341626,"worker":"a3945c4cc987"},{"id":"conflict25_20261007_p050_s5_split-p0-s1","partition_id":0,"subpartition_id":1,"rows":4701,"mapped_ms":365,"mapped_finished_at_ms":1791365342329,"worker":"3afaa8eff30f"},{"id":"conflict25_20261007_p050_s5_split-p2","partition_id":2,"subpartition_id":null,"rows":4333,"mapped_ms":360,"mapped_finished_at_ms":1791365341585,"worker":"272f43c5105c"},{"id":"conflict25_20261007_p050_s5_split-p0-s3","partition_id":0,"subpartition_id":3,"rows":4701,"mapped_ms":298,"mapped_finished_at_ms":1791365342585,"worker":"224f1d05f426"}]
phase_compute_delta_s: 3.715
phase_partition_s: 0.170
phase_normalize_s: 0.173
phase_dispatch_s: 0.014
phase_wait_workers_s: 1.371
phase_merge_stale_apply_s: 4.200
conflict_dup_rows: 7169
total_retries: 2
lock_wait_ms_total: 0
lock_contention_total: 0
elapsed_seconds: 9.642
