tag: conflict25_20261007_p075_s1_split
k: 4
subpartition_threshold: 1.7
subpartition_factor: 4
task_count: 7
conflict_rate: 0.25
barrier_participants: 4
partition_rows: 35846
partition0_share_skew_s: 2.641745
partition_0_rows: 23674
partition_1_rows: 7675
partition_2_rows: 2150
partition_3_rows: 2347
mapped_ms_p0: 1900
mapped_finished_at_ms_p0: 1791364937509
mapped_worker_p0: 224f1d05f426,3afaa8eff30f,a3945c4cc987
mapped_ms_p1: 593
mapped_finished_at_ms_p1: 1791364936858
mapped_worker_p1: 3afaa8eff30f
mapped_ms_p2: 218
mapped_finished_at_ms_p2: 1791364936482
mapped_worker_p2: 272f43c5105c
mapped_ms_p3: 312
mapped_finished_at_ms_p3: 1791364936577
mapped_worker_p3: 224f1d05f426
mapped_duration_spread_ms: 1682
mapped_finish_spread_ms: 1027
mapped_duration_spread_scope: parent_sum_of_task_durations
mapped_worker_load_ms: {"224f1d05f426": 720, "272f43c5105c": 218, "3afaa8eff30f": 1102, "a3945c4cc987": 983}
mapped_worker_load_spread_ms: 884
task_metrics_json: [{"id":"conflict25_20261007_p075_s1_split-p1","partition_id":1,"subpartition_id":null,"rows":7675,"mapped_ms":593,"mapped_finished_at_ms":1791364936858,"worker":"3afaa8eff30f"},{"id":"conflict25_20261007_p075_s1_split-p3","partition_id":3,"subpartition_id":null,"rows":2347,"mapped_ms":312,"mapped_finished_at_ms":1791364936577,"worker":"224f1d05f426"},{"id":"conflict25_20261007_p075_s1_split-p0-s2","partition_id":0,"subpartition_id":2,"rows":5918,"mapped_ms":408,"mapped_finished_at_ms":1791364937295,"worker":"224f1d05f426"},{"id":"conflict25_20261007_p075_s1_split-p0-s0","partition_id":0,"subpartition_id":0,"rows":5919,"mapped_ms":579,"mapped_finished_at_ms":1791364936842,"worker":"a3945c4cc987"},{"id":"conflict25_20261007_p075_s1_split-p0-s1","partition_id":0,"subpartition_id":1,"rows":5919,"mapped_ms":509,"mapped_finished_at_ms":1791364937395,"worker":"3afaa8eff30f"},{"id":"conflict25_20261007_p075_s1_split-p2","partition_id":2,"subpartition_id":null,"rows":2150,"mapped_ms":218,"mapped_finished_at_ms":1791364936482,"worker":"272f43c5105c"},{"id":"conflict25_20261007_p075_s1_split-p0-s3","partition_id":0,"subpartition_id":3,"rows":5918,"mapped_ms":404,"mapped_finished_at_ms":1791364937509,"worker":"a3945c4cc987"}]
phase_compute_delta_s: 3.844
phase_partition_s: 0.172
phase_normalize_s: 0.171
phase_dispatch_s: 0.012
phase_wait_workers_s: 1.262
phase_merge_stale_apply_s: 4.652
conflict_dup_rows: 7169
total_retries: 2
lock_wait_ms_total: 0
lock_contention_total: 0
elapsed_seconds: 10.113
