tag: conflict25_20261007_p050_s3_unsplit
k: 4
subpartition_threshold: off
subpartition_factor: 4
task_count: 4
conflict_rate: 0.25
barrier_participants: 4
partition_rows: 35846
partition0_share_skew_s: 2.081125
partition_0_rows: 18650
partition_1_rows: 8126
partition_2_rows: 4483
partition_3_rows: 4587
mapped_ms_p0: 1325
mapped_finished_at_ms_p0: 1791365084535
mapped_worker_p0: 224f1d05f426
mapped_ms_p1: 620
mapped_finished_at_ms_p1: 1791365083824
mapped_worker_p1: a3945c4cc987
mapped_ms_p2: 426
mapped_finished_at_ms_p2: 1791365083629
mapped_worker_p2: 272f43c5105c
mapped_ms_p3: 400
mapped_finished_at_ms_p3: 1791365083606
mapped_worker_p3: 3afaa8eff30f
mapped_duration_spread_ms: 925
mapped_finish_spread_ms: 929
mapped_duration_spread_scope: parent_sum_of_task_durations
mapped_worker_load_ms: {"224f1d05f426": 1325, "272f43c5105c": 426, "3afaa8eff30f": 400, "a3945c4cc987": 620}
mapped_worker_load_spread_ms: 925
task_metrics_json: [{"id":"conflict25_20261007_p050_s3_unsplit-p2","partition_id":2,"subpartition_id":null,"rows":4483,"mapped_ms":426,"mapped_finished_at_ms":1791365083629,"worker":"272f43c5105c"},{"id":"conflict25_20261007_p050_s3_unsplit-p0","partition_id":0,"subpartition_id":null,"rows":18650,"mapped_ms":1325,"mapped_finished_at_ms":1791365084535,"worker":"224f1d05f426"},{"id":"conflict25_20261007_p050_s3_unsplit-p1","partition_id":1,"subpartition_id":null,"rows":8126,"mapped_ms":620,"mapped_finished_at_ms":1791365083824,"worker":"a3945c4cc987"},{"id":"conflict25_20261007_p050_s3_unsplit-p3","partition_id":3,"subpartition_id":null,"rows":4587,"mapped_ms":400,"mapped_finished_at_ms":1791365083606,"worker":"3afaa8eff30f"}]
phase_compute_delta_s: 4.063
phase_partition_s: 0.163
phase_normalize_s: 0.099
phase_dispatch_s: 0.012
phase_wait_workers_s: 1.888
phase_merge_stale_apply_s: 5.488
conflict_dup_rows: 7169
total_retries: 2
lock_wait_ms_total: 0
lock_contention_total: 0
elapsed_seconds: 11.712
