tag: conflict25_20261007_p100_s5_split
k: 4
subpartition_threshold: 1.7
subpartition_factor: 4
task_count: 7
conflict_rate: 0.25
barrier_participants: 4
partition_rows: 35846
partition0_share_skew_s: 3.200022
partition_0_rows: 28677
partition_1_rows: 7169
partition_2_rows: 0
partition_3_rows: 0
mapped_ms_p0: 2131
mapped_finished_at_ms_p0: 1791365279392
mapped_worker_p0: 224f1d05f426,272f43c5105c,3afaa8eff30f
mapped_ms_p1: 524
mapped_finished_at_ms_p1: 1791365278734
mapped_worker_p1: a3945c4cc987
mapped_ms_p2: 0
mapped_finished_at_ms_p2: 1791365278207
mapped_worker_p2: 3afaa8eff30f
mapped_ms_p3: 0
mapped_finished_at_ms_p3: 1791365278208
mapped_worker_p3: 272f43c5105c
mapped_duration_spread_ms: 2131
mapped_finish_spread_ms: 1185
mapped_duration_spread_scope: parent_sum_of_task_durations
mapped_worker_load_ms: {"224f1d05f426": 506, "272f43c5105c": 494, "3afaa8eff30f": 1131, "a3945c4cc987": 524}
mapped_worker_load_spread_ms: 637
task_metrics_json: [{"id":"conflict25_20261007_p100_s5_split-p3","partition_id":3,"subpartition_id":null,"rows":0,"mapped_ms":0,"mapped_finished_at_ms":1791365278208,"worker":"272f43c5105c"},{"id":"conflict25_20261007_p100_s5_split-p2","partition_id":2,"subpartition_id":null,"rows":0,"mapped_ms":0,"mapped_finished_at_ms":1791365278207,"worker":"3afaa8eff30f"},{"id":"conflict25_20261007_p100_s5_split-p0-s1","partition_id":0,"subpartition_id":1,"rows":7169,"mapped_ms":662,"mapped_finished_at_ms":1791365278875,"worker":"3afaa8eff30f"},{"id":"conflict25_20261007_p100_s5_split-p0-s0","partition_id":0,"subpartition_id":0,"rows":7170,"mapped_ms":506,"mapped_finished_at_ms":1791365278717,"worker":"224f1d05f426"},{"id":"conflict25_20261007_p100_s5_split-p0-s2","partition_id":0,"subpartition_id":2,"rows":7169,"mapped_ms":494,"mapped_finished_at_ms":1791365278706,"worker":"272f43c5105c"},{"id":"conflict25_20261007_p100_s5_split-p1","partition_id":1,"subpartition_id":null,"rows":7169,"mapped_ms":524,"mapped_finished_at_ms":1791365278734,"worker":"a3945c4cc987"},{"id":"conflict25_20261007_p100_s5_split-p0-s3","partition_id":0,"subpartition_id":3,"rows":7169,"mapped_ms":469,"mapped_finished_at_ms":1791365279392,"worker":"3afaa8eff30f"}]
phase_compute_delta_s: 4.243
phase_partition_s: 0.162
phase_normalize_s: 0.168
phase_dispatch_s: 0.010
phase_wait_workers_s: 1.572
phase_merge_stale_apply_s: 4.673
conflict_dup_rows: 7169
total_retries: 2
lock_wait_ms_total: 0
lock_contention_total: 0
elapsed_seconds: 10.828
