tag: conflict25_20261007_p000_s3_split
k: 4
subpartition_threshold: 1.7
subpartition_factor: 4
task_count: 4
conflict_rate: 0.25
barrier_participants: 4
partition_rows: 35846
partition0_share_skew_s: 1.016906
partition_0_rows: 9113
partition_1_rows: 9031
partition_2_rows: 8748
partition_3_rows: 8954
mapped_ms_p0: 646
mapped_finished_at_ms_p0: 1791365137419
mapped_worker_p0: 3afaa8eff30f
mapped_ms_p1: 629
mapped_finished_at_ms_p1: 1791365137401
mapped_worker_p1: 272f43c5105c
mapped_ms_p2: 597
mapped_finished_at_ms_p2: 1791365137371
mapped_worker_p2: a3945c4cc987
mapped_ms_p3: 624
mapped_finished_at_ms_p3: 1791365137399
mapped_worker_p3: 224f1d05f426
mapped_duration_spread_ms: 49
mapped_finish_spread_ms: 48
mapped_duration_spread_scope: parent_sum_of_task_durations
mapped_worker_load_ms: {"224f1d05f426": 624, "272f43c5105c": 629, "3afaa8eff30f": 646, "a3945c4cc987": 597}
mapped_worker_load_spread_ms: 49
task_metrics_json: [{"id":"conflict25_20261007_p000_s3_split-p0","partition_id":0,"subpartition_id":null,"rows":9113,"mapped_ms":646,"mapped_finished_at_ms":1791365137419,"worker":"3afaa8eff30f"},{"id":"conflict25_20261007_p000_s3_split-p2","partition_id":2,"subpartition_id":null,"rows":8748,"mapped_ms":597,"mapped_finished_at_ms":1791365137371,"worker":"a3945c4cc987"},{"id":"conflict25_20261007_p000_s3_split-p1","partition_id":1,"subpartition_id":null,"rows":9031,"mapped_ms":629,"mapped_finished_at_ms":1791365137401,"worker":"272f43c5105c"},{"id":"conflict25_20261007_p000_s3_split-p3","partition_id":3,"subpartition_id":null,"rows":8954,"mapped_ms":624,"mapped_finished_at_ms":1791365137399,"worker":"224f1d05f426"}]
phase_compute_delta_s: 3.551
phase_partition_s: 0.179
phase_normalize_s: 0.099
phase_dispatch_s: 0.009
phase_wait_workers_s: 1.005
phase_merge_stale_apply_s: 3.917
conflict_dup_rows: 7169
total_retries: 2
lock_wait_ms_total: 0
lock_contention_total: 0
elapsed_seconds: 8.760
