tag: conflict25_20261007_p000_s5_split
k: 4
subpartition_threshold: 1.7
subpartition_factor: 4
task_count: 4
conflict_rate: 0.25
barrier_participants: 4
partition_rows: 35846
partition0_share_skew_s: 1.020142
partition_0_rows: 9142
partition_1_rows: 9028
partition_2_rows: 8692
partition_3_rows: 8984
mapped_ms_p0: 650
mapped_finished_at_ms_p0: 1791365300142
mapped_worker_p0: 272f43c5105c
mapped_ms_p1: 663
mapped_finished_at_ms_p1: 1791365300157
mapped_worker_p1: 224f1d05f426
mapped_ms_p2: 645
mapped_finished_at_ms_p2: 1791365300139
mapped_worker_p2: a3945c4cc987
mapped_ms_p3: 651
mapped_finished_at_ms_p3: 1791365300146
mapped_worker_p3: 3afaa8eff30f
mapped_duration_spread_ms: 18
mapped_finish_spread_ms: 18
mapped_duration_spread_scope: parent_sum_of_task_durations
mapped_worker_load_ms: {"224f1d05f426": 663, "272f43c5105c": 650, "3afaa8eff30f": 651, "a3945c4cc987": 645}
mapped_worker_load_spread_ms: 18
task_metrics_json: [{"id":"conflict25_20261007_p000_s5_split-p1","partition_id":1,"subpartition_id":null,"rows":9028,"mapped_ms":663,"mapped_finished_at_ms":1791365300157,"worker":"224f1d05f426"},{"id":"conflict25_20261007_p000_s5_split-p3","partition_id":3,"subpartition_id":null,"rows":8984,"mapped_ms":651,"mapped_finished_at_ms":1791365300146,"worker":"3afaa8eff30f"},{"id":"conflict25_20261007_p000_s5_split-p2","partition_id":2,"subpartition_id":null,"rows":8692,"mapped_ms":645,"mapped_finished_at_ms":1791365300139,"worker":"a3945c4cc987"},{"id":"conflict25_20261007_p000_s5_split-p0","partition_id":0,"subpartition_id":null,"rows":9142,"mapped_ms":650,"mapped_finished_at_ms":1791365300142,"worker":"272f43c5105c"}]
phase_compute_delta_s: 3.734
phase_partition_s: 0.167
phase_normalize_s: 0.094
phase_dispatch_s: 0.009
phase_wait_workers_s: 1.295
phase_merge_stale_apply_s: 4.356
conflict_dup_rows: 7169
total_retries: 2
lock_wait_ms_total: 0
lock_contention_total: 0
elapsed_seconds: 9.655
