tag: conflict25_20261007_p025_s4_split
k: 4
subpartition_threshold: 1.7
subpartition_factor: 4
task_count: 4
conflict_rate: 0.25
barrier_participants: 4
partition_rows: 35846
partition0_share_skew_s: 1.533895
partition_0_rows: 13746
partition_1_rows: 8565
partition_2_rows: 6677
partition_3_rows: 6858
mapped_ms_p0: 1084
mapped_finished_at_ms_p0: 1791365238061
mapped_worker_p0: 3afaa8eff30f
mapped_ms_p1: 674
mapped_finished_at_ms_p1: 1791365237649
mapped_worker_p1: a3945c4cc987
mapped_ms_p2: 524
mapped_finished_at_ms_p2: 1791365237497
mapped_worker_p2: 224f1d05f426
mapped_ms_p3: 592
mapped_finished_at_ms_p3: 1791365237566
mapped_worker_p3: 272f43c5105c
mapped_duration_spread_ms: 560
mapped_finish_spread_ms: 564
mapped_duration_spread_scope: parent_sum_of_task_durations
mapped_worker_load_ms: {"224f1d05f426": 524, "272f43c5105c": 592, "3afaa8eff30f": 1084, "a3945c4cc987": 674}
mapped_worker_load_spread_ms: 560
task_metrics_json: [{"id":"conflict25_20261007_p025_s4_split-p0","partition_id":0,"subpartition_id":null,"rows":13746,"mapped_ms":1084,"mapped_finished_at_ms":1791365238061,"worker":"3afaa8eff30f"},{"id":"conflict25_20261007_p025_s4_split-p2","partition_id":2,"subpartition_id":null,"rows":6677,"mapped_ms":524,"mapped_finished_at_ms":1791365237497,"worker":"224f1d05f426"},{"id":"conflict25_20261007_p025_s4_split-p3","partition_id":3,"subpartition_id":null,"rows":6858,"mapped_ms":592,"mapped_finished_at_ms":1791365237566,"worker":"272f43c5105c"},{"id":"conflict25_20261007_p025_s4_split-p1","partition_id":1,"subpartition_id":null,"rows":8565,"mapped_ms":674,"mapped_finished_at_ms":1791365237649,"worker":"a3945c4cc987"}]
phase_compute_delta_s: 3.616
phase_partition_s: 0.160
phase_normalize_s: 0.092
phase_dispatch_s: 0.008
phase_wait_workers_s: 1.471
phase_merge_stale_apply_s: 4.414
conflict_dup_rows: 7169
total_retries: 2
lock_wait_ms_total: 0
lock_contention_total: 0
elapsed_seconds: 9.760
