tag: conflict25_20261007_p025_s1_unsplit
k: 4
subpartition_threshold: off
subpartition_factor: 4
task_count: 4
conflict_rate: 0.25
barrier_participants: 4
partition_rows: 35846
partition0_share_skew_s: 1.559337
partition_0_rows: 13974
partition_1_rows: 8649
partition_2_rows: 6427
partition_3_rows: 6796
mapped_ms_p0: 1475
mapped_finished_at_ms_p0: 1791364883073
mapped_worker_p0: 272f43c5105c
mapped_ms_p1: 1152
mapped_finished_at_ms_p1: 1791364882746
mapped_worker_p1: a3945c4cc987
mapped_ms_p2: 652
mapped_finished_at_ms_p2: 1791364882243
mapped_worker_p2: 224f1d05f426
mapped_ms_p3: 751
mapped_finished_at_ms_p3: 1791364882345
mapped_worker_p3: 3afaa8eff30f
mapped_duration_spread_ms: 823
mapped_finish_spread_ms: 830
mapped_duration_spread_scope: parent_sum_of_task_durations
mapped_worker_load_ms: {"224f1d05f426": 652, "272f43c5105c": 1475, "3afaa8eff30f": 751, "a3945c4cc987": 1152}
mapped_worker_load_spread_ms: 823
task_metrics_json: [{"id":"conflict25_20261007_p025_s1_unsplit-p2","partition_id":2,"subpartition_id":null,"rows":6427,"mapped_ms":652,"mapped_finished_at_ms":1791364882243,"worker":"224f1d05f426"},{"id":"conflict25_20261007_p025_s1_unsplit-p0","partition_id":0,"subpartition_id":null,"rows":13974,"mapped_ms":1475,"mapped_finished_at_ms":1791364883073,"worker":"272f43c5105c"},{"id":"conflict25_20261007_p025_s1_unsplit-p3","partition_id":3,"subpartition_id":null,"rows":6796,"mapped_ms":751,"mapped_finished_at_ms":1791364882345,"worker":"3afaa8eff30f"},{"id":"conflict25_20261007_p025_s1_unsplit-p1","partition_id":1,"subpartition_id":null,"rows":8649,"mapped_ms":1152,"mapped_finished_at_ms":1791364882746,"worker":"a3945c4cc987"}]
phase_compute_delta_s: 3.718
phase_partition_s: 0.157
phase_normalize_s: 0.100
phase_dispatch_s: 0.009
phase_wait_workers_s: 1.985
phase_merge_stale_apply_s: 4.500
conflict_dup_rows: 7169
total_retries: 2
lock_wait_ms_total: 0
lock_contention_total: 0
elapsed_seconds: 10.470
