tag: conflict25_20261007_p000_s4_unsplit
k: 4
subpartition_threshold: off
subpartition_factor: 4
task_count: 4
conflict_rate: 0.25
barrier_participants: 4
partition_rows: 35846
partition0_share_skew_s: 1.022597
partition_0_rows: 9164
partition_1_rows: 9005
partition_2_rows: 8692
partition_3_rows: 8985
mapped_ms_p0: 808
mapped_finished_at_ms_p0: 1791365219074
mapped_worker_p0: 3afaa8eff30f
mapped_ms_p1: 790
mapped_finished_at_ms_p1: 1791365219058
mapped_worker_p1: a3945c4cc987
mapped_ms_p2: 727
mapped_finished_at_ms_p2: 1791365218994
mapped_worker_p2: 224f1d05f426
mapped_ms_p3: 772
mapped_finished_at_ms_p3: 1791365219040
mapped_worker_p3: 272f43c5105c
mapped_duration_spread_ms: 81
mapped_finish_spread_ms: 80
mapped_duration_spread_scope: parent_sum_of_task_durations
mapped_worker_load_ms: {"224f1d05f426": 727, "272f43c5105c": 772, "3afaa8eff30f": 808, "a3945c4cc987": 790}
mapped_worker_load_spread_ms: 81
task_metrics_json: [{"id":"conflict25_20261007_p000_s4_unsplit-p0","partition_id":0,"subpartition_id":null,"rows":9164,"mapped_ms":808,"mapped_finished_at_ms":1791365219074,"worker":"3afaa8eff30f"},{"id":"conflict25_20261007_p000_s4_unsplit-p2","partition_id":2,"subpartition_id":null,"rows":8692,"mapped_ms":727,"mapped_finished_at_ms":1791365218994,"worker":"224f1d05f426"},{"id":"conflict25_20261007_p000_s4_unsplit-p3","partition_id":3,"subpartition_id":null,"rows":8985,"mapped_ms":772,"mapped_finished_at_ms":1791365219040,"worker":"272f43c5105c"},{"id":"conflict25_20261007_p000_s4_unsplit-p1","partition_id":1,"subpartition_id":null,"rows":9005,"mapped_ms":790,"mapped_finished_at_ms":1791365219058,"worker":"a3945c4cc987"}]
phase_compute_delta_s: 3.575
phase_partition_s: 0.158
phase_normalize_s: 0.135
phase_dispatch_s: 0.009
phase_wait_workers_s: 1.312
phase_merge_stale_apply_s: 4.005
conflict_dup_rows: 7169
total_retries: 2
lock_wait_ms_total: 0
lock_contention_total: 0
elapsed_seconds: 9.194
