tag: conflict25_20261007_p075_s5_unsplit
k: 4
subpartition_threshold: off
subpartition_factor: 4
task_count: 4
conflict_rate: 0.25
barrier_participants: 4
partition_rows: 35846
partition0_share_skew_s: 2.640406
partition_0_rows: 23662
partition_1_rows: 7656
partition_2_rows: 2232
partition_3_rows: 2296
mapped_ms_p0: 1742
mapped_finished_at_ms_p0: 1791365363121
mapped_worker_p0: 224f1d05f426
mapped_ms_p1: 527
mapped_finished_at_ms_p1: 1791365361902
mapped_worker_p1: 272f43c5105c
mapped_ms_p2: 176
mapped_finished_at_ms_p2: 1791365361549
mapped_worker_p2: 3afaa8eff30f
mapped_ms_p3: 251
mapped_finished_at_ms_p3: 1791365361624
mapped_worker_p3: a3945c4cc987
mapped_duration_spread_ms: 1566
mapped_finish_spread_ms: 1572
mapped_duration_spread_scope: parent_sum_of_task_durations
mapped_worker_load_ms: {"224f1d05f426": 1742, "272f43c5105c": 527, "3afaa8eff30f": 176, "a3945c4cc987": 251}
mapped_worker_load_spread_ms: 1566
task_metrics_json: [{"id":"conflict25_20261007_p075_s5_unsplit-p3","partition_id":3,"subpartition_id":null,"rows":2296,"mapped_ms":251,"mapped_finished_at_ms":1791365361624,"worker":"a3945c4cc987"},{"id":"conflict25_20261007_p075_s5_unsplit-p1","partition_id":1,"subpartition_id":null,"rows":7656,"mapped_ms":527,"mapped_finished_at_ms":1791365361902,"worker":"272f43c5105c"},{"id":"conflict25_20261007_p075_s5_unsplit-p2","partition_id":2,"subpartition_id":null,"rows":2232,"mapped_ms":176,"mapped_finished_at_ms":1791365361549,"worker":"3afaa8eff30f"},{"id":"conflict25_20261007_p075_s5_unsplit-p0","partition_id":0,"subpartition_id":null,"rows":23662,"mapped_ms":1742,"mapped_finished_at_ms":1791365363121,"worker":"224f1d05f426"}]
phase_compute_delta_s: 3.790
phase_partition_s: 0.151
phase_normalize_s: 0.098
phase_dispatch_s: 0.009
phase_wait_workers_s: 2.075
phase_merge_stale_apply_s: 4.300
conflict_dup_rows: 7169
total_retries: 2
lock_wait_ms_total: 0
lock_contention_total: 0
elapsed_seconds: 10.423
