tag: conflict25_20261007_p000_s5_unsplit
k: 4
subpartition_threshold: off
subpartition_factor: 4
task_count: 4
conflict_rate: 0.25
barrier_participants: 4
partition_rows: 35846
partition0_share_skew_s: 1.020142
partition_0_rows: 9142
partition_1_rows: 9028
partition_2_rows: 8692
partition_3_rows: 8984
mapped_ms_p0: 694
mapped_finished_at_ms_p0: 1791365310040
mapped_worker_p0: a3945c4cc987
mapped_ms_p1: 700
mapped_finished_at_ms_p1: 1791365310046
mapped_worker_p1: 224f1d05f426
mapped_ms_p2: 651
mapped_finished_at_ms_p2: 1791365309998
mapped_worker_p2: 272f43c5105c
mapped_ms_p3: 686
mapped_finished_at_ms_p3: 1791365310034
mapped_worker_p3: 3afaa8eff30f
mapped_duration_spread_ms: 49
mapped_finish_spread_ms: 48
mapped_duration_spread_scope: parent_sum_of_task_durations
mapped_worker_load_ms: {"224f1d05f426": 700, "272f43c5105c": 651, "3afaa8eff30f": 686, "a3945c4cc987": 694}
mapped_worker_load_spread_ms: 49
task_metrics_json: [{"id":"conflict25_20261007_p000_s5_unsplit-p1","partition_id":1,"subpartition_id":null,"rows":9028,"mapped_ms":700,"mapped_finished_at_ms":1791365310046,"worker":"224f1d05f426"},{"id":"conflict25_20261007_p000_s5_unsplit-p3","partition_id":3,"subpartition_id":null,"rows":8984,"mapped_ms":686,"mapped_finished_at_ms":1791365310034,"worker":"3afaa8eff30f"},{"id":"conflict25_20261007_p000_s5_unsplit-p0","partition_id":0,"subpartition_id":null,"rows":9142,"mapped_ms":694,"mapped_finished_at_ms":1791365310040,"worker":"a3945c4cc987"},{"id":"conflict25_20261007_p000_s5_unsplit-p2","partition_id":2,"subpartition_id":null,"rows":8692,"mapped_ms":651,"mapped_finished_at_ms":1791365309998,"worker":"272f43c5105c"}]
phase_compute_delta_s: 3.880
phase_partition_s: 0.161
phase_normalize_s: 0.104
phase_dispatch_s: 0.010
phase_wait_workers_s: 1.115
phase_merge_stale_apply_s: 4.158
conflict_dup_rows: 7169
total_retries: 2
lock_wait_ms_total: 0
lock_contention_total: 0
elapsed_seconds: 9.426
