tag: conflict25_20261007_p075_s4_unsplit
k: 4
subpartition_threshold: off
subpartition_factor: 4
task_count: 4
conflict_rate: 0.25
barrier_participants: 4
partition_rows: 35846
partition0_share_skew_s: 2.629359
partition_0_rows: 23563
partition_1_rows: 7641
partition_2_rows: 2278
partition_3_rows: 2364
mapped_ms_p0: 1535
mapped_finished_at_ms_p0: 1791365186901
mapped_worker_p0: 224f1d05f426
mapped_ms_p1: 547
mapped_finished_at_ms_p1: 1791365185907
mapped_worker_p1: 272f43c5105c
mapped_ms_p2: 211
mapped_finished_at_ms_p2: 1791365185569
mapped_worker_p2: a3945c4cc987
mapped_ms_p3: 195
mapped_finished_at_ms_p3: 1791365185553
mapped_worker_p3: 3afaa8eff30f
mapped_duration_spread_ms: 1340
mapped_finish_spread_ms: 1348
mapped_duration_spread_scope: parent_sum_of_task_durations
mapped_worker_load_ms: {"224f1d05f426": 1535, "272f43c5105c": 547, "3afaa8eff30f": 195, "a3945c4cc987": 211}
mapped_worker_load_spread_ms: 1340
task_metrics_json: [{"id":"conflict25_20261007_p075_s4_unsplit-p3","partition_id":3,"subpartition_id":null,"rows":2364,"mapped_ms":195,"mapped_finished_at_ms":1791365185553,"worker":"3afaa8eff30f"},{"id":"conflict25_20261007_p075_s4_unsplit-p1","partition_id":1,"subpartition_id":null,"rows":7641,"mapped_ms":547,"mapped_finished_at_ms":1791365185907,"worker":"272f43c5105c"},{"id":"conflict25_20261007_p075_s4_unsplit-p0","partition_id":0,"subpartition_id":null,"rows":23563,"mapped_ms":1535,"mapped_finished_at_ms":1791365186901,"worker":"224f1d05f426"},{"id":"conflict25_20261007_p075_s4_unsplit-p2","partition_id":2,"subpartition_id":null,"rows":2278,"mapped_ms":211,"mapped_finished_at_ms":1791365185569,"worker":"a3945c4cc987"}]
phase_compute_delta_s: 4.239
phase_partition_s: 0.158
phase_normalize_s: 0.105
phase_dispatch_s: 0.009
phase_wait_workers_s: 2.131
phase_merge_stale_apply_s: 4.709
conflict_dup_rows: 7169
total_retries: 2
lock_wait_ms_total: 0
lock_contention_total: 0
elapsed_seconds: 11.352
