tag: conflict25_20261007_p025_s4_unsplit
k: 4
subpartition_threshold: off
subpartition_factor: 4
task_count: 4
conflict_rate: 0.25
barrier_participants: 4
partition_rows: 35846
partition0_share_skew_s: 1.533895
partition_0_rows: 13746
partition_1_rows: 8565
partition_2_rows: 6677
partition_3_rows: 6858
mapped_ms_p0: 896
mapped_finished_at_ms_p0: 1791365248044
mapped_worker_p0: 272f43c5105c
mapped_ms_p1: 614
mapped_finished_at_ms_p1: 1791365247758
mapped_worker_p1: 3afaa8eff30f
mapped_ms_p2: 460
mapped_finished_at_ms_p2: 1791365247606
mapped_worker_p2: a3945c4cc987
mapped_ms_p3: 529
mapped_finished_at_ms_p3: 1791365247676
mapped_worker_p3: 224f1d05f426
mapped_duration_spread_ms: 436
mapped_finish_spread_ms: 438
mapped_duration_spread_scope: parent_sum_of_task_durations
mapped_worker_load_ms: {"224f1d05f426": 529, "272f43c5105c": 896, "3afaa8eff30f": 614, "a3945c4cc987": 460}
mapped_worker_load_spread_ms: 436
task_metrics_json: [{"id":"conflict25_20261007_p025_s4_unsplit-p3","partition_id":3,"subpartition_id":null,"rows":6858,"mapped_ms":529,"mapped_finished_at_ms":1791365247676,"worker":"224f1d05f426"},{"id":"conflict25_20261007_p025_s4_unsplit-p1","partition_id":1,"subpartition_id":null,"rows":8565,"mapped_ms":614,"mapped_finished_at_ms":1791365247758,"worker":"3afaa8eff30f"},{"id":"conflict25_20261007_p025_s4_unsplit-p0","partition_id":0,"subpartition_id":null,"rows":13746,"mapped_ms":896,"mapped_finished_at_ms":1791365248044,"worker":"272f43c5105c"},{"id":"conflict25_20261007_p025_s4_unsplit-p2","partition_id":2,"subpartition_id":null,"rows":6677,"mapped_ms":460,"mapped_finished_at_ms":1791365247606,"worker":"a3945c4cc987"}]
phase_compute_delta_s: 3.967
phase_partition_s: 0.168
phase_normalize_s: 0.095
phase_dispatch_s: 0.008
phase_wait_workers_s: 1.505
phase_merge_stale_apply_s: 5.155
conflict_dup_rows: 7169
total_retries: 2
lock_wait_ms_total: 0
lock_contention_total: 0
elapsed_seconds: 10.898
