tag: conflict25_20261007_p000_s2_split
k: 4
subpartition_threshold: 1.7
subpartition_factor: 4
task_count: 4
conflict_rate: 0.25
barrier_participants: 4
partition_rows: 35846
partition0_share_skew_s: 1.016459
partition_0_rows: 9109
partition_1_rows: 8951
partition_2_rows: 8750
partition_3_rows: 9036
mapped_ms_p0: 637
mapped_finished_at_ms_p0: 1791365063935
mapped_worker_p0: 272f43c5105c
mapped_ms_p1: 693
mapped_finished_at_ms_p1: 1791365063993
mapped_worker_p1: 224f1d05f426
mapped_ms_p2: 626
mapped_finished_at_ms_p2: 1791365063927
mapped_worker_p2: a3945c4cc987
mapped_ms_p3: 654
mapped_finished_at_ms_p3: 1791365063956
mapped_worker_p3: 3afaa8eff30f
mapped_duration_spread_ms: 67
mapped_finish_spread_ms: 66
mapped_duration_spread_scope: parent_sum_of_task_durations
mapped_worker_load_ms: {"224f1d05f426": 693, "272f43c5105c": 637, "3afaa8eff30f": 654, "a3945c4cc987": 626}
mapped_worker_load_spread_ms: 67
task_metrics_json: [{"id":"conflict25_20261007_p000_s2_split-p3","partition_id":3,"subpartition_id":null,"rows":9036,"mapped_ms":654,"mapped_finished_at_ms":1791365063956,"worker":"3afaa8eff30f"},{"id":"conflict25_20261007_p000_s2_split-p1","partition_id":1,"subpartition_id":null,"rows":8951,"mapped_ms":693,"mapped_finished_at_ms":1791365063993,"worker":"224f1d05f426"},{"id":"conflict25_20261007_p000_s2_split-p0","partition_id":0,"subpartition_id":null,"rows":9109,"mapped_ms":637,"mapped_finished_at_ms":1791365063935,"worker":"272f43c5105c"},{"id":"conflict25_20261007_p000_s2_split-p2","partition_id":2,"subpartition_id":null,"rows":8750,"mapped_ms":626,"mapped_finished_at_ms":1791365063927,"worker":"a3945c4cc987"}]
phase_compute_delta_s: 4.267
phase_partition_s: 0.163
phase_normalize_s: 0.099
phase_dispatch_s: 0.010
phase_wait_workers_s: 1.281
phase_merge_stale_apply_s: 4.654
conflict_dup_rows: 7169
total_retries: 2
lock_wait_ms_total: 0
lock_contention_total: 0
elapsed_seconds: 10.475
