tag: conflict25_20261007_p100_s4_split
k: 4
subpartition_threshold: 1.7
subpartition_factor: 4
task_count: 7
conflict_rate: 0.25
barrier_participants: 4
partition_rows: 35846
partition0_share_skew_s: 3.200022
partition_0_rows: 28677
partition_1_rows: 7169
partition_2_rows: 0
partition_3_rows: 0
mapped_ms_p0: 2170
mapped_finished_at_ms_p0: 1791365208676
mapped_worker_p0: 224f1d05f426,272f43c5105c,a3945c4cc987
mapped_ms_p1: 592
mapped_finished_at_ms_p1: 1791365208158
mapped_worker_p1: 3afaa8eff30f
mapped_ms_p2: 0
mapped_finished_at_ms_p2: 1791365207563
mapped_worker_p2: 224f1d05f426
mapped_ms_p3: 0
mapped_finished_at_ms_p3: 1791365207563
mapped_worker_p3: a3945c4cc987
mapped_duration_spread_ms: 2170
mapped_finish_spread_ms: 1113
mapped_duration_spread_scope: parent_sum_of_task_durations
mapped_worker_load_ms: {"224f1d05f426": 1050, "272f43c5105c": 603, "3afaa8eff30f": 592, "a3945c4cc987": 517}
mapped_worker_load_spread_ms: 533
task_metrics_json: [{"id":"conflict25_20261007_p100_s4_split-p3","partition_id":3,"subpartition_id":null,"rows":0,"mapped_ms":0,"mapped_finished_at_ms":1791365207563,"worker":"a3945c4cc987"},{"id":"conflict25_20261007_p100_s4_split-p2","partition_id":2,"subpartition_id":null,"rows":0,"mapped_ms":0,"mapped_finished_at_ms":1791365207563,"worker":"224f1d05f426"},{"id":"conflict25_20261007_p100_s4_split-p0-s1","partition_id":0,"subpartition_id":1,"rows":7169,"mapped_ms":602,"mapped_finished_at_ms":1791365208172,"worker":"224f1d05f426"},{"id":"conflict25_20261007_p100_s4_split-p0-s2","partition_id":0,"subpartition_id":2,"rows":7169,"mapped_ms":517,"mapped_finished_at_ms":1791365208086,"worker":"a3945c4cc987"},{"id":"conflict25_20261007_p100_s4_split-p0-s0","partition_id":0,"subpartition_id":0,"rows":7170,"mapped_ms":603,"mapped_finished_at_ms":1791365208168,"worker":"272f43c5105c"},{"id":"conflict25_20261007_p100_s4_split-p1","partition_id":1,"subpartition_id":null,"rows":7169,"mapped_ms":592,"mapped_finished_at_ms":1791365208158,"worker":"3afaa8eff30f"},{"id":"conflict25_20261007_p100_s4_split-p0-s3","partition_id":0,"subpartition_id":3,"rows":7169,"mapped_ms":448,"mapped_finished_at_ms":1791365208676,"worker":"224f1d05f426"}]
phase_compute_delta_s: 3.777
phase_partition_s: 0.168
phase_normalize_s: 0.182
phase_dispatch_s: 0.011
phase_wait_workers_s: 1.611
phase_merge_stale_apply_s: 5.096
conflict_dup_rows: 7169
total_retries: 2
lock_wait_ms_total: 0
lock_contention_total: 0
elapsed_seconds: 10.846
