tag: conflict25_20261007_p025_s5_unsplit
k: 4
subpartition_threshold: off
subpartition_factor: 4
task_count: 4
conflict_rate: 0.25
barrier_participants: 4
partition_rows: 35846
partition0_share_skew_s: 1.552642
partition_0_rows: 13914
partition_1_rows: 8582
partition_2_rows: 6660
partition_3_rows: 6690
mapped_ms_p0: 1105
mapped_finished_at_ms_p0: 1791365321298
mapped_worker_p0: a3945c4cc987
mapped_ms_p1: 681
mapped_finished_at_ms_p1: 1791365320871
mapped_worker_p1: 224f1d05f426
mapped_ms_p2: 633
mapped_finished_at_ms_p2: 1791365320823
mapped_worker_p2: 272f43c5105c
mapped_ms_p3: 592
mapped_finished_at_ms_p3: 1791365320784
mapped_worker_p3: 3afaa8eff30f
mapped_duration_spread_ms: 513
mapped_finish_spread_ms: 514
mapped_duration_spread_scope: parent_sum_of_task_durations
mapped_worker_load_ms: {"224f1d05f426": 681, "272f43c5105c": 633, "3afaa8eff30f": 592, "a3945c4cc987": 1105}
mapped_worker_load_spread_ms: 513
task_metrics_json: [{"id":"conflict25_20261007_p025_s5_unsplit-p0","partition_id":0,"subpartition_id":null,"rows":13914,"mapped_ms":1105,"mapped_finished_at_ms":1791365321298,"worker":"a3945c4cc987"},{"id":"conflict25_20261007_p025_s5_unsplit-p2","partition_id":2,"subpartition_id":null,"rows":6660,"mapped_ms":633,"mapped_finished_at_ms":1791365320823,"worker":"272f43c5105c"},{"id":"conflict25_20261007_p025_s5_unsplit-p3","partition_id":3,"subpartition_id":null,"rows":6690,"mapped_ms":592,"mapped_finished_at_ms":1791365320784,"worker":"3afaa8eff30f"},{"id":"conflict25_20261007_p025_s5_unsplit-p1","partition_id":1,"subpartition_id":null,"rows":8582,"mapped_ms":681,"mapped_finished_at_ms":1791365320871,"worker":"224f1d05f426"}]
phase_compute_delta_s: 3.863
phase_partition_s: 0.153
phase_normalize_s: 0.106
phase_dispatch_s: 0.008
phase_wait_workers_s: 1.579
phase_merge_stale_apply_s: 4.870
conflict_dup_rows: 7169
total_retries: 2
lock_wait_ms_total: 0
lock_contention_total: 0
elapsed_seconds: 10.580
