tag: conflict25_20261007_p050_s5_unsplit
k: 4
subpartition_threshold: off
subpartition_factor: 4
task_count: 4
conflict_rate: 0.25
barrier_participants: 4
partition_rows: 35846
partition0_share_skew_s: 2.098421
partition_0_rows: 18805
partition_1_rows: 8140
partition_2_rows: 4333
partition_3_rows: 4568
mapped_ms_p0: 1337
mapped_finished_at_ms_p0: 1791365352286
mapped_worker_p0: a3945c4cc987
mapped_ms_p1: 618
mapped_finished_at_ms_p1: 1791365351563
mapped_worker_p1: 3afaa8eff30f
mapped_ms_p2: 334
mapped_finished_at_ms_p2: 1791365351277
mapped_worker_p2: 272f43c5105c
mapped_ms_p3: 476
mapped_finished_at_ms_p3: 1791365351420
mapped_worker_p3: 224f1d05f426
mapped_duration_spread_ms: 1003
mapped_finish_spread_ms: 1009
mapped_duration_spread_scope: parent_sum_of_task_durations
mapped_worker_load_ms: {"224f1d05f426": 476, "272f43c5105c": 334, "3afaa8eff30f": 618, "a3945c4cc987": 1337}
mapped_worker_load_spread_ms: 1003
task_metrics_json: [{"id":"conflict25_20261007_p050_s5_unsplit-p2","partition_id":2,"subpartition_id":null,"rows":4333,"mapped_ms":334,"mapped_finished_at_ms":1791365351277,"worker":"272f43c5105c"},{"id":"conflict25_20261007_p050_s5_unsplit-p0","partition_id":0,"subpartition_id":null,"rows":18805,"mapped_ms":1337,"mapped_finished_at_ms":1791365352286,"worker":"a3945c4cc987"},{"id":"conflict25_20261007_p050_s5_unsplit-p3","partition_id":3,"subpartition_id":null,"rows":4568,"mapped_ms":476,"mapped_finished_at_ms":1791365351420,"worker":"224f1d05f426"},{"id":"conflict25_20261007_p050_s5_unsplit-p1","partition_id":1,"subpartition_id":null,"rows":8140,"mapped_ms":618,"mapped_finished_at_ms":1791365351563,"worker":"3afaa8eff30f"}]
phase_compute_delta_s: 3.831
phase_partition_s: 0.159
phase_normalize_s: 0.097
phase_dispatch_s: 0.008
phase_wait_workers_s: 1.878
phase_merge_stale_apply_s: 4.395
conflict_dup_rows: 7169
total_retries: 2
lock_wait_ms_total: 0
lock_contention_total: 0
elapsed_seconds: 10.368
