tag: conflict25_20261007_p075_s2_split
k: 4
subpartition_threshold: 1.7
subpartition_factor: 4
task_count: 7
conflict_rate: 0.25
barrier_participants: 4
partition_rows: 35846
partition0_share_skew_s: 2.640629
partition_0_rows: 23664
partition_1_rows: 7654
partition_2_rows: 2238
partition_3_rows: 2290
mapped_ms_p0: 2051
mapped_finished_at_ms_p0: 1791365010358
mapped_worker_p0: 224f1d05f426,3afaa8eff30f,a3945c4cc987
mapped_ms_p1: 648
mapped_finished_at_ms_p1: 1791365009708
mapped_worker_p1: 224f1d05f426
mapped_ms_p2: 247
mapped_finished_at_ms_p2: 1791365009306
mapped_worker_p2: 272f43c5105c
mapped_ms_p3: 322
mapped_finished_at_ms_p3: 1791365009381
mapped_worker_p3: a3945c4cc987
mapped_duration_spread_ms: 1804
mapped_finish_spread_ms: 1052
mapped_duration_spread_scope: parent_sum_of_task_durations
mapped_worker_load_ms: {"224f1d05f426": 1058, "272f43c5105c": 247, "3afaa8eff30f": 1048, "a3945c4cc987": 915}
mapped_worker_load_spread_ms: 811
task_metrics_json: [{"id":"conflict25_20261007_p075_s2_split-p3","partition_id":3,"subpartition_id":null,"rows":2290,"mapped_ms":322,"mapped_finished_at_ms":1791365009381,"worker":"a3945c4cc987"},{"id":"conflict25_20261007_p075_s2_split-p1","partition_id":1,"subpartition_id":null,"rows":7654,"mapped_ms":648,"mapped_finished_at_ms":1791365009708,"worker":"224f1d05f426"},{"id":"conflict25_20261007_p075_s2_split-p0-s0","partition_id":0,"subpartition_id":0,"rows":5916,"mapped_ms":646,"mapped_finished_at_ms":1791365009704,"worker":"3afaa8eff30f"},{"id":"conflict25_20261007_p075_s2_split-p2","partition_id":2,"subpartition_id":null,"rows":2238,"mapped_ms":247,"mapped_finished_at_ms":1791365009306,"worker":"272f43c5105c"},{"id":"conflict25_20261007_p075_s2_split-p0-s2","partition_id":0,"subpartition_id":2,"rows":5916,"mapped_ms":410,"mapped_finished_at_ms":1791365010152,"worker":"224f1d05f426"},{"id":"conflict25_20261007_p075_s2_split-p0-s1","partition_id":0,"subpartition_id":1,"rows":5916,"mapped_ms":593,"mapped_finished_at_ms":1791365010332,"worker":"a3945c4cc987"},{"id":"conflict25_20261007_p075_s2_split-p0-s3","partition_id":0,"subpartition_id":3,"rows":5916,"mapped_ms":402,"mapped_finished_at_ms":1791365010358,"worker":"3afaa8eff30f"}]
phase_compute_delta_s: 3.685
phase_partition_s: 0.160
phase_normalize_s: 0.175
phase_dispatch_s: 0.011
phase_wait_workers_s: 1.313
phase_merge_stale_apply_s: 4.955
conflict_dup_rows: 7169
total_retries: 2
lock_wait_ms_total: 0
lock_contention_total: 0
elapsed_seconds: 10.300
