tag: conflict25_20261007_p000_s4_split
k: 4
subpartition_threshold: 1.7
subpartition_factor: 4
task_count: 4
conflict_rate: 0.25
barrier_participants: 4
partition_rows: 35846
partition0_share_skew_s: 1.022597
partition_0_rows: 9164
partition_1_rows: 9005
partition_2_rows: 8692
partition_3_rows: 8985
mapped_ms_p0: 658
mapped_finished_at_ms_p0: 1791365228130
mapped_worker_p0: 272f43c5105c
mapped_ms_p1: 652
mapped_finished_at_ms_p1: 1791365228126
mapped_worker_p1: 3afaa8eff30f
mapped_ms_p2: 698
mapped_finished_at_ms_p2: 1791365228173
mapped_worker_p2: a3945c4cc987
mapped_ms_p3: 675
mapped_finished_at_ms_p3: 1791365228150
mapped_worker_p3: 224f1d05f426
mapped_duration_spread_ms: 46
mapped_finish_spread_ms: 47
mapped_duration_spread_scope: parent_sum_of_task_durations
mapped_worker_load_ms: {"224f1d05f426": 675, "272f43c5105c": 658, "3afaa8eff30f": 652, "a3945c4cc987": 698}
mapped_worker_load_spread_ms: 46
task_metrics_json: [{"id":"conflict25_20261007_p000_s4_split-p2","partition_id":2,"subpartition_id":null,"rows":8692,"mapped_ms":698,"mapped_finished_at_ms":1791365228173,"worker":"a3945c4cc987"},{"id":"conflict25_20261007_p000_s4_split-p0","partition_id":0,"subpartition_id":null,"rows":9164,"mapped_ms":658,"mapped_finished_at_ms":1791365228130,"worker":"272f43c5105c"},{"id":"conflict25_20261007_p000_s4_split-p1","partition_id":1,"subpartition_id":null,"rows":9005,"mapped_ms":652,"mapped_finished_at_ms":1791365228126,"worker":"3afaa8eff30f"},{"id":"conflict25_20261007_p000_s4_split-p3","partition_id":3,"subpartition_id":null,"rows":8985,"mapped_ms":675,"mapped_finished_at_ms":1791365228150,"worker":"224f1d05f426"}]
phase_compute_delta_s: 3.563
phase_partition_s: 0.169
phase_normalize_s: 0.102
phase_dispatch_s: 0.009
phase_wait_workers_s: 1.328
phase_merge_stale_apply_s: 4.191
conflict_dup_rows: 7169
total_retries: 2
lock_wait_ms_total: 0
lock_contention_total: 0
elapsed_seconds: 9.362
