tag: conflict25_20261007_p075_s3_split
k: 4
subpartition_threshold: 1.7
subpartition_factor: 4
task_count: 7
conflict_rate: 0.25
barrier_participants: 4
partition_rows: 35846
partition0_share_skew_s: 2.639625
partition_0_rows: 23655
partition_1_rows: 7707
partition_2_rows: 2160
partition_3_rows: 2324
mapped_ms_p0: 1900
mapped_finished_at_ms_p0: 1791365107353
mapped_worker_p0: 224f1d05f426,272f43c5105c,3afaa8eff30f,a3945c4cc987
mapped_ms_p1: 615
mapped_finished_at_ms_p1: 1791365106605
mapped_worker_p1: 3afaa8eff30f
mapped_ms_p2: 163
mapped_finished_at_ms_p2: 1791365106149
mapped_worker_p2: 272f43c5105c
mapped_ms_p3: 182
mapped_finished_at_ms_p3: 1791365106168
mapped_worker_p3: a3945c4cc987
mapped_duration_spread_ms: 1737
mapped_finish_spread_ms: 1204
mapped_duration_spread_scope: parent_sum_of_task_durations
mapped_worker_load_ms: {"224f1d05f426": 526, "272f43c5105c": 596, "3afaa8eff30f": 1139, "a3945c4cc987": 599}
mapped_worker_load_spread_ms: 613
task_metrics_json: [{"id":"conflict25_20261007_p075_s3_split-p1","partition_id":1,"subpartition_id":null,"rows":7707,"mapped_ms":615,"mapped_finished_at_ms":1791365106605,"worker":"3afaa8eff30f"},{"id":"conflict25_20261007_p075_s3_split-p3","partition_id":3,"subpartition_id":null,"rows":2324,"mapped_ms":182,"mapped_finished_at_ms":1791365106168,"worker":"a3945c4cc987"},{"id":"conflict25_20261007_p075_s3_split-p0-s2","partition_id":0,"subpartition_id":2,"rows":5914,"mapped_ms":417,"mapped_finished_at_ms":1791365107050,"worker":"a3945c4cc987"},{"id":"conflict25_20261007_p075_s3_split-p2","partition_id":2,"subpartition_id":null,"rows":2160,"mapped_ms":163,"mapped_finished_at_ms":1791365106149,"worker":"272f43c5105c"},{"id":"conflict25_20261007_p075_s3_split-p0-s0","partition_id":0,"subpartition_id":0,"rows":5914,"mapped_ms":526,"mapped_finished_at_ms":1791365106514,"worker":"224f1d05f426"},{"id":"conflict25_20261007_p075_s3_split-p0-s1","partition_id":0,"subpartition_id":1,"rows":5914,"mapped_ms":524,"mapped_finished_at_ms":1791365107159,"worker":"3afaa8eff30f"},{"id":"conflict25_20261007_p075_s3_split-p0-s3","partition_id":0,"subpartition_id":3,"rows":5913,"mapped_ms":433,"mapped_finished_at_ms":1791365107353,"worker":"272f43c5105c"}]
phase_compute_delta_s: 3.712
phase_partition_s: 0.168
phase_normalize_s: 0.173
phase_dispatch_s: 0.011
phase_wait_workers_s: 1.383
phase_merge_stale_apply_s: 4.356
conflict_dup_rows: 7169
total_retries: 2
lock_wait_ms_total: 0
lock_contention_total: 0
elapsed_seconds: 9.803
