tag: conflict25_20261007_p075_s3_unsplit
k: 4
subpartition_threshold: off
subpartition_factor: 4
task_count: 4
conflict_rate: 0.25
barrier_participants: 4
partition_rows: 35846
partition0_share_skew_s: 2.639625
partition_0_rows: 23655
partition_1_rows: 7707
partition_2_rows: 2160
partition_3_rows: 2324
mapped_ms_p0: 1732
mapped_finished_at_ms_p0: 1791365096301
mapped_worker_p0: a3945c4cc987
mapped_ms_p1: 524
mapped_finished_at_ms_p1: 1791365095089
mapped_worker_p1: 272f43c5105c
mapped_ms_p2: 170
mapped_finished_at_ms_p2: 1791365094733
mapped_worker_p2: 3afaa8eff30f
mapped_ms_p3: 176
mapped_finished_at_ms_p3: 1791365094740
mapped_worker_p3: 224f1d05f426
mapped_duration_spread_ms: 1562
mapped_finish_spread_ms: 1568
mapped_duration_spread_scope: parent_sum_of_task_durations
mapped_worker_load_ms: {"224f1d05f426": 176, "272f43c5105c": 524, "3afaa8eff30f": 170, "a3945c4cc987": 1732}
mapped_worker_load_spread_ms: 1562
task_metrics_json: [{"id":"conflict25_20261007_p075_s3_unsplit-p2","partition_id":2,"subpartition_id":null,"rows":2160,"mapped_ms":170,"mapped_finished_at_ms":1791365094733,"worker":"3afaa8eff30f"},{"id":"conflict25_20261007_p075_s3_unsplit-p0","partition_id":0,"subpartition_id":null,"rows":23655,"mapped_ms":1732,"mapped_finished_at_ms":1791365096301,"worker":"a3945c4cc987"},{"id":"conflict25_20261007_p075_s3_unsplit-p3","partition_id":3,"subpartition_id":null,"rows":2324,"mapped_ms":176,"mapped_finished_at_ms":1791365094740,"worker":"224f1d05f426"},{"id":"conflict25_20261007_p075_s3_unsplit-p1","partition_id":1,"subpartition_id":null,"rows":7707,"mapped_ms":524,"mapped_finished_at_ms":1791365095089,"worker":"272f43c5105c"}]
phase_compute_delta_s: 3.590
phase_partition_s: 0.163
phase_normalize_s: 0.104
phase_dispatch_s: 0.010
phase_wait_workers_s: 2.323
phase_merge_stale_apply_s: 4.984
conflict_dup_rows: 7169
total_retries: 2
lock_wait_ms_total: 0
lock_contention_total: 0
elapsed_seconds: 11.175
