tag: conflict25_20261007_p000_s3_unsplit
k: 4
subpartition_threshold: off
subpartition_factor: 4
task_count: 4
conflict_rate: 0.25
barrier_participants: 4
partition_rows: 35846
partition0_share_skew_s: 1.016906
partition_0_rows: 9113
partition_1_rows: 9031
partition_2_rows: 8748
partition_3_rows: 8954
mapped_ms_p0: 630
mapped_finished_at_ms_p0: 1791365146183
mapped_worker_p0: 272f43c5105c
mapped_ms_p1: 625
mapped_finished_at_ms_p1: 1791365146182
mapped_worker_p1: 3afaa8eff30f
mapped_ms_p2: 620
mapped_finished_at_ms_p2: 1791365146175
mapped_worker_p2: 224f1d05f426
mapped_ms_p3: 630
mapped_finished_at_ms_p3: 1791365146187
mapped_worker_p3: a3945c4cc987
mapped_duration_spread_ms: 10
mapped_finish_spread_ms: 12
mapped_duration_spread_scope: parent_sum_of_task_durations
mapped_worker_load_ms: {"224f1d05f426": 620, "272f43c5105c": 630, "3afaa8eff30f": 625, "a3945c4cc987": 630}
mapped_worker_load_spread_ms: 10
task_metrics_json: [{"id":"conflict25_20261007_p000_s3_unsplit-p3","partition_id":3,"subpartition_id":null,"rows":8954,"mapped_ms":630,"mapped_finished_at_ms":1791365146187,"worker":"a3945c4cc987"},{"id":"conflict25_20261007_p000_s3_unsplit-p1","partition_id":1,"subpartition_id":null,"rows":9031,"mapped_ms":625,"mapped_finished_at_ms":1791365146182,"worker":"3afaa8eff30f"},{"id":"conflict25_20261007_p000_s3_unsplit-p0","partition_id":0,"subpartition_id":null,"rows":9113,"mapped_ms":630,"mapped_finished_at_ms":1791365146183,"worker":"272f43c5105c"},{"id":"conflict25_20261007_p000_s3_unsplit-p2","partition_id":2,"subpartition_id":null,"rows":8748,"mapped_ms":620,"mapped_finished_at_ms":1791365146175,"worker":"224f1d05f426"}]
phase_compute_delta_s: 3.533
phase_partition_s: 0.174
phase_normalize_s: 0.101
phase_dispatch_s: 0.009
phase_wait_workers_s: 1.066
phase_merge_stale_apply_s: 4.332
conflict_dup_rows: 7169
total_retries: 2
lock_wait_ms_total: 0
lock_contention_total: 0
elapsed_seconds: 9.215
