tag: conflict25_20261007_p050_s2_split
k: 4
subpartition_threshold: 1.7
subpartition_factor: 4
task_count: 7
conflict_rate: 0.25
barrier_participants: 4
partition_rows: 35846
partition0_share_skew_s: 2.093065
partition_0_rows: 18757
partition_1_rows: 8110
partition_2_rows: 4435
partition_3_rows: 4544
mapped_ms_p0: 1423
mapped_finished_at_ms_p0: 1791365000277
mapped_worker_p0: 224f1d05f426,3afaa8eff30f,a3945c4cc987
mapped_ms_p1: 707
mapped_finished_at_ms_p1: 1791364999561
mapped_worker_p1: 3afaa8eff30f
mapped_ms_p2: 439
mapped_finished_at_ms_p2: 1791364999294
mapped_worker_p2: 272f43c5105c
mapped_ms_p3: 477
mapped_finished_at_ms_p3: 1791364999333
mapped_worker_p3: a3945c4cc987
mapped_duration_spread_ms: 984
mapped_finish_spread_ms: 983
mapped_duration_spread_scope: parent_sum_of_task_durations
mapped_worker_load_ms: {"224f1d05f426": 413, "272f43c5105c": 439, "3afaa8eff30f": 1051, "a3945c4cc987": 1143}
mapped_worker_load_spread_ms: 730
task_metrics_json: [{"id":"conflict25_20261007_p050_s2_split-p1","partition_id":1,"subpartition_id":null,"rows":8110,"mapped_ms":707,"mapped_finished_at_ms":1791364999561,"worker":"3afaa8eff30f"},{"id":"conflict25_20261007_p050_s2_split-p3","partition_id":3,"subpartition_id":null,"rows":4544,"mapped_ms":477,"mapped_finished_at_ms":1791364999333,"worker":"a3945c4cc987"},{"id":"conflict25_20261007_p050_s2_split-p0-s2","partition_id":0,"subpartition_id":2,"rows":4689,"mapped_ms":315,"mapped_finished_at_ms":1791364999912,"worker":"a3945c4cc987"},{"id":"conflict25_20261007_p050_s2_split-p0-s1","partition_id":0,"subpartition_id":1,"rows":4689,"mapped_ms":344,"mapped_finished_at_ms":1791364999939,"worker":"3afaa8eff30f"},{"id":"conflict25_20261007_p050_s2_split-p2","partition_id":2,"subpartition_id":null,"rows":4435,"mapped_ms":439,"mapped_finished_at_ms":1791364999294,"worker":"272f43c5105c"},{"id":"conflict25_20261007_p050_s2_split-p0-s0","partition_id":0,"subpartition_id":0,"rows":4690,"mapped_ms":413,"mapped_finished_at_ms":1791364999266,"worker":"224f1d05f426"},{"id":"conflict25_20261007_p050_s2_split-p0-s3","partition_id":0,"subpartition_id":3,"rows":4689,"mapped_ms":351,"mapped_finished_at_ms":1791365000277,"worker":"a3945c4cc987"}]
phase_compute_delta_s: 3.567
phase_partition_s: 0.191
phase_normalize_s: 0.179
phase_dispatch_s: 0.015
phase_wait_workers_s: 1.433
phase_merge_stale_apply_s: 4.595
conflict_dup_rows: 7169
total_retries: 2
lock_wait_ms_total: 0
lock_contention_total: 0
elapsed_seconds: 9.981
