tag: conflict25_20261007_p050_s3_split
k: 4
subpartition_threshold: 1.7
subpartition_factor: 4
task_count: 7
conflict_rate: 0.25
barrier_participants: 4
partition_rows: 35846
partition0_share_skew_s: 2.081125
partition_0_rows: 18650
partition_1_rows: 8126
partition_2_rows: 4483
partition_3_rows: 4587
mapped_ms_p0: 1257
mapped_finished_at_ms_p0: 1791365074635
mapped_worker_p0: 224f1d05f426,272f43c5105c,3afaa8eff30f
mapped_ms_p1: 570
mapped_finished_at_ms_p1: 1791365074012
mapped_worker_p1: 224f1d05f426
mapped_ms_p2: 519
mapped_finished_at_ms_p2: 1791365073959
mapped_worker_p2: a3945c4cc987
mapped_ms_p3: 332
mapped_finished_at_ms_p3: 1791365073772
mapped_worker_p3: 3afaa8eff30f
mapped_duration_spread_ms: 925
mapped_finish_spread_ms: 863
mapped_duration_spread_scope: parent_sum_of_task_durations
mapped_worker_load_ms: {"224f1d05f426": 888, "272f43c5105c": 364, "3afaa8eff30f": 907, "a3945c4cc987": 519}
mapped_worker_load_spread_ms: 543
task_metrics_json: [{"id":"conflict25_20261007_p050_s3_split-p1","partition_id":1,"subpartition_id":null,"rows":8126,"mapped_ms":570,"mapped_finished_at_ms":1791365074012,"worker":"224f1d05f426"},{"id":"conflict25_20261007_p050_s3_split-p3","partition_id":3,"subpartition_id":null,"rows":4587,"mapped_ms":332,"mapped_finished_at_ms":1791365073772,"worker":"3afaa8eff30f"},{"id":"conflict25_20261007_p050_s3_split-p0-s2","partition_id":0,"subpartition_id":2,"rows":4662,"mapped_ms":297,"mapped_finished_at_ms":1791365074342,"worker":"3afaa8eff30f"},{"id":"conflict25_20261007_p050_s3_split-p0-s1","partition_id":0,"subpartition_id":1,"rows":4663,"mapped_ms":318,"mapped_finished_at_ms":1791365074362,"worker":"224f1d05f426"},{"id":"conflict25_20261007_p050_s3_split-p0-s0","partition_id":0,"subpartition_id":0,"rows":4663,"mapped_ms":364,"mapped_finished_at_ms":1791365073802,"worker":"272f43c5105c"},{"id":"conflict25_20261007_p050_s3_split-p2","partition_id":2,"subpartition_id":null,"rows":4483,"mapped_ms":519,"mapped_finished_at_ms":1791365073959,"worker":"a3945c4cc987"},{"id":"conflict25_20261007_p050_s3_split-p0-s3","partition_id":0,"subpartition_id":3,"rows":4662,"mapped_ms":278,"mapped_finished_at_ms":1791365074635,"worker":"3afaa8eff30f"}]
phase_compute_delta_s: 3.758
phase_partition_s: 0.163
phase_normalize_s: 0.168
phase_dispatch_s: 0.011
phase_wait_workers_s: 1.207
phase_merge_stale_apply_s: 4.170
conflict_dup_rows: 7169
total_retries: 2
lock_wait_ms_total: 0
lock_contention_total: 0
elapsed_seconds: 9.476
