tag: conflict25_20261007_p025_s3_split
k: 4
subpartition_threshold: 1.7
subpartition_factor: 4
task_count: 4
conflict_rate: 0.25
barrier_participants: 4
partition_rows: 35846
partition0_share_skew_s: 1.544273
partition_0_rows: 13839
partition_1_rows: 8636
partition_2_rows: 6582
partition_3_rows: 6789
mapped_ms_p0: 1039
mapped_finished_at_ms_p0: 1791365165900
mapped_worker_p0: a3945c4cc987
mapped_ms_p1: 667
mapped_finished_at_ms_p1: 1791365165524
mapped_worker_p1: 272f43c5105c
mapped_ms_p2: 602
mapped_finished_at_ms_p2: 1791365165460
mapped_worker_p2: 3afaa8eff30f
mapped_ms_p3: 489
mapped_finished_at_ms_p3: 1791365165349
mapped_worker_p3: 224f1d05f426
mapped_duration_spread_ms: 550
mapped_finish_spread_ms: 551
mapped_duration_spread_scope: parent_sum_of_task_durations
mapped_worker_load_ms: {"224f1d05f426": 489, "272f43c5105c": 667, "3afaa8eff30f": 602, "a3945c4cc987": 1039}
mapped_worker_load_spread_ms: 550
task_metrics_json: [{"id":"conflict25_20261007_p025_s3_split-p3","partition_id":3,"subpartition_id":null,"rows":6789,"mapped_ms":489,"mapped_finished_at_ms":1791365165349,"worker":"224f1d05f426"},{"id":"conflict25_20261007_p025_s3_split-p1","partition_id":1,"subpartition_id":null,"rows":8636,"mapped_ms":667,"mapped_finished_at_ms":1791365165524,"worker":"272f43c5105c"},{"id":"conflict25_20261007_p025_s3_split-p0","partition_id":0,"subpartition_id":null,"rows":13839,"mapped_ms":1039,"mapped_finished_at_ms":1791365165900,"worker":"a3945c4cc987"},{"id":"conflict25_20261007_p025_s3_split-p2","partition_id":2,"subpartition_id":null,"rows":6582,"mapped_ms":602,"mapped_finished_at_ms":1791365165460,"worker":"3afaa8eff30f"}]
phase_compute_delta_s: 3.619
phase_partition_s: 0.166
phase_normalize_s: 0.094
phase_dispatch_s: 0.009
phase_wait_workers_s: 1.577
phase_merge_stale_apply_s: 4.392
conflict_dup_rows: 7169
total_retries: 2
lock_wait_ms_total: 0
lock_contention_total: 0
elapsed_seconds: 9.856
