tag: conflict25_20261007_p025_s5_split
k: 4
subpartition_threshold: 1.7
subpartition_factor: 4
task_count: 4
conflict_rate: 0.25
barrier_participants: 4
partition_rows: 35846
partition0_share_skew_s: 1.552642
partition_0_rows: 13914
partition_1_rows: 8582
partition_2_rows: 6660
partition_3_rows: 6690
mapped_ms_p0: 992
mapped_finished_at_ms_p0: 1791365331930
mapped_worker_p0: 3afaa8eff30f
mapped_ms_p1: 636
mapped_finished_at_ms_p1: 1791365331570
mapped_worker_p1: a3945c4cc987
mapped_ms_p2: 504
mapped_finished_at_ms_p2: 1791365331436
mapped_worker_p2: 224f1d05f426
mapped_ms_p3: 521
mapped_finished_at_ms_p3: 1791365331457
mapped_worker_p3: 272f43c5105c
mapped_duration_spread_ms: 488
mapped_finish_spread_ms: 494
mapped_duration_spread_scope: parent_sum_of_task_durations
mapped_worker_load_ms: {"224f1d05f426": 504, "272f43c5105c": 521, "3afaa8eff30f": 992, "a3945c4cc987": 636}
mapped_worker_load_spread_ms: 488
task_metrics_json: [{"id":"conflict25_20261007_p025_s5_split-p0","partition_id":0,"subpartition_id":null,"rows":13914,"mapped_ms":992,"mapped_finished_at_ms":1791365331930,"worker":"3afaa8eff30f"},{"id":"conflict25_20261007_p025_s5_split-p2","partition_id":2,"subpartition_id":null,"rows":6660,"mapped_ms":504,"mapped_finished_at_ms":1791365331436,"worker":"224f1d05f426"},{"id":"conflict25_20261007_p025_s5_split-p1","partition_id":1,"subpartition_id":null,"rows":8582,"mapped_ms":636,"mapped_finished_at_ms":1791365331570,"worker":"a3945c4cc987"},{"id":"conflict25_20261007_p025_s5_split-p3","partition_id":3,"subpartition_id":null,"rows":6690,"mapped_ms":521,"mapped_finished_at_ms":1791365331457,"worker":"272f43c5105c"}]
phase_compute_delta_s: 3.956
phase_partition_s: 0.177
phase_normalize_s: 0.098
phase_dispatch_s: 0.008
phase_wait_workers_s: 1.659
phase_merge_stale_apply_s: 4.462
conflict_dup_rows: 7169
total_retries: 2
lock_wait_ms_total: 0
lock_contention_total: 0
elapsed_seconds: 10.359
