tag: conflict25_20261007_p025_s2_split
k: 4
subpartition_threshold: 1.7
subpartition_factor: 4
task_count: 4
conflict_rate: 0.25
barrier_participants: 4
partition_rows: 35846
partition0_share_skew_s: 1.550745
partition_0_rows: 13897
partition_1_rows: 8707
partition_2_rows: 6535
partition_3_rows: 6707
mapped_ms_p0: 1019
mapped_finished_at_ms_p0: 1791364968391
mapped_worker_p0: 3afaa8eff30f
mapped_ms_p1: 776
mapped_finished_at_ms_p1: 1791364968145
mapped_worker_p1: 224f1d05f426
mapped_ms_p2: 545
mapped_finished_at_ms_p2: 1791364967913
mapped_worker_p2: 272f43c5105c
mapped_ms_p3: 527
mapped_finished_at_ms_p3: 1791364967896
mapped_worker_p3: a3945c4cc987
mapped_duration_spread_ms: 492
mapped_finish_spread_ms: 495
mapped_duration_spread_scope: parent_sum_of_task_durations
mapped_worker_load_ms: {"224f1d05f426": 776, "272f43c5105c": 545, "3afaa8eff30f": 1019, "a3945c4cc987": 527}
mapped_worker_load_spread_ms: 492
task_metrics_json: [{"id":"conflict25_20261007_p025_s2_split-p0","partition_id":0,"subpartition_id":null,"rows":13897,"mapped_ms":1019,"mapped_finished_at_ms":1791364968391,"worker":"3afaa8eff30f"},{"id":"conflict25_20261007_p025_s2_split-p2","partition_id":2,"subpartition_id":null,"rows":6535,"mapped_ms":545,"mapped_finished_at_ms":1791364967913,"worker":"272f43c5105c"},{"id":"conflict25_20261007_p025_s2_split-p3","partition_id":3,"subpartition_id":null,"rows":6707,"mapped_ms":527,"mapped_finished_at_ms":1791364967896,"worker":"a3945c4cc987"},{"id":"conflict25_20261007_p025_s2_split-p1","partition_id":1,"subpartition_id":null,"rows":8707,"mapped_ms":776,"mapped_finished_at_ms":1791364968145,"worker":"224f1d05f426"}]
phase_compute_delta_s: 3.770
phase_partition_s: 0.171
phase_normalize_s: 0.094
phase_dispatch_s: 0.009
phase_wait_workers_s: 1.668
phase_merge_stale_apply_s: 5.157
conflict_dup_rows: 7169
total_retries: 2
lock_wait_ms_total: 0
lock_contention_total: 0
elapsed_seconds: 10.870
