tag: conflict25_20261007_p050_s1_unsplit
k: 4
subpartition_threshold: off
subpartition_factor: 4
task_count: 4
conflict_rate: 0.25
barrier_participants: 4
partition_rows: 35846
partition0_share_skew_s: 2.089382
partition_0_rows: 18724
partition_1_rows: 8172
partition_2_rows: 4361
partition_3_rows: 4589
mapped_ms_p0: 1569
mapped_finished_at_ms_p0: 1791364915263
mapped_worker_p0: 3afaa8eff30f
mapped_ms_p1: 640
mapped_finished_at_ms_p1: 1791364914328
mapped_worker_p1: 272f43c5105c
mapped_ms_p2: 462
mapped_finished_at_ms_p2: 1791364914152
mapped_worker_p2: 224f1d05f426
mapped_ms_p3: 598
mapped_finished_at_ms_p3: 1791364914288
mapped_worker_p3: a3945c4cc987
mapped_duration_spread_ms: 1107
mapped_finish_spread_ms: 1111
mapped_duration_spread_scope: parent_sum_of_task_durations
mapped_worker_load_ms: {"224f1d05f426": 462, "272f43c5105c": 640, "3afaa8eff30f": 1569, "a3945c4cc987": 598}
mapped_worker_load_spread_ms: 1107
task_metrics_json: [{"id":"conflict25_20261007_p050_s1_unsplit-p2","partition_id":2,"subpartition_id":null,"rows":4361,"mapped_ms":462,"mapped_finished_at_ms":1791364914152,"worker":"224f1d05f426"},{"id":"conflict25_20261007_p050_s1_unsplit-p0","partition_id":0,"subpartition_id":null,"rows":18724,"mapped_ms":1569,"mapped_finished_at_ms":1791364915263,"worker":"3afaa8eff30f"},{"id":"conflict25_20261007_p050_s1_unsplit-p1","partition_id":1,"subpartition_id":null,"rows":8172,"mapped_ms":640,"mapped_finished_at_ms":1791364914328,"worker":"272f43c5105c"},{"id":"conflict25_20261007_p050_s1_unsplit-p3","partition_id":3,"subpartition_id":null,"rows":4589,"mapped_ms":598,"mapped_finished_at_ms":1791364914288,"worker":"a3945c4cc987"}]
phase_compute_delta_s: 3.655
phase_partition_s: 0.178
phase_normalize_s: 0.111
phase_dispatch_s: 0.011
phase_wait_workers_s: 2.168
phase_merge_stale_apply_s: 4.200
conflict_dup_rows: 7169
total_retries: 2
lock_wait_ms_total: 0
lock_contention_total: 0
elapsed_seconds: 10.322
