tag: conflict25_20261007_p050_s1_split
k: 4
subpartition_threshold: 1.7
subpartition_factor: 4
task_count: 7
conflict_rate: 0.25
barrier_participants: 4
partition_rows: 35846
partition0_share_skew_s: 2.089382
partition_0_rows: 18724
partition_1_rows: 8172
partition_2_rows: 4361
partition_3_rows: 4589
mapped_ms_p0: 2587
mapped_finished_at_ms_p0: 1791364904571
mapped_worker_p0: 224f1d05f426,272f43c5105c,3afaa8eff30f
mapped_ms_p1: 818
mapped_finished_at_ms_p1: 1791364903701
mapped_worker_p1: 224f1d05f426
mapped_ms_p2: 540
mapped_finished_at_ms_p2: 1791364903421
mapped_worker_p2: a3945c4cc987
mapped_ms_p3: 465
mapped_finished_at_ms_p3: 1791364903346
mapped_worker_p3: 3afaa8eff30f
mapped_duration_spread_ms: 2122
mapped_finish_spread_ms: 1225
mapped_duration_spread_scope: parent_sum_of_task_durations
mapped_worker_load_ms: {"224f1d05f426": 1371, "272f43c5105c": 1213, "3afaa8eff30f": 1286, "a3945c4cc987": 540}
mapped_worker_load_spread_ms: 831
task_metrics_json: [{"id":"conflict25_20261007_p050_s1_split-p3","partition_id":3,"subpartition_id":null,"rows":4589,"mapped_ms":465,"mapped_finished_at_ms":1791364903346,"worker":"3afaa8eff30f"},{"id":"conflict25_20261007_p050_s1_split-p0-s0","partition_id":0,"subpartition_id":0,"rows":4681,"mapped_ms":632,"mapped_finished_at_ms":1791364903510,"worker":"272f43c5105c"},{"id":"conflict25_20261007_p050_s1_split-p1","partition_id":1,"subpartition_id":null,"rows":8172,"mapped_ms":818,"mapped_finished_at_ms":1791364903701,"worker":"224f1d05f426"},{"id":"conflict25_20261007_p050_s1_split-p2","partition_id":2,"subpartition_id":null,"rows":4361,"mapped_ms":540,"mapped_finished_at_ms":1791364903421,"worker":"a3945c4cc987"},{"id":"conflict25_20261007_p050_s1_split-p0-s2","partition_id":0,"subpartition_id":2,"rows":4681,"mapped_ms":581,"mapped_finished_at_ms":1791364904332,"worker":"272f43c5105c"},{"id":"conflict25_20261007_p050_s1_split-p0-s1","partition_id":0,"subpartition_id":1,"rows":4681,"mapped_ms":821,"mapped_finished_at_ms":1791364904571,"worker":"3afaa8eff30f"},{"id":"conflict25_20261007_p050_s1_split-p0-s3","partition_id":0,"subpartition_id":3,"rows":4681,"mapped_ms":553,"mapped_finished_at_ms":1791364904527,"worker":"224f1d05f426"}]
phase_compute_delta_s: 3.757
phase_partition_s: 0.169
phase_normalize_s: 0.165
phase_dispatch_s: 0.014
phase_wait_workers_s: 2.247
phase_merge_stale_apply_s: 4.556
conflict_dup_rows: 7169
total_retries: 5
lock_wait_ms_total: 0
lock_contention_total: 0
elapsed_seconds: 10.909
