tag: conflict25_20261007_p000_s1_unsplit
k: 4
subpartition_threshold: off
subpartition_factor: 4
task_count: 4
conflict_rate: 0.25
barrier_participants: 4
partition_rows: 35846
partition0_share_skew_s: 1.023601
partition_0_rows: 9173
partition_1_rows: 9081
partition_2_rows: 8682
partition_3_rows: 8910
mapped_ms_p0: 1151
mapped_finished_at_ms_p0: 1791364872632
mapped_worker_p0: 224f1d05f426
mapped_ms_p1: 1141
mapped_finished_at_ms_p1: 1791364872623
mapped_worker_p1: 3afaa8eff30f
mapped_ms_p2: 1019
mapped_finished_at_ms_p2: 1791364872504
mapped_worker_p2: 272f43c5105c
mapped_ms_p3: 1199
mapped_finished_at_ms_p3: 1791364872684
mapped_worker_p3: a3945c4cc987
mapped_duration_spread_ms: 180
mapped_finish_spread_ms: 180
mapped_duration_spread_scope: parent_sum_of_task_durations
mapped_worker_load_ms: {"224f1d05f426": 1151, "272f43c5105c": 1019, "3afaa8eff30f": 1141, "a3945c4cc987": 1199}
mapped_worker_load_spread_ms: 180
task_metrics_json: [{"id":"conflict25_20261007_p000_s1_unsplit-p3","partition_id":3,"subpartition_id":null,"rows":8910,"mapped_ms":1199,"mapped_finished_at_ms":1791364872684,"worker":"a3945c4cc987"},{"id":"conflict25_20261007_p000_s1_unsplit-p1","partition_id":1,"subpartition_id":null,"rows":9081,"mapped_ms":1141,"mapped_finished_at_ms":1791364872623,"worker":"3afaa8eff30f"},{"id":"conflict25_20261007_p000_s1_unsplit-p2","partition_id":2,"subpartition_id":null,"rows":8682,"mapped_ms":1019,"mapped_finished_at_ms":1791364872504,"worker":"272f43c5105c"},{"id":"conflict25_20261007_p000_s1_unsplit-p0","partition_id":0,"subpartition_id":null,"rows":9173,"mapped_ms":1151,"mapped_finished_at_ms":1791364872632,"worker":"224f1d05f426"}]
phase_compute_delta_s: 3.632
phase_partition_s: 0.162
phase_normalize_s: 0.101
phase_dispatch_s: 0.010
phase_wait_workers_s: 1.642
phase_merge_stale_apply_s: 4.380
conflict_dup_rows: 7169
total_retries: 2
lock_wait_ms_total: 0
lock_contention_total: 0
elapsed_seconds: 9.926
