tag: conflict25_20261007_p075_s4_split
k: 4
subpartition_threshold: 1.7
subpartition_factor: 4
task_count: 7
conflict_rate: 0.25
barrier_participants: 4
partition_rows: 35846
partition0_share_skew_s: 2.629359
partition_0_rows: 23563
partition_1_rows: 7641
partition_2_rows: 2278
partition_3_rows: 2364
mapped_ms_p0: 1536
mapped_finished_at_ms_p0: 1791365176141
mapped_worker_p0: 3afaa8eff30f,a3945c4cc987
mapped_ms_p1: 603
mapped_finished_at_ms_p1: 1791365175404
mapped_worker_p1: 224f1d05f426
mapped_ms_p2: 188
mapped_finished_at_ms_p2: 1791365174988
mapped_worker_p2: 3afaa8eff30f
mapped_ms_p3: 170
mapped_finished_at_ms_p3: 1791365174970
mapped_worker_p3: 272f43c5105c
mapped_duration_spread_ms: 1366
mapped_finish_spread_ms: 1171
mapped_duration_spread_scope: parent_sum_of_task_durations
mapped_worker_load_ms: {"224f1d05f426": 603, "272f43c5105c": 170, "3afaa8eff30f": 629, "a3945c4cc987": 1095}
mapped_worker_load_spread_ms: 925
task_metrics_json: [{"id":"conflict25_20261007_p075_s4_split-p2","partition_id":2,"subpartition_id":null,"rows":2278,"mapped_ms":188,"mapped_finished_at_ms":1791365174988,"worker":"3afaa8eff30f"},{"id":"conflict25_20261007_p075_s4_split-p0-s0","partition_id":0,"subpartition_id":0,"rows":5891,"mapped_ms":403,"mapped_finished_at_ms":1791365175202,"worker":"a3945c4cc987"},{"id":"conflict25_20261007_p075_s4_split-p0-s2","partition_id":0,"subpartition_id":2,"rows":5891,"mapped_ms":346,"mapped_finished_at_ms":1791365175778,"worker":"a3945c4cc987"},{"id":"conflict25_20261007_p075_s4_split-p0-s1","partition_id":0,"subpartition_id":1,"rows":5891,"mapped_ms":441,"mapped_finished_at_ms":1791365175870,"worker":"3afaa8eff30f"},{"id":"conflict25_20261007_p075_s4_split-p3","partition_id":3,"subpartition_id":null,"rows":2364,"mapped_ms":170,"mapped_finished_at_ms":1791365174970,"worker":"272f43c5105c"},{"id":"conflict25_20261007_p075_s4_split-p1","partition_id":1,"subpartition_id":null,"rows":7641,"mapped_ms":603,"mapped_finished_at_ms":1791365175404,"worker":"224f1d05f426"},{"id":"conflict25_20261007_p075_s4_split-p0-s3","partition_id":0,"subpartition_id":3,"rows":5890,"mapped_ms":346,"mapped_finished_at_ms":1791365176141,"worker":"a3945c4cc987"}]
phase_compute_delta_s: 3.523
phase_partition_s: 0.170
phase_normalize_s: 0.167
phase_dispatch_s: 0.013
phase_wait_workers_s: 1.652
phase_merge_stale_apply_s: 4.346
conflict_dup_rows: 7169
total_retries: 3
lock_wait_ms_total: 0
lock_contention_total: 0
elapsed_seconds: 9.870
