tag: conflict25_20261007_p100_s2_unsplit
k: 4
subpartition_threshold: off
subpartition_factor: 4
task_count: 4
conflict_rate: 0.25
barrier_participants: 2
partition_rows: 35846
partition0_share_skew_s: 3.200022
partition_0_rows: 28677
partition_1_rows: 7169
partition_2_rows: 0
partition_3_rows: 0
mapped_ms_p0: 2171
mapped_finished_at_ms_p0: 1791365032631
mapped_worker_p0: 3afaa8eff30f
mapped_ms_p1: 657
mapped_finished_at_ms_p1: 1791365031111
mapped_worker_p1: a3945c4cc987
mapped_ms_p2: 0
mapped_finished_at_ms_p2: 1791365030451
mapped_worker_p2: 224f1d05f426
mapped_ms_p3: 0
mapped_finished_at_ms_p3: 1791365030452
mapped_worker_p3: 272f43c5105c
mapped_duration_spread_ms: 2171
mapped_finish_spread_ms: 2180
mapped_duration_spread_scope: parent_sum_of_task_durations
mapped_worker_load_ms: {"224f1d05f426": 0, "272f43c5105c": 0, "3afaa8eff30f": 2171, "a3945c4cc987": 657}
mapped_worker_load_spread_ms: 2171
task_metrics_json: [{"id":"conflict25_20261007_p100_s2_unsplit-p2","partition_id":2,"subpartition_id":null,"rows":0,"mapped_ms":0,"mapped_finished_at_ms":1791365030451,"worker":"224f1d05f426"},{"id":"conflict25_20261007_p100_s2_unsplit-p3","partition_id":3,"subpartition_id":null,"rows":0,"mapped_ms":0,"mapped_finished_at_ms":1791365030452,"worker":"272f43c5105c"},{"id":"conflict25_20261007_p100_s2_unsplit-p1","partition_id":1,"subpartition_id":null,"rows":7169,"mapped_ms":657,"mapped_finished_at_ms":1791365031111,"worker":"a3945c4cc987"},{"id":"conflict25_20261007_p100_s2_unsplit-p0","partition_id":0,"subpartition_id":null,"rows":28677,"mapped_ms":2171,"mapped_finished_at_ms":1791365032631,"worker":"3afaa8eff30f"}]
phase_compute_delta_s: 3.896
phase_partition_s: 0.203
phase_normalize_s: 0.130
phase_dispatch_s: 0.010
phase_wait_workers_s: 2.856
phase_merge_stale_apply_s: 4.487
conflict_dup_rows: 7169
total_retries: 1
lock_wait_ms_total: 0
lock_contention_total: 0
elapsed_seconds: 11.582
