tag: conflict25_20261007_p075_s2_unsplit
k: 4
subpartition_threshold: off
subpartition_factor: 4
task_count: 4
conflict_rate: 0.25
barrier_participants: 4
partition_rows: 35846
partition0_share_skew_s: 2.640629
partition_0_rows: 23664
partition_1_rows: 7654
partition_2_rows: 2238
partition_3_rows: 2290
mapped_ms_p0: 1635
mapped_finished_at_ms_p0: 1791365021098
mapped_worker_p0: 272f43c5105c
mapped_ms_p1: 689
mapped_finished_at_ms_p1: 1791365020148
mapped_worker_p1: 224f1d05f426
mapped_ms_p2: 193
mapped_finished_at_ms_p2: 1791365019649
mapped_worker_p2: a3945c4cc987
mapped_ms_p3: 211
mapped_finished_at_ms_p3: 1791365019669
mapped_worker_p3: 3afaa8eff30f
mapped_duration_spread_ms: 1442
mapped_finish_spread_ms: 1449
mapped_duration_spread_scope: parent_sum_of_task_durations
mapped_worker_load_ms: {"224f1d05f426": 689, "272f43c5105c": 1635, "3afaa8eff30f": 211, "a3945c4cc987": 193}
mapped_worker_load_spread_ms: 1442
task_metrics_json: [{"id":"conflict25_20261007_p075_s2_unsplit-p2","partition_id":2,"subpartition_id":null,"rows":2238,"mapped_ms":193,"mapped_finished_at_ms":1791365019649,"worker":"a3945c4cc987"},{"id":"conflict25_20261007_p075_s2_unsplit-p0","partition_id":0,"subpartition_id":null,"rows":23664,"mapped_ms":1635,"mapped_finished_at_ms":1791365021098,"worker":"272f43c5105c"},{"id":"conflict25_20261007_p075_s2_unsplit-p3","partition_id":3,"subpartition_id":null,"rows":2290,"mapped_ms":211,"mapped_finished_at_ms":1791365019669,"worker":"3afaa8eff30f"},{"id":"conflict25_20261007_p075_s2_unsplit-p1","partition_id":1,"subpartition_id":null,"rows":7654,"mapped_ms":689,"mapped_finished_at_ms":1791365020148,"worker":"224f1d05f426"}]
phase_compute_delta_s: 3.816
phase_partition_s: 0.158
phase_normalize_s: 0.097
phase_dispatch_s: 0.010
phase_wait_workers_s: 1.940
phase_merge_stale_apply_s: 4.701
conflict_dup_rows: 7169
total_retries: 2
lock_wait_ms_total: 0
lock_contention_total: 0
elapsed_seconds: 10.721
