tag: conflict25_20261007_p000_s1_split
k: 4
subpartition_threshold: 1.7
subpartition_factor: 4
task_count: 4
conflict_rate: 0.25
barrier_participants: 4
partition_rows: 35846
partition0_share_skew_s: 1.023601
partition_0_rows: 9173
partition_1_rows: 9081
partition_2_rows: 8682
partition_3_rows: 8910
mapped_ms_p0: 1441
mapped_finished_at_ms_p0: 1791364862443
mapped_worker_p0: a3945c4cc987
mapped_ms_p1: 1185
mapped_finished_at_ms_p1: 1791364862185
mapped_worker_p1: 224f1d05f426
mapped_ms_p2: 1455
mapped_finished_at_ms_p2: 1791364862459
mapped_worker_p2: 3afaa8eff30f
mapped_ms_p3: 992
mapped_finished_at_ms_p3: 1791364861995
mapped_worker_p3: 272f43c5105c
mapped_duration_spread_ms: 463
mapped_finish_spread_ms: 464
mapped_duration_spread_scope: parent_sum_of_task_durations
mapped_worker_load_ms: {"224f1d05f426": 1185, "272f43c5105c": 992, "3afaa8eff30f": 1455, "a3945c4cc987": 1441}
mapped_worker_load_spread_ms: 463
task_metrics_json: [{"id":"conflict25_20261007_p000_s1_split-p2","partition_id":2,"subpartition_id":null,"rows":8682,"mapped_ms":1455,"mapped_finished_at_ms":1791364862459,"worker":"3afaa8eff30f"},{"id":"conflict25_20261007_p000_s1_split-p0","partition_id":0,"subpartition_id":null,"rows":9173,"mapped_ms":1441,"mapped_finished_at_ms":1791364862443,"worker":"a3945c4cc987"},{"id":"conflict25_20261007_p000_s1_split-p1","partition_id":1,"subpartition_id":null,"rows":9081,"mapped_ms":1185,"mapped_finished_at_ms":1791364862185,"worker":"224f1d05f426"},{"id":"conflict25_20261007_p000_s1_split-p3","partition_id":3,"subpartition_id":null,"rows":8910,"mapped_ms":992,"mapped_finished_at_ms":1791364861995,"worker":"272f43c5105c"}]
phase_compute_delta_s: 3.571
phase_partition_s: 0.174
phase_normalize_s: 0.095
phase_dispatch_s: 0.009
phase_wait_workers_s: 2.065
phase_merge_stale_apply_s: 4.466
conflict_dup_rows: 7169
total_retries: 2
lock_wait_ms_total: 0
lock_contention_total: 0
elapsed_seconds: 10.380
