tag: conflict25_20261007_p100_s1_split
k: 4
subpartition_threshold: 1.7
subpartition_factor: 4
task_count: 7
conflict_rate: 0.25
barrier_participants: 4
partition_rows: 35846
partition0_share_skew_s: 3.200022
partition_0_rows: 28677
partition_1_rows: 7169
partition_2_rows: 0
partition_3_rows: 0
mapped_ms_p0: 2161
mapped_finished_at_ms_p0: 1791364947537
mapped_worker_p0: 224f1d05f426,272f43c5105c,3afaa8eff30f,a3945c4cc987
mapped_ms_p1: 640
mapped_finished_at_ms_p1: 1791364947036
mapped_worker_p1: 3afaa8eff30f
mapped_ms_p2: 0
mapped_finished_at_ms_p2: 1791364946392
mapped_worker_p2: 224f1d05f426
mapped_ms_p3: 0
mapped_finished_at_ms_p3: 1791364946393
mapped_worker_p3: a3945c4cc987
mapped_duration_spread_ms: 2161
mapped_finish_spread_ms: 1145
mapped_duration_spread_scope: parent_sum_of_task_durations
mapped_worker_load_ms: {"224f1d05f426": 543, "272f43c5105c": 563, "3afaa8eff30f": 1112, "a3945c4cc987": 583}
mapped_worker_load_spread_ms: 569
task_metrics_json: [{"id":"conflict25_20261007_p100_s1_split-p3","partition_id":3,"subpartition_id":null,"rows":0,"mapped_ms":0,"mapped_finished_at_ms":1791364946393,"worker":"a3945c4cc987"},{"id":"conflict25_20261007_p100_s1_split-p2","partition_id":2,"subpartition_id":null,"rows":0,"mapped_ms":0,"mapped_finished_at_ms":1791364946392,"worker":"224f1d05f426"},{"id":"conflict25_20261007_p100_s1_split-p1","partition_id":1,"subpartition_id":null,"rows":7169,"mapped_ms":640,"mapped_finished_at_ms":1791364947036,"worker":"3afaa8eff30f"},{"id":"conflict25_20261007_p100_s1_split-p0-s0","partition_id":0,"subpartition_id":0,"rows":7170,"mapped_ms":563,"mapped_finished_at_ms":1791364946960,"worker":"272f43c5105c"},{"id":"conflict25_20261007_p100_s1_split-p0-s2","partition_id":0,"subpartition_id":2,"rows":7169,"mapped_ms":583,"mapped_finished_at_ms":1791364946982,"worker":"a3945c4cc987"},{"id":"conflict25_20261007_p100_s1_split-p0-s1","partition_id":0,"subpartition_id":1,"rows":7169,"mapped_ms":543,"mapped_finished_at_ms":1791364946941,"worker":"224f1d05f426"},{"id":"conflict25_20261007_p100_s1_split-p0-s3","partition_id":0,"subpartition_id":3,"rows":7169,"mapped_ms":472,"mapped_finished_at_ms":1791364947537,"worker":"3afaa8eff30f"}]
phase_compute_delta_s: 3.746
phase_partition_s: 0.167
phase_normalize_s: 0.170
phase_dispatch_s: 0.012
phase_wait_workers_s: 1.159
phase_merge_stale_apply_s: 4.455
conflict_dup_rows: 7169
total_retries: 3
lock_wait_ms_total: 0
lock_contention_total: 0
elapsed_seconds: 9.708
