tag: conflict25_20261007_p100_s5_unsplit
k: 4
subpartition_threshold: off
subpartition_factor: 4
task_count: 4
conflict_rate: 0.25
barrier_participants: 2
partition_rows: 35846
partition0_share_skew_s: 3.200022
partition_0_rows: 28677
partition_1_rows: 7169
partition_2_rows: 0
partition_3_rows: 0
mapped_ms_p0: 2031
mapped_finished_at_ms_p0: 1791365290587
mapped_worker_p0: a3945c4cc987
mapped_ms_p1: 501
mapped_finished_at_ms_p1: 1791365289051
mapped_worker_p1: 224f1d05f426
mapped_ms_p2: 0
mapped_finished_at_ms_p2: 1791365288547
mapped_worker_p2: 3afaa8eff30f
mapped_ms_p3: 0
mapped_finished_at_ms_p3: 1791365288548
mapped_worker_p3: 272f43c5105c
mapped_duration_spread_ms: 2031
mapped_finish_spread_ms: 2040
mapped_duration_spread_scope: parent_sum_of_task_durations
mapped_worker_load_ms: {"224f1d05f426": 501, "272f43c5105c": 0, "3afaa8eff30f": 0, "a3945c4cc987": 2031}
mapped_worker_load_spread_ms: 2031
task_metrics_json: [{"id":"conflict25_20261007_p100_s5_unsplit-p2","partition_id":2,"subpartition_id":null,"rows":0,"mapped_ms":0,"mapped_finished_at_ms":1791365288547,"worker":"3afaa8eff30f"},{"id":"conflict25_20261007_p100_s5_unsplit-p3","partition_id":3,"subpartition_id":null,"rows":0,"mapped_ms":0,"mapped_finished_at_ms":1791365288548,"worker":"272f43c5105c"},{"id":"conflict25_20261007_p100_s5_unsplit-p1","partition_id":1,"subpartition_id":null,"rows":7169,"mapped_ms":501,"mapped_finished_at_ms":1791365289051,"worker":"224f1d05f426"},{"id":"conflict25_20261007_p100_s5_unsplit-p0","partition_id":0,"subpartition_id":null,"rows":28677,"mapped_ms":2031,"mapped_finished_at_ms":1791365290587,"worker":"a3945c4cc987"}]
phase_compute_delta_s: 3.752
phase_partition_s: 0.162
phase_normalize_s: 0.118
phase_dispatch_s: 0.013
phase_wait_workers_s: 2.684
phase_merge_stale_apply_s: 4.149
conflict_dup_rows: 7169
total_retries: 1
lock_wait_ms_total: 0
lock_contention_total: 0
elapsed_seconds: 10.878
