tag: conflict25_20261007_p025_s3_unsplit
k: 4
subpartition_threshold: off
subpartition_factor: 4
task_count: 4
conflict_rate: 0.25
barrier_participants: 4
partition_rows: 35846
partition0_share_skew_s: 1.544273
partition_0_rows: 13839
partition_1_rows: 8636
partition_2_rows: 6582
partition_3_rows: 6789
mapped_ms_p0: 975
mapped_finished_at_ms_p0: 1791365155806
mapped_worker_p0: 272f43c5105c
mapped_ms_p1: 621
mapped_finished_at_ms_p1: 1791365155449
mapped_worker_p1: a3945c4cc987
mapped_ms_p2: 479
mapped_finished_at_ms_p2: 1791365155306
mapped_worker_p2: 224f1d05f426
mapped_ms_p3: 526
mapped_finished_at_ms_p3: 1791365155356
mapped_worker_p3: 3afaa8eff30f
mapped_duration_spread_ms: 496
mapped_finish_spread_ms: 500
mapped_duration_spread_scope: parent_sum_of_task_durations
mapped_worker_load_ms: {"224f1d05f426": 479, "272f43c5105c": 975, "3afaa8eff30f": 526, "a3945c4cc987": 621}
mapped_worker_load_spread_ms: 496
task_metrics_json: [{"id":"conflict25_20261007_p025_s3_unsplit-p0","partition_id":0,"subpartition_id":null,"rows":13839,"mapped_ms":975,"mapped_finished_at_ms":1791365155806,"worker":"272f43c5105c"},{"id":"conflict25_20261007_p025_s3_unsplit-p2","partition_id":2,"subpartition_id":null,"rows":6582,"mapped_ms":479,"mapped_finished_at_ms":1791365155306,"worker":"224f1d05f426"},{"id":"conflict25_20261007_p025_s3_unsplit-p1","partition_id":1,"subpartition_id":null,"rows":8636,"mapped_ms":621,"mapped_finished_at_ms":1791365155449,"worker":"a3945c4cc987"},{"id":"conflict25_20261007_p025_s3_unsplit-p3","partition_id":3,"subpartition_id":null,"rows":6789,"mapped_ms":526,"mapped_finished_at_ms":1791365155356,"worker":"3afaa8eff30f"}]
phase_compute_delta_s: 3.516
phase_partition_s: 0.153
phase_normalize_s: 0.094
phase_dispatch_s: 0.010
phase_wait_workers_s: 1.663
phase_merge_stale_apply_s: 4.431
conflict_dup_rows: 7169
total_retries: 2
lock_wait_ms_total: 0
lock_contention_total: 0
elapsed_seconds: 9.867
