tag: conflict25_20261007_p050_s2_unsplit
k: 4
subpartition_threshold: off
subpartition_factor: 4
task_count: 4
conflict_rate: 0.25
barrier_participants: 4
partition_rows: 35846
partition0_share_skew_s: 2.093065
partition_0_rows: 18757
partition_1_rows: 8110
partition_2_rows: 4435
partition_3_rows: 4544
mapped_ms_p0: 1362
mapped_finished_at_ms_p0: 1791364989679
mapped_worker_p0: 272f43c5105c
mapped_ms_p1: 625
mapped_finished_at_ms_p1: 1791364988938
mapped_worker_p1: a3945c4cc987
mapped_ms_p2: 335
mapped_finished_at_ms_p2: 1791364988648
mapped_worker_p2: 224f1d05f426
mapped_ms_p3: 400
mapped_finished_at_ms_p3: 1791364988713
mapped_worker_p3: 3afaa8eff30f
mapped_duration_spread_ms: 1027
mapped_finish_spread_ms: 1031
mapped_duration_spread_scope: parent_sum_of_task_durations
mapped_worker_load_ms: {"224f1d05f426": 335, "272f43c5105c": 1362, "3afaa8eff30f": 400, "a3945c4cc987": 625}
mapped_worker_load_spread_ms: 1027
task_metrics_json: [{"id":"conflict25_20261007_p050_s2_unsplit-p3","partition_id":3,"subpartition_id":null,"rows":4544,"mapped_ms":400,"mapped_finished_at_ms":1791364988713,"worker":"3afaa8eff30f"},{"id":"conflict25_20261007_p050_s2_unsplit-p1","partition_id":1,"subpartition_id":null,"rows":8110,"mapped_ms":625,"mapped_finished_at_ms":1791364988938,"worker":"a3945c4cc987"},{"id":"conflict25_20261007_p050_s2_unsplit-p2","partition_id":2,"subpartition_id":null,"rows":4435,"mapped_ms":335,"mapped_finished_at_ms":1791364988648,"worker":"224f1d05f426"},{"id":"conflict25_20261007_p050_s2_unsplit-p0","partition_id":0,"subpartition_id":null,"rows":18757,"mapped_ms":1362,"mapped_finished_at_ms":1791364989679,"worker":"272f43c5105c"}]
phase_compute_delta_s: 3.756
phase_partition_s: 0.171
phase_normalize_s: 0.097
phase_dispatch_s: 0.008
phase_wait_workers_s: 1.999
phase_merge_stale_apply_s: 4.550
conflict_dup_rows: 7169
total_retries: 2
lock_wait_ms_total: 0
lock_contention_total: 0
elapsed_seconds: 10.580
