tag: conflict25_20261007_p050_s4_split
k: 4
subpartition_threshold: 1.7
subpartition_factor: 4
task_count: 7
conflict_rate: 0.25
barrier_participants: 4
partition_rows: 35846
partition0_share_skew_s: 2.089382
partition_0_rows: 18724
partition_1_rows: 8136
partition_2_rows: 4458
partition_3_rows: 4528
mapped_ms_p0: 1330
mapped_finished_at_ms_p0: 1791365269185
mapped_worker_p0: 224f1d05f426,272f43c5105c,3afaa8eff30f,a3945c4cc987
mapped_ms_p1: 624
mapped_finished_at_ms_p1: 1791365268630
mapped_worker_p1: 3afaa8eff30f
mapped_ms_p2: 347
mapped_finished_at_ms_p2: 1791365268353
mapped_worker_p2: 272f43c5105c
mapped_ms_p3: 354
mapped_finished_at_ms_p3: 1791365268361
mapped_worker_p3: a3945c4cc987
mapped_duration_spread_ms: 983
mapped_finish_spread_ms: 832
mapped_duration_spread_scope: parent_sum_of_task_durations
mapped_worker_load_ms: {"224f1d05f426": 374, "272f43c5105c": 636, "3afaa8eff30f": 960, "a3945c4cc987": 685}
mapped_worker_load_spread_ms: 586
task_metrics_json: [{"id":"conflict25_20261007_p050_s4_split-p1","partition_id":1,"subpartition_id":null,"rows":8136,"mapped_ms":624,"mapped_finished_at_ms":1791365268630,"worker":"3afaa8eff30f"},{"id":"conflict25_20261007_p050_s4_split-p3","partition_id":3,"subpartition_id":null,"rows":4528,"mapped_ms":354,"mapped_finished_at_ms":1791365268361,"worker":"a3945c4cc987"},{"id":"conflict25_20261007_p050_s4_split-p2","partition_id":2,"subpartition_id":null,"rows":4458,"mapped_ms":347,"mapped_finished_at_ms":1791365268353,"worker":"272f43c5105c"},{"id":"conflict25_20261007_p050_s4_split-p0-s0","partition_id":0,"subpartition_id":0,"rows":4681,"mapped_ms":374,"mapped_finished_at_ms":1791365268377,"worker":"224f1d05f426"},{"id":"conflict25_20261007_p050_s4_split-p0-s2","partition_id":0,"subpartition_id":2,"rows":4681,"mapped_ms":331,"mapped_finished_at_ms":1791365268996,"worker":"a3945c4cc987"},{"id":"conflict25_20261007_p050_s4_split-p0-s1","partition_id":0,"subpartition_id":1,"rows":4681,"mapped_ms":336,"mapped_finished_at_ms":1791365268997,"worker":"3afaa8eff30f"},{"id":"conflict25_20261007_p050_s4_split-p0-s3","partition_id":0,"subpartition_id":3,"rows":4681,"mapped_ms":289,"mapped_finished_at_ms":1791365269185,"worker":"272f43c5105c"}]
phase_compute_delta_s: 3.744
phase_partition_s: 0.168
phase_normalize_s: 0.165
phase_dispatch_s: 0.011
phase_wait_workers_s: 1.192
phase_merge_stale_apply_s: 4.326
conflict_dup_rows: 7169
total_retries: 2
lock_wait_ms_total: 0
lock_contention_total: 0
elapsed_seconds: 9.607
