tag: conflict25_20261007_p000_s2_unsplit
k: 4
subpartition_threshold: off
subpartition_factor: 4
task_count: 4
conflict_rate: 0.25
barrier_participants: 4
partition_rows: 35846
partition0_share_skew_s: 1.016459
partition_0_rows: 9109
partition_1_rows: 8951
partition_2_rows: 8750
partition_3_rows: 9036
mapped_ms_p0: 716
mapped_finished_at_ms_p0: 1791365052912
mapped_worker_p0: a3945c4cc987
mapped_ms_p1: 720
mapped_finished_at_ms_p1: 1791365052917
mapped_worker_p1: 224f1d05f426
mapped_ms_p2: 609
mapped_finished_at_ms_p2: 1791365052808
mapped_worker_p2: 272f43c5105c
mapped_ms_p3: 709
mapped_finished_at_ms_p3: 1791365052908
mapped_worker_p3: 3afaa8eff30f
mapped_duration_spread_ms: 111
mapped_finish_spread_ms: 109
mapped_duration_spread_scope: parent_sum_of_task_durations
mapped_worker_load_ms: {"224f1d05f426": 720, "272f43c5105c": 609, "3afaa8eff30f": 709, "a3945c4cc987": 716}
mapped_worker_load_spread_ms: 111
task_metrics_json: [{"id":"conflict25_20261007_p000_s2_unsplit-p1","partition_id":1,"subpartition_id":null,"rows":8951,"mapped_ms":720,"mapped_finished_at_ms":1791365052917,"worker":"224f1d05f426"},{"id":"conflict25_20261007_p000_s2_unsplit-p3","partition_id":3,"subpartition_id":null,"rows":9036,"mapped_ms":709,"mapped_finished_at_ms":1791365052908,"worker":"3afaa8eff30f"},{"id":"conflict25_20261007_p000_s2_unsplit-p2","partition_id":2,"subpartition_id":null,"rows":8750,"mapped_ms":609,"mapped_finished_at_ms":1791365052808,"worker":"272f43c5105c"},{"id":"conflict25_20261007_p000_s2_unsplit-p0","partition_id":0,"subpartition_id":null,"rows":9109,"mapped_ms":716,"mapped_finished_at_ms":1791365052912,"worker":"a3945c4cc987"}]
phase_compute_delta_s: 3.730
phase_partition_s: 0.158
phase_normalize_s: 0.094
phase_dispatch_s: 0.008
phase_wait_workers_s: 1.361
phase_merge_stale_apply_s: 5.159
conflict_dup_rows: 7169
total_retries: 2
lock_wait_ms_total: 0
lock_contention_total: 0
elapsed_seconds: 10.510
