tag: conflict25_20261007_p075_s5_split
k: 4
subpartition_threshold: 1.7
subpartition_factor: 4
task_count: 7
conflict_rate: 0.25
barrier_participants: 4
partition_rows: 35846
partition0_share_skew_s: 2.640406
partition_0_rows: 23662
partition_1_rows: 7656
partition_2_rows: 2232
partition_3_rows: 2296
mapped_ms_p0: 1761
mapped_finished_at_ms_p0: 1791365373740
mapped_worker_p0: 224f1d05f426,a3945c4cc987
mapped_ms_p1: 663
mapped_finished_at_ms_p1: 1791365372873
mapped_worker_p1: 3afaa8eff30f
mapped_ms_p2: 204
mapped_finished_at_ms_p2: 1791365372410
mapped_worker_p2: 272f43c5105c
mapped_ms_p3: 306
mapped_finished_at_ms_p3: 1791365372513
mapped_worker_p3: a3945c4cc987
mapped_duration_spread_ms: 1557
mapped_finish_spread_ms: 1330
mapped_duration_spread_scope: parent_sum_of_task_durations
mapped_worker_load_ms: {"224f1d05f426": 1289, "272f43c5105c": 204, "3afaa8eff30f": 663, "a3945c4cc987": 778}
mapped_worker_load_spread_ms: 1085
task_metrics_json: [{"id":"conflict25_20261007_p075_s5_split-p3","partition_id":3,"subpartition_id":null,"rows":2296,"mapped_ms":306,"mapped_finished_at_ms":1791365372513,"worker":"a3945c4cc987"},{"id":"conflict25_20261007_p075_s5_split-p0-s0","partition_id":0,"subpartition_id":0,"rows":5916,"mapped_ms":464,"mapped_finished_at_ms":1791365372671,"worker":"224f1d05f426"},{"id":"conflict25_20261007_p075_s5_split-p0-s2","partition_id":0,"subpartition_id":2,"rows":5915,"mapped_ms":431,"mapped_finished_at_ms":1791365373331,"worker":"224f1d05f426"},{"id":"conflict25_20261007_p075_s5_split-p2","partition_id":2,"subpartition_id":null,"rows":2232,"mapped_ms":204,"mapped_finished_at_ms":1791365372410,"worker":"272f43c5105c"},{"id":"conflict25_20261007_p075_s5_split-p0-s1","partition_id":0,"subpartition_id":1,"rows":5916,"mapped_ms":472,"mapped_finished_at_ms":1791365373370,"worker":"a3945c4cc987"},{"id":"conflict25_20261007_p075_s5_split-p1","partition_id":1,"subpartition_id":null,"rows":7656,"mapped_ms":663,"mapped_finished_at_ms":1791365372873,"worker":"3afaa8eff30f"},{"id":"conflict25_20261007_p075_s5_split-p0-s3","partition_id":0,"subpartition_id":3,"rows":5915,"mapped_ms":394,"mapped_finished_at_ms":1791365373740,"worker":"224f1d05f426"}]
phase_compute_delta_s: 4.036
phase_partition_s: 0.189
phase_normalize_s: 0.177
phase_dispatch_s: 0.014
phase_wait_workers_s: 1.823
phase_merge_stale_apply_s: 5.003
conflict_dup_rows: 7169
total_retries: 3
lock_wait_ms_total: 0
lock_contention_total: 0
elapsed_seconds: 11.242
