tag: conflict25_20261007_p075_s1_unsplit
k: 4
subpartition_threshold: off
subpartition_factor: 4
task_count: 4
conflict_rate: 0.25
barrier_participants: 4
partition_rows: 35846
partition0_share_skew_s: 2.641745
partition_0_rows: 23674
partition_1_rows: 7675
partition_2_rows: 2150
partition_3_rows: 2347
mapped_ms_p0: 1731
mapped_finished_at_ms_p0: 1791364925944
mapped_worker_p0: 272f43c5105c
mapped_ms_p1: 563
mapped_finished_at_ms_p1: 1791364924770
mapped_worker_p1: 224f1d05f426
mapped_ms_p2: 303
mapped_finished_at_ms_p2: 1791364924507
mapped_worker_p2: a3945c4cc987
mapped_ms_p3: 358
mapped_finished_at_ms_p3: 1791364924563
mapped_worker_p3: 3afaa8eff30f
mapped_duration_spread_ms: 1428
mapped_finish_spread_ms: 1437
mapped_duration_spread_scope: parent_sum_of_task_durations
mapped_worker_load_ms: {"224f1d05f426": 563, "272f43c5105c": 1731, "3afaa8eff30f": 358, "a3945c4cc987": 303}
mapped_worker_load_spread_ms: 1428
task_metrics_json: [{"id":"conflict25_20261007_p075_s1_unsplit-p3","partition_id":3,"subpartition_id":null,"rows":2347,"mapped_ms":358,"mapped_finished_at_ms":1791364924563,"worker":"3afaa8eff30f"},{"id":"conflict25_20261007_p075_s1_unsplit-p1","partition_id":1,"subpartition_id":null,"rows":7675,"mapped_ms":563,"mapped_finished_at_ms":1791364924770,"worker":"224f1d05f426"},{"id":"conflict25_20261007_p075_s1_unsplit-p2","partition_id":2,"subpartition_id":null,"rows":2150,"mapped_ms":303,"mapped_finished_at_ms":1791364924507,"worker":"a3945c4cc987"},{"id":"conflict25_20261007_p075_s1_unsplit-p0","partition_id":0,"subpartition_id":null,"rows":23674,"mapped_ms":1731,"mapped_finished_at_ms":1791364925944,"worker":"272f43c5105c"}]
phase_compute_delta_s: 3.773
phase_partition_s: 0.160
phase_normalize_s: 0.095
phase_dispatch_s: 0.011
phase_wait_workers_s: 2.339
phase_merge_stale_apply_s: 5.469
conflict_dup_rows: 7169
total_retries: 2
lock_wait_ms_total: 0
lock_contention_total: 0
elapsed_seconds: 11.847
