	Command being timed: "java -jar rmlmapper.jar -m results/mapping_seed5.ttl -o results/kg_seed5.nq -s nquads"
	User time (seconds): 2012.93
	System time (seconds): 16.81
	Percent of CPU this job got: 101%
	Elapsed (wall clock) time (h:mm:ss or m:ss): 33:19.07
	Average shared text size (kbytes): 0
	Average unshared data size (kbytes): 0
	Average stack size (kbytes): 0
	Average total size (kbytes): 0
	Maximum resident set size (kbytes): 1137144
	Average resident set size (kbytes): 0
	Major (requiring I/O) page faults: 0
	Minor (reclaiming a frame) page faults: 316566
	Voluntary context switches: 1171746
	Involuntary context switches: 4349
	Swaps: 0
	File system inputs: 0
	File system outputs: 130640
	Socket messages sent: 0
	Socket messages received: 0
	Signals delivered: 0
	Page size (bytes): 4096
	Exit status: 0
