tag: urbanos_scale_cohort_20261006_u25_s3
k: 4
partition_rows: 71693
partition0_share_skew_s: 1.020462
partition_0_rows: 18290
partition_1_rows: 18052
partition_2_rows: 17171
partition_3_rows: 18180
mapped_ms_p0: 1503
mapped_finished_at_ms_p0: 1791297401972
mapped_worker_p0: 42f17060e279
mapped_ms_p1: 1576
mapped_finished_at_ms_p1: 1791297402048
mapped_worker_p1: 51c8d4df0c7c
mapped_ms_p2: 1352
mapped_finished_at_ms_p2: 1791297401823
mapped_worker_p2: 2e9efd3cf9df
mapped_ms_p3: 1433
mapped_finished_at_ms_p3: 1791297401908
mapped_worker_p3: f1c975ca90f3
mapped_duration_spread_ms: 224
mapped_finish_spread_ms: 225
phase_compute_delta_s: 3.779
phase_partition_s: 0.314
phase_normalize_s: 0.093
phase_dispatch_s: 0.011
phase_wait_workers_s: 1.640
phase_merge_stale_apply_s: 5.518
conflict_dup_rows: 0
total_retries: 0
lock_wait_ms_total: 0
lock_contention_total: 0
elapsed_seconds: 11.355
