tag: skew_k4_p050_s4
k: 4
partition_rows: 28677
partition0_share_skew_s: 2.476549
partition_0_rows: 17755
partition_1_rows: 3687
partition_2_rows: 3573
partition_3_rows: 3662
mapped_ms_p0: 1365
mapped_finished_at_ms_p0: 1790850235916
mapped_worker_p0: 9c1ec0018286
mapped_ms_p1: 372
mapped_finished_at_ms_p1: 1790850234913
mapped_worker_p1: bc98fb43823e
mapped_ms_p2: 270
mapped_finished_at_ms_p2: 1790850234812
mapped_worker_p2: 413d45dd3d51
mapped_ms_p3: 414
mapped_finished_at_ms_p3: 1790850234958
mapped_worker_p3: aed9e652be9c
mapped_duration_spread_ms: 1095
mapped_finish_spread_ms: 1104
phase_compute_delta_s: 3.902
phase_partition_s: 0.127
phase_normalize_s: 0.101
phase_dispatch_s: 0.011
phase_wait_workers_s: 1.417
phase_merge_stale_apply_s: 4.652
conflict_dup_rows: 0
total_retries: 0
lock_wait_ms_total: 0
lock_contention_total: 0
elapsed_seconds: 10.210
