tag: skew_k4_p050_s3
k: 4
partition_rows: 28677
partition0_share_skew_s: 2.474457
partition_0_rows: 17740
partition_1_rows: 3684
partition_2_rows: 3548
partition_3_rows: 3705
mapped_ms_p0: 1266
mapped_finished_at_ms_p0: 1790850209331
mapped_worker_p0: aed9e652be9c
mapped_ms_p1: 368
mapped_finished_at_ms_p1: 1790850208428
mapped_worker_p1: 413d45dd3d51
mapped_ms_p2: 298
mapped_finished_at_ms_p2: 1790850208358
mapped_worker_p2: 9c1ec0018286
mapped_ms_p3: 347
mapped_finished_at_ms_p3: 1790850208408
mapped_worker_p3: bc98fb43823e
mapped_duration_spread_ms: 968
mapped_finish_spread_ms: 973
phase_compute_delta_s: 4.001
phase_partition_s: 0.127
phase_normalize_s: 0.103
phase_dispatch_s: 0.010
phase_wait_workers_s: 1.314
phase_merge_stale_apply_s: 4.877
conflict_dup_rows: 0
total_retries: 0
lock_wait_ms_total: 0
lock_contention_total: 0
elapsed_seconds: 10.432
