	Command being timed: "java -jar rmlmapper.jar -m results/mapping_seed1.ttl -o results/kg_seed1.nq -s nquads"
	User time (seconds): 1748.70
	System time (seconds): 16.08
	Percent of CPU this job got: 101%
	Elapsed (wall clock) time (h:mm:ss or m:ss): 28:58.30
	Average shared text size (kbytes): 0
	Average unshared data size (kbytes): 0
	Average stack size (kbytes): 0
	Average total size (kbytes): 0
	Maximum resident set size (kbytes): 1060840
	Average resident set size (kbytes): 0
	Major (requiring I/O) page faults: 14
	Minor (reclaiming a frame) page faults: 299686
	Voluntary context switches: 1187591
	Involuntary context switches: 4485
	Swaps: 0
	File system inputs: 80280
	File system outputs: 130352
	Socket messages sent: 0
	Socket messages received: 0
	Signals delivered: 0
	Page size (bytes): 4096
	Exit status: 0
