tag: skew_k4_p000_s3
k: 4
partition_rows: 28677
partition0_share_skew_s: 1.012519
partition_0_rows: 7259
partition_1_rows: 7247
partition_2_rows: 6914
partition_3_rows: 7257
mapped_ms_p0: 1284
mapped_finished_at_ms_p0: 1790849946777
mapped_worker_p0: bc98fb43823e
mapped_ms_p1: 1452
mapped_finished_at_ms_p1: 1790849946947
mapped_worker_p1: aed9e652be9c
mapped_ms_p2: 1229
mapped_finished_at_ms_p2: 1790849946724
mapped_worker_p2: 413d45dd3d51
mapped_ms_p3: 1117
mapped_finished_at_ms_p3: 1790849946611
mapped_worker_p3: 9c1ec0018286
mapped_duration_spread_ms: 335
mapped_finish_spread_ms: 336
phase_compute_delta_s: 4.026
phase_partition_s: 0.151
phase_normalize_s: 0.105
phase_dispatch_s: 0.011
phase_wait_workers_s: 1.482
phase_merge_stale_apply_s: 4.688
conflict_dup_rows: 0
total_retries: 0
lock_wait_ms_total: 0
lock_contention_total: 0
elapsed_seconds: 10.463
