tag: u10_recheck_s2
k: 4
partition_rows: 28677
partition0_share_skew_s: 1.015169
partition_0_rows: 7278
partition_1_rows: 7250
partition_2_rows: 6912
partition_3_rows: 7237
mapped_ms_p0: 1567
mapped_finished_at_ms_p0: 1790867039156
mapped_worker_p0: e3acc8c72bc4
mapped_ms_p1: 1684
mapped_finished_at_ms_p1: 1790867039273
mapped_worker_p1: 637756872d32
mapped_ms_p2: 1582
mapped_finished_at_ms_p2: 1790867039183
mapped_worker_p2: e7d4a23fb805
mapped_ms_p3: 1706
mapped_finished_at_ms_p3: 1790867039304
mapped_worker_p3: b4e38dc02a94
mapped_duration_spread_ms: 139
mapped_finish_spread_ms: 148
phase_compute_delta_s: 4.575
phase_partition_s: 0.144
phase_normalize_s: 0.110
phase_dispatch_s: 0.019
phase_wait_workers_s: 1.747
phase_merge_stale_apply_s: 5.195
conflict_dup_rows: 0
total_retries: 0
lock_wait_ms_total: 0
lock_contention_total: 0
elapsed_seconds: 11.789
