tag: skew_k4_p025_s2
k: 4
partition_rows: 28677
partition0_share_skew_s: 1.746766
partition_0_rows: 12523
partition_1_rows: 5582
partition_2_rows: 5110
partition_3_rows: 5462
mapped_ms_p0: 1017
mapped_finished_at_ms_p0: 1790850053186
mapped_worker_p0: aed9e652be9c
mapped_ms_p1: 711
mapped_finished_at_ms_p1: 1790850052875
mapped_worker_p1: 9c1ec0018286
mapped_ms_p2: 461
mapped_finished_at_ms_p2: 1790850052627
mapped_worker_p2: 413d45dd3d51
mapped_ms_p3: 472
mapped_finished_at_ms_p3: 1790850052639
mapped_worker_p3: bc98fb43823e
mapped_duration_spread_ms: 556
mapped_finish_spread_ms: 559
phase_compute_delta_s: 4.070
phase_partition_s: 0.132
phase_normalize_s: 0.106
phase_dispatch_s: 0.010
phase_wait_workers_s: 1.053
phase_merge_stale_apply_s: 4.770
conflict_dup_rows: 0
total_retries: 0
lock_wait_ms_total: 0
lock_contention_total: 0
elapsed_seconds: 10.143
