tag: skew_k4_p100_s4
k: 4
partition_rows: 28677
partition0_share_skew_s: 4.000000
partition_0_rows: 28677
partition_1_rows: 0
partition_2_rows: 0
partition_3_rows: 0
mapped_ms_p0: 1719
mapped_finished_at_ms_p0: 1790850485537
mapped_worker_p0: 9c1ec0018286
mapped_ms_p1: 0
mapped_finished_at_ms_p1: 1790850483809
mapped_worker_p1: bc98fb43823e
mapped_ms_p2: 0
mapped_finished_at_ms_p2: 1790850483809
mapped_worker_p2: aed9e652be9c
mapped_ms_p3: 0
mapped_finished_at_ms_p3: 1790850483810
mapped_worker_p3: 413d45dd3d51
mapped_duration_spread_ms: 1719
mapped_finish_spread_ms: 1728
phase_compute_delta_s: 3.536
phase_partition_s: 0.111
phase_normalize_s: 0.092
phase_dispatch_s: 0.009
phase_wait_workers_s: 1.785
phase_merge_stale_apply_s: 4.739
conflict_dup_rows: 0
total_retries: 0
lock_wait_ms_total: 0
lock_contention_total: 0
elapsed_seconds: 10.272
