tag: skew_k4_p000_s1
k: 4
partition_rows: 28677
partition0_share_skew_s: 1.020330
partition_0_rows: 7315
partition_1_rows: 7267
partition_2_rows: 6875
partition_3_rows: 7220
mapped_ms_p0: 4183
mapped_finished_at_ms_p0: 1790849892743
mapped_worker_p0: aed9e652be9c
mapped_ms_p1: 4192
mapped_finished_at_ms_p1: 1790849892750
mapped_worker_p1: bc98fb43823e
mapped_ms_p2: 4421
mapped_finished_at_ms_p2: 1790849892982
mapped_worker_p2: 9c1ec0018286
mapped_ms_p3: 4252
mapped_finished_at_ms_p3: 1790849892815
mapped_worker_p3: 413d45dd3d51
mapped_duration_spread_ms: 238
mapped_finish_spread_ms: 239
phase_compute_delta_s: 4.158
phase_partition_s: 0.138
phase_normalize_s: 0.099
phase_dispatch_s: 0.008
phase_wait_workers_s: 4.485
phase_merge_stale_apply_s: 5.170
conflict_dup_rows: 0
total_retries: 0
lock_wait_ms_total: 0
lock_contention_total: 0
elapsed_seconds: 14.058
