tag: skew_k4_p050_s5
k: 4
partition_rows: 28677
partition0_share_skew_s: 2.490916
partition_0_rows: 17858
partition_1_rows: 3671
partition_2_rows: 3449
partition_3_rows: 3699
mapped_ms_p0: 1340
mapped_finished_at_ms_p0: 1790850260878
mapped_worker_p0: 413d45dd3d51
mapped_ms_p1: 336
mapped_finished_at_ms_p1: 1790850259868
mapped_worker_p1: bc98fb43823e
mapped_ms_p2: 356
mapped_finished_at_ms_p2: 1790850259889
mapped_worker_p2: aed9e652be9c
mapped_ms_p3: 345
mapped_finished_at_ms_p3: 1790850259879
mapped_worker_p3: 9c1ec0018286
mapped_duration_spread_ms: 1004
mapped_finish_spread_ms: 1010
phase_compute_delta_s: 3.717
phase_partition_s: 0.128
phase_normalize_s: 0.106
phase_dispatch_s: 0.010
phase_wait_workers_s: 1.391
phase_merge_stale_apply_s: 4.260
conflict_dup_rows: 0
total_retries: 0
lock_wait_ms_total: 0
lock_contention_total: 0
elapsed_seconds: 9.612
