tag: skew_k4_p000_s5
k: 4
partition_rows: 28677
partition0_share_skew_s: 1.021027
partition_0_rows: 7320
partition_1_rows: 7234
partition_2_rows: 6877
partition_3_rows: 7246
mapped_ms_p0: 1002
mapped_finished_at_ms_p0: 1790849998482
mapped_worker_p0: bc98fb43823e
mapped_ms_p1: 1019
mapped_finished_at_ms_p1: 1790849998502
mapped_worker_p1: aed9e652be9c
mapped_ms_p2: 1120
mapped_finished_at_ms_p2: 1790849998604
mapped_worker_p2: 413d45dd3d51
mapped_ms_p3: 1009
mapped_finished_at_ms_p3: 1790849998495
mapped_worker_p3: 9c1ec0018286
mapped_duration_spread_ms: 118
mapped_finish_spread_ms: 122
phase_compute_delta_s: 4.214
phase_partition_s: 0.130
phase_normalize_s: 0.102
phase_dispatch_s: 0.012
phase_wait_workers_s: 1.146
phase_merge_stale_apply_s: 4.652
conflict_dup_rows: 0
total_retries: 0
lock_wait_ms_total: 0
lock_contention_total: 0
elapsed_seconds: 10.256
