tag: urbanos_scale_cohort_20261006_u10_s1
k: 4
partition_rows: 28677
partition0_share_skew_s: 1.000105
partition_0_rows: 7170
partition_1_rows: 7230
partition_2_rows: 7005
partition_3_rows: 7272
mapped_ms_p0: 3838
mapped_finished_at_ms_p0: 1791297164052
mapped_worker_p0: 42f17060e279
mapped_ms_p1: 3837
mapped_finished_at_ms_p1: 1791297164052
mapped_worker_p1: 51c8d4df0c7c
mapped_ms_p2: 3800
mapped_finished_at_ms_p2: 1791297164013
mapped_worker_p2: 2e9efd3cf9df
mapped_ms_p3: 3787
mapped_finished_at_ms_p3: 1791297164000
mapped_worker_p3: f1c975ca90f3
mapped_duration_spread_ms: 51
mapped_finish_spread_ms: 52
phase_compute_delta_s: 3.615
phase_partition_s: 0.127
phase_normalize_s: 0.094
phase_dispatch_s: 0.009
phase_wait_workers_s: 3.905
phase_merge_stale_apply_s: 4.574
conflict_dup_rows: 0
total_retries: 0
lock_wait_ms_total: 0
lock_contention_total: 0
elapsed_seconds: 12.325
