	Command being timed: "java -jar rmlmapper.jar -m results/mapping_baseline.ttl -o results/kg_baseline.nq -s nquads"
	User time (seconds): 1870.78
	System time (seconds): 16.45
	Percent of CPU this job got: 101%
	Elapsed (wall clock) time (h:mm:ss or m:ss): 31:00.12
	Average shared text size (kbytes): 0
	Average unshared data size (kbytes): 0
	Average stack size (kbytes): 0
	Average total size (kbytes): 0
	Maximum resident set size (kbytes): 1067588
	Average resident set size (kbytes): 0
	Major (requiring I/O) page faults: 14
	Minor (reclaiming a frame) page faults: 304818
	Voluntary context switches: 1195721
	Involuntary context switches: 4399
	Swaps: 0
	File system inputs: 207944
	File system outputs: 130472
	Socket messages sent: 0
	Socket messages received: 0
	Signals delivered: 0
	Page size (bytes): 4096
	Exit status: 0
