tag: urbanos_scale_cohort_20261006_u10_s3
k: 4
partition_rows: 28677
partition0_share_skew_s: 1.015448
partition_0_rows: 7280
partition_1_rows: 7229
partition_2_rows: 6888
partition_3_rows: 7280
mapped_ms_p0: 524
mapped_finished_at_ms_p0: 1791297374694
mapped_worker_p0: 51c8d4df0c7c
mapped_ms_p1: 510
mapped_finished_at_ms_p1: 1791297374683
mapped_worker_p1: 42f17060e279
mapped_ms_p2: 730
mapped_finished_at_ms_p2: 1791297374903
mapped_worker_p2: 2e9efd3cf9df
mapped_ms_p3: 751
mapped_finished_at_ms_p3: 1791297374925
mapped_worker_p3: f1c975ca90f3
mapped_duration_spread_ms: 241
mapped_finish_spread_ms: 242
phase_compute_delta_s: 3.488
phase_partition_s: 0.127
phase_normalize_s: 0.098
phase_dispatch_s: 0.026
phase_wait_workers_s: 0.795
phase_merge_stale_apply_s: 4.819
conflict_dup_rows: 0
total_retries: 0
lock_wait_ms_total: 0
lock_contention_total: 0
elapsed_seconds: 9.354
