tag: urbanos_scale_cohort_20261006_u50_s2
k: 4
partition_rows: 143386
partition0_share_skew_s: 1.018147
partition_0_rows: 36497
partition_1_rows: 36412
partition_2_rows: 34414
partition_3_rows: 36063
mapped_ms_p0: 2860
mapped_finished_at_ms_p0: 1791297267399
mapped_worker_p0: f1c975ca90f3
mapped_ms_p1: 2859
mapped_finished_at_ms_p1: 1791297267398
mapped_worker_p1: 2e9efd3cf9df
mapped_ms_p2: 2468
mapped_finished_at_ms_p2: 1791297267007
mapped_worker_p2: 51c8d4df0c7c
mapped_ms_p3: 2829
mapped_finished_at_ms_p3: 1791297267372
mapped_worker_p3: 42f17060e279
mapped_duration_spread_ms: 392
mapped_finish_spread_ms: 392
phase_compute_delta_s: 3.933
phase_partition_s: 0.580
phase_normalize_s: 0.095
phase_dispatch_s: 0.015
phase_wait_workers_s: 3.112
phase_merge_stale_apply_s: 7.962
conflict_dup_rows: 0
total_retries: 0
lock_wait_ms_total: 0
lock_contention_total: 0
elapsed_seconds: 15.697
