tag: urbanos_scale_cohort_20261006_u25_s2
k: 4
partition_rows: 71693
partition0_share_skew_s: 1.027492
partition_0_rows: 18416
partition_1_rows: 18017
partition_2_rows: 17308
partition_3_rows: 17952
mapped_ms_p0: 1492
mapped_finished_at_ms_p0: 1791297238910
mapped_worker_p0: 2e9efd3cf9df
mapped_ms_p1: 1595
mapped_finished_at_ms_p1: 1791297239014
mapped_worker_p1: 51c8d4df0c7c
mapped_ms_p2: 1399
mapped_finished_at_ms_p2: 1791297238823
mapped_worker_p2: f1c975ca90f3
mapped_ms_p3: 1615
mapped_finished_at_ms_p3: 1791297239036
mapped_worker_p3: 42f17060e279
mapped_duration_spread_ms: 216
mapped_finish_spread_ms: 213
phase_compute_delta_s: 3.563
phase_partition_s: 0.303
phase_normalize_s: 0.098
phase_dispatch_s: 0.030
phase_wait_workers_s: 1.699
phase_merge_stale_apply_s: 5.260
conflict_dup_rows: 0
total_retries: 0
lock_wait_ms_total: 0
lock_contention_total: 0
elapsed_seconds: 10.953
