tag: skew_k4_p075_s1
k: 4
partition_rows: 28677
partition0_share_skew_s: 3.238693
partition_0_rows: 23219
partition_1_rows: 1829
partition_2_rows: 1710
partition_3_rows: 1919
mapped_ms_p0: 1665
mapped_finished_at_ms_p0: 1790850286089
mapped_worker_p0: bc98fb43823e
mapped_ms_p1: 296
mapped_finished_at_ms_p1: 1790850284714
mapped_worker_p1: 9c1ec0018286
mapped_ms_p2: 311
mapped_finished_at_ms_p2: 1790850284725
mapped_worker_p2: aed9e652be9c
mapped_ms_p3: 290
mapped_finished_at_ms_p3: 1790850284706
mapped_worker_p3: 413d45dd3d51
mapped_duration_spread_ms: 1375
mapped_finish_spread_ms: 1383
phase_compute_delta_s: 3.782
phase_partition_s: 0.123
phase_normalize_s: 0.103
phase_dispatch_s: 0.015
phase_wait_workers_s: 1.729
phase_merge_stale_apply_s: 4.520
conflict_dup_rows: 0
total_retries: 0
lock_wait_ms_total: 0
lock_contention_total: 0
elapsed_seconds: 10.272
