tag: skew_k4_p000_s2
k: 4
partition_rows: 28677
partition0_share_skew_s: 1.017540
partition_0_rows: 7295
partition_1_rows: 7112
partition_2_rows: 6999
partition_3_rows: 7271
mapped_ms_p0: 1393
mapped_finished_at_ms_p0: 1790849919488
mapped_worker_p0: aed9e652be9c
mapped_ms_p1: 1329
mapped_finished_at_ms_p1: 1790849919424
mapped_worker_p1: bc98fb43823e
mapped_ms_p2: 1441
mapped_finished_at_ms_p2: 1790849919539
mapped_worker_p2: 413d45dd3d51
mapped_ms_p3: 1611
mapped_finished_at_ms_p3: 1790849919711
mapped_worker_p3: 9c1ec0018286
mapped_duration_spread_ms: 282
mapped_finish_spread_ms: 287
phase_compute_delta_s: 3.897
phase_partition_s: 0.137
phase_normalize_s: 0.110
phase_dispatch_s: 0.011
phase_wait_workers_s: 1.646
phase_merge_stale_apply_s: 4.655
conflict_dup_rows: 0
total_retries: 0
lock_wait_ms_total: 0
lock_contention_total: 0
elapsed_seconds: 10.456
