tag: urbanos_scale_cohort_20261006_u25_s1
k: 4
partition_rows: 71693
partition0_share_skew_s: 1.013767
partition_0_rows: 18170
partition_1_rows: 18067
partition_2_rows: 17243
partition_3_rows: 18213
mapped_ms_p0: 2493
mapped_finished_at_ms_p0: 1791297190939
mapped_worker_p0: f1c975ca90f3
mapped_ms_p1: 2739
mapped_finished_at_ms_p1: 1791297191189
mapped_worker_p1: 2e9efd3cf9df
mapped_ms_p2: 2665
mapped_finished_at_ms_p2: 1791297191119
mapped_worker_p2: 42f17060e279
mapped_ms_p3: 2888
mapped_finished_at_ms_p3: 1791297191332
mapped_worker_p3: 51c8d4df0c7c
mapped_duration_spread_ms: 395
mapped_finish_spread_ms: 393
phase_compute_delta_s: 3.674
phase_partition_s: 0.302
phase_normalize_s: 0.096
phase_dispatch_s: 0.009
phase_wait_workers_s: 2.962
phase_merge_stale_apply_s: 5.647
conflict_dup_rows: 0
total_retries: 0
lock_wait_ms_total: 0
lock_contention_total: 0
elapsed_seconds: 12.690
