tag: skew_k4_p075_s2
k: 4
partition_rows: 28677
partition0_share_skew_s: 3.232974
partition_0_rows: 23178
partition_1_rows: 1847
partition_2_rows: 1774
partition_3_rows: 1878
mapped_ms_p0: 1621
mapped_finished_at_ms_p0: 1790850311652
mapped_worker_p0: 413d45dd3d51
mapped_ms_p1: 205
mapped_finished_at_ms_p1: 1790850310214
mapped_worker_p1: 9c1ec0018286
mapped_ms_p2: 200
mapped_finished_at_ms_p2: 1790850310212
mapped_worker_p2: aed9e652be9c
mapped_ms_p3: 151
mapped_finished_at_ms_p3: 1790850310163
mapped_worker_p3: bc98fb43823e
mapped_duration_spread_ms: 1470
mapped_finish_spread_ms: 1489
phase_compute_delta_s: 4.078
phase_partition_s: 0.119
phase_normalize_s: 0.094
phase_dispatch_s: 0.010
phase_wait_workers_s: 1.691
phase_merge_stale_apply_s: 4.136
conflict_dup_rows: 0
total_retries: 0
lock_wait_ms_total: 0
lock_contention_total: 0
elapsed_seconds: 10.128
