tag: skew_k4_p025_s3
k: 4
partition_rows: 28677
partition0_share_skew_s: 1.739234
partition_0_rows: 12469
partition_1_rows: 5458
partition_2_rows: 5194
partition_3_rows: 5556
mapped_ms_p0: 1075
mapped_finished_at_ms_p0: 1790850078335
mapped_worker_p0: 413d45dd3d51
mapped_ms_p1: 507
mapped_finished_at_ms_p1: 1790850077764
mapped_worker_p1: bc98fb43823e
mapped_ms_p2: 439
mapped_finished_at_ms_p2: 1790850077695
mapped_worker_p2: 9c1ec0018286
mapped_ms_p3: 501
mapped_finished_at_ms_p3: 1790850077758
mapped_worker_p3: aed9e652be9c
mapped_duration_spread_ms: 636
mapped_finish_spread_ms: 640
phase_compute_delta_s: 3.725
phase_partition_s: 0.131
phase_normalize_s: 0.103
phase_dispatch_s: 0.014
phase_wait_workers_s: 1.113
phase_merge_stale_apply_s: 5.989
conflict_dup_rows: 0
total_retries: 0
lock_wait_ms_total: 0
lock_contention_total: 0
elapsed_seconds: 11.075
