tag: u10_recheck_s3
k: 4
partition_rows: 28677
partition0_share_skew_s: 1.015448
partition_0_rows: 7280
partition_1_rows: 7229
partition_2_rows: 6888
partition_3_rows: 7280
mapped_ms_p0: 1375
mapped_finished_at_ms_p0: 1790867067153
mapped_worker_p0: e3acc8c72bc4
mapped_ms_p1: 1448
mapped_finished_at_ms_p1: 1790867067229
mapped_worker_p1: e7d4a23fb805
mapped_ms_p2: 1632
mapped_finished_at_ms_p2: 1790867067411
mapped_worker_p2: 637756872d32
mapped_ms_p3: 1407
mapped_finished_at_ms_p3: 1790867067191
mapped_worker_p3: b4e38dc02a94
mapped_duration_spread_ms: 257
mapped_finish_spread_ms: 258
phase_compute_delta_s: 4.392
phase_partition_s: 0.148
phase_normalize_s: 0.140
phase_dispatch_s: 0.014
phase_wait_workers_s: 1.664
phase_merge_stale_apply_s: 5.596
conflict_dup_rows: 0
total_retries: 0
lock_wait_ms_total: 0
lock_contention_total: 0
elapsed_seconds: 11.954
