tag: urbanos_scale_cohort_20261006_u10_s2
k: 4
partition_rows: 28677
partition0_share_skew_s: 1.015169
partition_0_rows: 7278
partition_1_rows: 7250
partition_2_rows: 6912
partition_3_rows: 7237
mapped_ms_p0: 746
mapped_finished_at_ms_p0: 1791297303239
mapped_worker_p0: 51c8d4df0c7c
mapped_ms_p1: 618
mapped_finished_at_ms_p1: 1791297303114
mapped_worker_p1: 42f17060e279
mapped_ms_p2: 582
mapped_finished_at_ms_p2: 1791297303080
mapped_worker_p2: f1c975ca90f3
mapped_ms_p3: 748
mapped_finished_at_ms_p3: 1791297303244
mapped_worker_p3: 2e9efd3cf9df
mapped_duration_spread_ms: 166
mapped_finish_spread_ms: 164
phase_compute_delta_s: 3.835
phase_partition_s: 0.123
phase_normalize_s: 0.089
phase_dispatch_s: 0.025
phase_wait_workers_s: 0.792
phase_merge_stale_apply_s: 4.553
conflict_dup_rows: 0
total_retries: 0
lock_wait_ms_total: 0
lock_contention_total: 0
elapsed_seconds: 9.417
