	Command being timed: "java -jar rmlmapper.jar -m results/mapping_seed2.ttl -o results/kg_seed2.nq -s nquads"
	User time (seconds): 1856.20
	System time (seconds): 15.34
	Percent of CPU this job got: 101%
	Elapsed (wall clock) time (h:mm:ss or m:ss): 30:44.75
	Average shared text size (kbytes): 0
	Average unshared data size (kbytes): 0
	Average stack size (kbytes): 0
	Average total size (kbytes): 0
	Maximum resident set size (kbytes): 1138544
	Average resident set size (kbytes): 0
	Major (requiring I/O) page faults: 0
	Minor (reclaiming a frame) page faults: 319915
	Voluntary context switches: 1105131
	Involuntary context switches: 4187
	Swaps: 0
	File system inputs: 9320
	File system outputs: 130488
	Socket messages sent: 0
	Socket messages received: 0
	Signals delivered: 0
	Page size (bytes): 4096
	Exit status: 0
