tag: skew_k4_p025_s5
k: 4
partition_rows: 28677
partition0_share_skew_s: 1.746766
partition_0_rows: 12523
partition_1_rows: 5495
partition_2_rows: 5251
partition_3_rows: 5408
mapped_ms_p0: 1036
mapped_finished_at_ms_p0: 1790850133199
mapped_worker_p0: 413d45dd3d51
mapped_ms_p1: 658
mapped_finished_at_ms_p1: 1790850132818
mapped_worker_p1: aed9e652be9c
mapped_ms_p2: 516
mapped_finished_at_ms_p2: 1790850132674
mapped_worker_p2: bc98fb43823e
mapped_ms_p3: 488
mapped_finished_at_ms_p3: 1790850132650
mapped_worker_p3: 9c1ec0018286
mapped_duration_spread_ms: 548
mapped_finish_spread_ms: 549
phase_compute_delta_s: 4.010
phase_partition_s: 0.129
phase_normalize_s: 0.106
phase_dispatch_s: 0.013
phase_wait_workers_s: 1.073
phase_merge_stale_apply_s: 4.383
conflict_dup_rows: 0
total_retries: 0
lock_wait_ms_total: 0
lock_contention_total: 0
elapsed_seconds: 9.715
