	Command being timed: "java -jar rmlmapper.jar -m results/mapping_seed3.ttl -o results/kg_seed3.nq -s nquads"
	User time (seconds): 1778.77
	System time (seconds): 14.98
	Percent of CPU this job got: 101%
	Elapsed (wall clock) time (h:mm:ss or m:ss): 29:25.11
	Average shared text size (kbytes): 0
	Average unshared data size (kbytes): 0
	Average stack size (kbytes): 0
	Average total size (kbytes): 0
	Maximum resident set size (kbytes): 1260900
	Average resident set size (kbytes): 0
	Major (requiring I/O) page faults: 0
	Minor (reclaiming a frame) page faults: 347064
	Voluntary context switches: 1028387
	Involuntary context switches: 3952
	Swaps: 0
	File system inputs: 0
	File system outputs: 130384
	Socket messages sent: 0
	Socket messages received: 0
	Signals delivered: 0
	Page size (bytes): 4096
	Exit status: 0
