tag: urbanos_scale_cohort_20261006_u50_s3
k: 4
partition_rows: 143386
partition0_share_skew_s: 1.016947
partition_0_rows: 36454
partition_1_rows: 36288
partition_2_rows: 34494
partition_3_rows: 36150
mapped_ms_p0: 2883
mapped_finished_at_ms_p0: 1791297348908
mapped_worker_p0: f1c975ca90f3
mapped_ms_p1: 2785
mapped_finished_at_ms_p1: 1791297348802
mapped_worker_p1: 42f17060e279
mapped_ms_p2: 2659
mapped_finished_at_ms_p2: 1791297348673
mapped_worker_p2: 51c8d4df0c7c
mapped_ms_p3: 2829
mapped_finished_at_ms_p3: 1791297348850
mapped_worker_p3: 2e9efd3cf9df
mapped_duration_spread_ms: 224
mapped_finish_spread_ms: 235
phase_compute_delta_s: 4.387
phase_partition_s: 0.580
phase_normalize_s: 0.103
phase_dispatch_s: 0.010
phase_wait_workers_s: 3.093
phase_merge_stale_apply_s: 7.642
conflict_dup_rows: 0
total_retries: 0
lock_wait_ms_total: 0
lock_contention_total: 0
elapsed_seconds: 15.815
