tag: skew_k4_p075_s4
k: 4
partition_rows: 28677
partition0_share_skew_s: 3.224047
partition_0_rows: 23114
partition_1_rows: 1842
partition_2_rows: 1856
partition_3_rows: 1865
mapped_ms_p0: 1556
mapped_finished_at_ms_p0: 1790850360825
mapped_worker_p0: aed9e652be9c
mapped_ms_p1: 240
mapped_finished_at_ms_p1: 1790850359501
mapped_worker_p1: 413d45dd3d51
mapped_ms_p2: 151
mapped_finished_at_ms_p2: 1790850359412
mapped_worker_p2: 9c1ec0018286
mapped_ms_p3: 222
mapped_finished_at_ms_p3: 1790850359484
mapped_worker_p3: bc98fb43823e
mapped_duration_spread_ms: 1405
mapped_finish_spread_ms: 1413
phase_compute_delta_s: 3.433
phase_partition_s: 0.119
phase_normalize_s: 0.096
phase_dispatch_s: 0.009
phase_wait_workers_s: 1.611
phase_merge_stale_apply_s: 4.019
conflict_dup_rows: 0
total_retries: 0
lock_wait_ms_total: 0
lock_contention_total: 0
elapsed_seconds: 9.288
