tag: skew_k4_p075_s3
k: 4
partition_rows: 28677
partition0_share_skew_s: 3.235764
partition_0_rows: 23198
partition_1_rows: 1891
partition_2_rows: 1707
partition_3_rows: 1881
mapped_ms_p0: 1640
mapped_finished_at_ms_p0: 1790850336037
mapped_worker_p0: bc98fb43823e
mapped_ms_p1: 240
mapped_finished_at_ms_p1: 1790850334631
mapped_worker_p1: 9c1ec0018286
mapped_ms_p2: 143
mapped_finished_at_ms_p2: 1790850334534
mapped_worker_p2: aed9e652be9c
mapped_ms_p3: 206
mapped_finished_at_ms_p3: 1790850334599
mapped_worker_p3: 413d45dd3d51
mapped_duration_spread_ms: 1497
mapped_finish_spread_ms: 1503
phase_compute_delta_s: 3.750
phase_partition_s: 0.132
phase_normalize_s: 0.106
phase_dispatch_s: 0.010
phase_wait_workers_s: 1.697
phase_merge_stale_apply_s: 4.288
conflict_dup_rows: 0
total_retries: 0
lock_wait_ms_total: 0
lock_contention_total: 0
elapsed_seconds: 9.983
