tag: skew_k4_p100_s3
k: 4
partition_rows: 28677
partition0_share_skew_s: 4.000000
partition_0_rows: 28677
partition_1_rows: 0
partition_2_rows: 0
partition_3_rows: 0
mapped_ms_p0: 1851
mapped_finished_at_ms_p0: 1790850460428
mapped_worker_p0: 413d45dd3d51
mapped_ms_p1: 0
mapped_finished_at_ms_p1: 1790850458567
mapped_worker_p1: 9c1ec0018286
mapped_ms_p2: 0
mapped_finished_at_ms_p2: 1790850458568
mapped_worker_p2: bc98fb43823e
mapped_ms_p3: 0
mapped_finished_at_ms_p3: 1790850458569
mapped_worker_p3: aed9e652be9c
mapped_duration_spread_ms: 1851
mapped_finish_spread_ms: 1861
phase_compute_delta_s: 3.625
phase_partition_s: 0.119
phase_normalize_s: 0.093
phase_dispatch_s: 0.010
phase_wait_workers_s: 1.924
phase_merge_stale_apply_s: 4.724
conflict_dup_rows: 0
total_retries: 0
lock_wait_ms_total: 0
lock_contention_total: 0
elapsed_seconds: 10.495
