	Command being timed: "java -jar rmlmapper.jar -m results/mapping_verify.ttl -o results/kg_verify.nq -s nquads"
	User time (seconds): 2393.07
	System time (seconds): 21.74
	Percent of CPU this job got: 101%
	Elapsed (wall clock) time (h:mm:ss or m:ss): 39:37.97
	Average shared text size (kbytes): 0
	Average unshared data size (kbytes): 0
	Average stack size (kbytes): 0
	Average total size (kbytes): 0
	Maximum resident set size (kbytes): 1060644
	Average resident set size (kbytes): 0
	Major (requiring I/O) page faults: 0
	Minor (reclaiming a frame) page faults: 293556
	Voluntary context switches: 1241212
	Involuntary context switches: 5222
	Swaps: 0
	File system inputs: 0
	File system outputs: 131056
	Socket messages sent: 0
	Socket messages received: 0
	Signals delivered: 0
	Page size (bytes): 4096
	Exit status: 0
