tag: skew_k4_p050_s2
k: 4
partition_rows: 28677
partition0_share_skew_s: 2.484779
partition_0_rows: 17814
partition_1_rows: 3662
partition_2_rows: 3537
partition_3_rows: 3664
mapped_ms_p0: 1613
mapped_finished_at_ms_p0: 1790850183611
mapped_worker_p0: bc98fb43823e
mapped_ms_p1: 406
mapped_finished_at_ms_p1: 1790850182398
mapped_worker_p1: aed9e652be9c
mapped_ms_p2: 440
mapped_finished_at_ms_p2: 1790850182434
mapped_worker_p2: 413d45dd3d51
mapped_ms_p3: 454
mapped_finished_at_ms_p3: 1790850182449
mapped_worker_p3: 9c1ec0018286
mapped_duration_spread_ms: 1207
mapped_finish_spread_ms: 1213
phase_compute_delta_s: 3.758
phase_partition_s: 0.132
phase_normalize_s: 0.120
phase_dispatch_s: 0.015
phase_wait_workers_s: 1.667
phase_merge_stale_apply_s: 4.301
conflict_dup_rows: 0
total_retries: 0
lock_wait_ms_total: 0
lock_contention_total: 0
elapsed_seconds: 9.993
