tag: skew_k4_p075_s5
k: 4
partition_rows: 28677
partition0_share_skew_s: 3.232277
partition_0_rows: 23173
partition_1_rows: 1872
partition_2_rows: 1743
partition_3_rows: 1889
mapped_ms_p0: 1699
mapped_finished_at_ms_p0: 1790850385018
mapped_worker_p0: 9c1ec0018286
mapped_ms_p1: 190
mapped_finished_at_ms_p1: 1790850383503
mapped_worker_p1: bc98fb43823e
mapped_ms_p2: 293
mapped_finished_at_ms_p2: 1790850383605
mapped_worker_p2: 413d45dd3d51
mapped_ms_p3: 208
mapped_finished_at_ms_p3: 1790850383523
mapped_worker_p3: aed9e652be9c
mapped_duration_spread_ms: 1509
mapped_finish_spread_ms: 1515
phase_compute_delta_s: 3.771
phase_partition_s: 0.131
phase_normalize_s: 0.114
phase_dispatch_s: 0.012
phase_wait_workers_s: 1.760
phase_merge_stale_apply_s: 4.505
conflict_dup_rows: 0
total_retries: 0
lock_wait_ms_total: 0
lock_contention_total: 0
elapsed_seconds: 10.294
