tag: urbanos_scale_cohort_20261006_u10_s5
k: 4
partition_rows: 28677
partition0_share_skew_s: 1.013495
partition_0_rows: 7266
partition_1_rows: 7248
partition_2_rows: 6939
partition_3_rows: 7224
mapped_ms_p0: 545
mapped_finished_at_ms_p0: 1791297567263
mapped_worker_p0: 51c8d4df0c7c
mapped_ms_p1: 546
mapped_finished_at_ms_p1: 1791297567265
mapped_worker_p1: 42f17060e279
mapped_ms_p2: 465
mapped_finished_at_ms_p2: 1791297567185
mapped_worker_p2: 2e9efd3cf9df
mapped_ms_p3: 493
mapped_finished_at_ms_p3: 1791297567214
mapped_worker_p3: f1c975ca90f3
mapped_duration_spread_ms: 81
mapped_finish_spread_ms: 80
phase_compute_delta_s: 3.536
phase_partition_s: 0.122
phase_normalize_s: 0.091
phase_dispatch_s: 0.024
phase_wait_workers_s: 0.584
phase_merge_stale_apply_s: 3.938
conflict_dup_rows: 0
total_retries: 0
lock_wait_ms_total: 0
lock_contention_total: 0
elapsed_seconds: 8.293
