tag: urbanos_scale_cohort_20261006_u25_s4
k: 4
partition_rows: 71693
partition0_share_skew_s: 1.019681
partition_0_rows: 18276
partition_1_rows: 18138
partition_2_rows: 17173
partition_3_rows: 18106
mapped_ms_p0: 1396
mapped_finished_at_ms_p0: 1791297434760
mapped_worker_p0: 2e9efd3cf9df
mapped_ms_p1: 1344
mapped_finished_at_ms_p1: 1791297434710
mapped_worker_p1: 51c8d4df0c7c
mapped_ms_p2: 1377
mapped_finished_at_ms_p2: 1791297434745
mapped_worker_p2: f1c975ca90f3
mapped_ms_p3: 1248
mapped_finished_at_ms_p3: 1791297434619
mapped_worker_p3: 42f17060e279
mapped_duration_spread_ms: 148
mapped_finish_spread_ms: 141
phase_compute_delta_s: 3.859
phase_partition_s: 0.300
phase_normalize_s: 0.095
phase_dispatch_s: 0.010
phase_wait_workers_s: 1.486
phase_merge_stale_apply_s: 5.928
conflict_dup_rows: 0
total_retries: 0
lock_wait_ms_total: 0
lock_contention_total: 0
elapsed_seconds: 11.679
