tag: skew_k4_p000_s4
k: 4
partition_rows: 28677
partition0_share_skew_s: 1.023538
partition_0_rows: 7338
partition_1_rows: 7185
partition_2_rows: 6937
partition_3_rows: 7217
mapped_ms_p0: 1113
mapped_finished_at_ms_p0: 1790849972836
mapped_worker_p0: 9c1ec0018286
mapped_ms_p1: 1081
mapped_finished_at_ms_p1: 1790849972805
mapped_worker_p1: 413d45dd3d51
mapped_ms_p2: 939
mapped_finished_at_ms_p2: 1790849972665
mapped_worker_p2: bc98fb43823e
mapped_ms_p3: 1065
mapped_finished_at_ms_p3: 1790849972792
mapped_worker_p3: aed9e652be9c
mapped_duration_spread_ms: 174
mapped_finish_spread_ms: 171
phase_compute_delta_s: 4.245
phase_partition_s: 0.133
phase_normalize_s: 0.116
phase_dispatch_s: 0.011
phase_wait_workers_s: 1.137
phase_merge_stale_apply_s: 4.621
conflict_dup_rows: 0
total_retries: 0
lock_wait_ms_total: 0
lock_contention_total: 0
elapsed_seconds: 10.264
