	Command being timed: "java -jar rmlmapper.jar -m results/mapping_tprime2.ttl -o results/kg_tprime2.nq -s nquads"
	User time (seconds): 17.66
	System time (seconds): 1.45
	Percent of CPU this job got: 167%
	Elapsed (wall clock) time (h:mm:ss or m:ss): 0:11.43
	Average shared text size (kbytes): 0
	Average unshared data size (kbytes): 0
	Average stack size (kbytes): 0
	Average total size (kbytes): 0
	Maximum resident set size (kbytes): 1121520
	Average resident set size (kbytes): 0
	Major (requiring I/O) page faults: 25
	Minor (reclaiming a frame) page faults: 291650
	Voluntary context switches: 39016
	Involuntary context switches: 59
	Swaps: 0
	File system inputs: 356912
	File system outputs: 128560
	Socket messages sent: 0
	Socket messages received: 0
	Signals delivered: 0
	Page size (bytes): 4096
	Exit status: 0
