tag: skew_k4_p025_s4
k: 4
partition_rows: 28677
partition0_share_skew_s: 1.725425
partition_0_rows: 12370
partition_1_rows: 5521
partition_2_rows: 5233
partition_3_rows: 5553
mapped_ms_p0: 1405
mapped_finished_at_ms_p0: 1790850106183
mapped_worker_p0: 9c1ec0018286
mapped_ms_p1: 817
mapped_finished_at_ms_p1: 1790850105582
mapped_worker_p1: aed9e652be9c
mapped_ms_p2: 846
mapped_finished_at_ms_p2: 1790850105610
mapped_worker_p2: bc98fb43823e
mapped_ms_p3: 788
mapped_finished_at_ms_p3: 1790850105562
mapped_worker_p3: 413d45dd3d51
mapped_duration_spread_ms: 617
mapped_finish_spread_ms: 621
phase_compute_delta_s: 4.403
phase_partition_s: 0.128
phase_normalize_s: 0.103
phase_dispatch_s: 0.015
phase_wait_workers_s: 1.467
phase_merge_stale_apply_s: 5.936
conflict_dup_rows: 0
total_retries: 0
lock_wait_ms_total: 0
lock_contention_total: 0
elapsed_seconds: 12.052
