tag: skew_k4_p050_s1
k: 4
partition_rows: 28677
partition0_share_skew_s: 2.483523
partition_0_rows: 17805
partition_1_rows: 3708
partition_2_rows: 3441
partition_3_rows: 3723
mapped_ms_p0: 1291
mapped_finished_at_ms_p0: 1790850158040
mapped_worker_p0: 9c1ec0018286
mapped_ms_p1: 346
mapped_finished_at_ms_p1: 1790850157087
mapped_worker_p1: bc98fb43823e
mapped_ms_p2: 396
mapped_finished_at_ms_p2: 1790850157137
mapped_worker_p2: aed9e652be9c
mapped_ms_p3: 397
mapped_finished_at_ms_p3: 1790850157140
mapped_worker_p3: 413d45dd3d51
mapped_duration_spread_ms: 945
mapped_finish_spread_ms: 953
phase_compute_delta_s: 3.992
phase_partition_s: 0.131
phase_normalize_s: 0.107
phase_dispatch_s: 0.011
phase_wait_workers_s: 1.347
phase_merge_stale_apply_s: 4.561
conflict_dup_rows: 0
total_retries: 0
lock_wait_ms_total: 0
lock_contention_total: 0
elapsed_seconds: 10.149
