tag: urbanos_scale_cohort_20261006_u50_s5
k: 4
partition_rows: 143386
partition0_share_skew_s: 1.013879
partition_0_rows: 36344
partition_1_rows: 36326
partition_2_rows: 34632
partition_3_rows: 36084
mapped_ms_p0: 2629
mapped_finished_at_ms_p0: 1791297545790
mapped_worker_p0: 2e9efd3cf9df
mapped_ms_p1: 2672
mapped_finished_at_ms_p1: 1791297545841
mapped_worker_p1: f1c975ca90f3
mapped_ms_p2: 2477
mapped_finished_at_ms_p2: 1791297545641
mapped_worker_p2: 51c8d4df0c7c
mapped_ms_p3: 2523
mapped_finished_at_ms_p3: 1791297545694
mapped_worker_p3: 42f17060e279
mapped_duration_spread_ms: 195
mapped_finish_spread_ms: 200
phase_compute_delta_s: 4.212
phase_partition_s: 0.596
phase_normalize_s: 0.100
phase_dispatch_s: 0.015
phase_wait_workers_s: 2.837
phase_merge_stale_apply_s: 5.851
conflict_dup_rows: 0
total_retries: 0
lock_wait_ms_total: 0
lock_contention_total: 0
elapsed_seconds: 13.612
