tag: u10_recheck_s5
k: 4
partition_rows: 28677
partition0_share_skew_s: 1.013495
partition_0_rows: 7266
partition_1_rows: 7248
partition_2_rows: 6939
partition_3_rows: 7224
mapped_ms_p0: 1173
mapped_finished_at_ms_p0: 1790867124710
mapped_worker_p0: e7d4a23fb805
mapped_ms_p1: 1249
mapped_finished_at_ms_p1: 1790867124792
mapped_worker_p1: 637756872d32
mapped_ms_p2: 1111
mapped_finished_at_ms_p2: 1790867124652
mapped_worker_p2: e3acc8c72bc4
mapped_ms_p3: 1084
mapped_finished_at_ms_p3: 1790867124626
mapped_worker_p3: b4e38dc02a94
mapped_duration_spread_ms: 165
mapped_finish_spread_ms: 166
phase_compute_delta_s: 4.385
phase_partition_s: 0.163
phase_normalize_s: 0.136
phase_dispatch_s: 0.011
phase_wait_workers_s: 1.277
phase_merge_stale_apply_s: 4.862
conflict_dup_rows: 0
total_retries: 0
lock_wait_ms_total: 0
lock_contention_total: 0
elapsed_seconds: 10.834
