	Command being timed: "java -jar rmlmapper.jar -m results/mapping_tprime.ttl -o results/kg_tprime.nq -s nquads"
	User time (seconds): 17.32
	System time (seconds): 1.71
	Percent of CPU this job got: 168%
	Elapsed (wall clock) time (h:mm:ss or m:ss): 0:11.29
	Average shared text size (kbytes): 0
	Average unshared data size (kbytes): 0
	Average stack size (kbytes): 0
	Average total size (kbytes): 0
	Maximum resident set size (kbytes): 1167692
	Average resident set size (kbytes): 0
	Major (requiring I/O) page faults: 21
	Minor (reclaiming a frame) page faults: 330908
	Voluntary context switches: 40292
	Involuntary context switches: 87
	Swaps: 0
	File system inputs: 356320
	File system outputs: 128560
	Socket messages sent: 0
	Socket messages received: 0
	Signals delivered: 0
	Page size (bytes): 4096
	Exit status: 0
