	Command being timed: "java -jar rmlmapper.jar -m results/mapping_tprime3.ttl -o results/kg_tprime3.nq -s nquads"
	User time (seconds): 17.87
	System time (seconds): 1.18
	Percent of CPU this job got: 172%
	Elapsed (wall clock) time (h:mm:ss or m:ss): 0:11.01
	Average shared text size (kbytes): 0
	Average unshared data size (kbytes): 0
	Average stack size (kbytes): 0
	Average total size (kbytes): 0
	Maximum resident set size (kbytes): 1267768
	Average resident set size (kbytes): 0
	Major (requiring I/O) page faults: 0
	Minor (reclaiming a frame) page faults: 331913
	Voluntary context switches: 33387
	Involuntary context switches: 66
	Swaps: 0
	File system inputs: 9416
	File system outputs: 128560
	Socket messages sent: 0
	Socket messages received: 0
	Signals delivered: 0
	Page size (bytes): 4096
	Exit status: 0
