tag: urbanos_scale_cohort_20261006_u50_s1
k: 4
partition_rows: 143386
partition0_share_skew_s: 1.015748
partition_0_rows: 36411
partition_1_rows: 36331
partition_2_rows: 34580
partition_3_rows: 36064
mapped_ms_p0: 3410
mapped_finished_at_ms_p0: 1791297226645
mapped_worker_p0: f1c975ca90f3
mapped_ms_p1: 3517
mapped_finished_at_ms_p1: 1791297226742
mapped_worker_p1: 42f17060e279
mapped_ms_p2: 3240
mapped_finished_at_ms_p2: 1791297226468
mapped_worker_p2: 2e9efd3cf9df
mapped_ms_p3: 3237
mapped_finished_at_ms_p3: 1791297226469
mapped_worker_p3: 51c8d4df0c7c
mapped_duration_spread_ms: 280
mapped_finish_spread_ms: 274
phase_compute_delta_s: 4.126
phase_partition_s: 0.587
phase_normalize_s: 0.101
phase_dispatch_s: 0.016
phase_wait_workers_s: 3.638
phase_merge_stale_apply_s: 6.535
conflict_dup_rows: 0
total_retries: 0
lock_wait_ms_total: 0
lock_contention_total: 0
elapsed_seconds: 15.002
