tag: urbanos_scale_cohort_20261006_u10_s4
k: 4
partition_rows: 28677
partition0_share_skew_s: 1.017959
partition_0_rows: 7298
partition_1_rows: 7124
partition_2_rows: 7010
partition_3_rows: 7245
mapped_ms_p0: 562
mapped_finished_at_ms_p0: 1791297412115
mapped_worker_p0: 2e9efd3cf9df
mapped_ms_p1: 686
mapped_finished_at_ms_p1: 1791297412240
mapped_worker_p1: f1c975ca90f3
mapped_ms_p2: 775
mapped_finished_at_ms_p2: 1791297412330
mapped_worker_p2: 42f17060e279
mapped_ms_p3: 608
mapped_finished_at_ms_p3: 1791297412164
mapped_worker_p3: 51c8d4df0c7c
mapped_duration_spread_ms: 213
mapped_finish_spread_ms: 215
phase_compute_delta_s: 3.662
phase_partition_s: 0.119
phase_normalize_s: 0.094
phase_dispatch_s: 0.015
phase_wait_workers_s: 0.797
phase_merge_stale_apply_s: 4.447
conflict_dup_rows: 0
total_retries: 0
lock_wait_ms_total: 0
lock_contention_total: 0
elapsed_seconds: 9.134
