tag: skew_k4_p025_s1
k: 4
partition_rows: 28677
partition0_share_skew_s: 1.750113
partition_0_rows: 12547
partition_1_rows: 5501
partition_2_rows: 5127
partition_3_rows: 5502
mapped_ms_p0: 1791
mapped_finished_at_ms_p0: 1790850026725
mapped_worker_p0: bc98fb43823e
mapped_ms_p1: 1198
mapped_finished_at_ms_p1: 1790850026126
mapped_worker_p1: 9c1ec0018286
mapped_ms_p2: 1046
mapped_finished_at_ms_p2: 1790850025975
mapped_worker_p2: aed9e652be9c
mapped_ms_p3: 1213
mapped_finished_at_ms_p3: 1790850026144
mapped_worker_p3: 413d45dd3d51
mapped_duration_spread_ms: 745
mapped_finish_spread_ms: 750
phase_compute_delta_s: 4.066
phase_partition_s: 0.194
phase_normalize_s: 0.128
phase_dispatch_s: 0.018
phase_wait_workers_s: 1.842
phase_merge_stale_apply_s: 5.339
conflict_dup_rows: 0
total_retries: 0
lock_wait_ms_total: 0
lock_contention_total: 0
elapsed_seconds: 11.587
