tag: urbanos_scale_cohort_20261006_u50_s4
k: 4
partition_rows: 143386
partition0_share_skew_s: 1.012010
partition_0_rows: 36277
partition_1_rows: 36216
partition_2_rows: 34676
partition_3_rows: 36217
mapped_ms_p0: 2511
mapped_finished_at_ms_p0: 1791297463507
mapped_worker_p0: 42f17060e279
mapped_ms_p1: 2614
mapped_finished_at_ms_p1: 1791297463623
mapped_worker_p1: 51c8d4df0c7c
mapped_ms_p2: 2449
mapped_finished_at_ms_p2: 1791297463457
mapped_worker_p2: f1c975ca90f3
mapped_ms_p3: 2515
mapped_finished_at_ms_p3: 1791297463524
mapped_worker_p3: 2e9efd3cf9df
mapped_duration_spread_ms: 165
mapped_finish_spread_ms: 166
phase_compute_delta_s: 3.927
phase_partition_s: 0.562
phase_normalize_s: 0.092
phase_dispatch_s: 0.015
phase_wait_workers_s: 2.813
phase_merge_stale_apply_s: 6.731
conflict_dup_rows: 0
total_retries: 0
lock_wait_ms_total: 0
lock_contention_total: 0
elapsed_seconds: 14.140
