tag: urbanos_scale_cohort_20261006_u25_s5
k: 4
partition_rows: 71693
partition0_share_skew_s: 1.013098
partition_0_rows: 18158
partition_1_rows: 18181
partition_2_rows: 17200
partition_3_rows: 18154
mapped_ms_p0: 1251
mapped_finished_at_ms_p0: 1791297512432
mapped_worker_p0: f1c975ca90f3
mapped_ms_p1: 1330
mapped_finished_at_ms_p1: 1791297512512
mapped_worker_p1: 42f17060e279
mapped_ms_p2: 1209
mapped_finished_at_ms_p2: 1791297512392
mapped_worker_p2: 2e9efd3cf9df
mapped_ms_p3: 1262
mapped_finished_at_ms_p3: 1791297512446
mapped_worker_p3: 51c8d4df0c7c
mapped_duration_spread_ms: 121
mapped_finish_spread_ms: 120
phase_compute_delta_s: 3.637
phase_partition_s: 0.308
phase_normalize_s: 0.098
phase_dispatch_s: 0.027
phase_wait_workers_s: 1.405
phase_merge_stale_apply_s: 4.665
conflict_dup_rows: 0
total_retries: 0
lock_wait_ms_total: 0
lock_contention_total: 0
elapsed_seconds: 10.140
