tag: 20261007_p050_s4_unsplit
k: 4
subpartition_threshold: off
subpartition_factor: 4
task_count: 4
partition_rows: 28677
partition0_share_skew_s: 2.476549
partition_0_rows: 17755
partition_1_rows: 3687
partition_2_rows: 3573
partition_3_rows: 3662
mapped_ms_p0: 1203
mapped_finished_at_ms_p0: 1791358596046
mapped_worker_p0: 6331ebc89130
mapped_ms_p1: 248
mapped_finished_at_ms_p1: 1791358595087
mapped_worker_p1: cfe6aa420e8d
mapped_ms_p2: 253
mapped_finished_at_ms_p2: 1791358595092
mapped_worker_p2: 23b78ffaa58b
mapped_ms_p3: 348
mapped_finished_at_ms_p3: 1791358595188
mapped_worker_p3: 7832cce49622
mapped_duration_spread_ms: 955
mapped_finish_spread_ms: 959
mapped_duration_spread_scope: parent_sum_of_task_durations
mapped_worker_load_ms: {"23b78ffaa58b": 253, "6331ebc89130": 1203, "7832cce49622": 348, "cfe6aa420e8d": 248}
mapped_worker_load_spread_ms: 955
task_metrics_json: [{"id":"20261007_p050_s4_unsplit-p1","partition_id":1,"subpartition_id":null,"rows":3687,"mapped_ms":248,"mapped_finished_at_ms":1791358595087,"worker":"cfe6aa420e8d"},{"id":"20261007_p050_s4_unsplit-p2","partition_id":2,"subpartition_id":null,"rows":3573,"mapped_ms":253,"mapped_finished_at_ms":1791358595092,"worker":"23b78ffaa58b"},{"id":"20261007_p050_s4_unsplit-p3","partition_id":3,"subpartition_id":null,"rows":3662,"mapped_ms":348,"mapped_finished_at_ms":1791358595188,"worker":"7832cce49622"},{"id":"20261007_p050_s4_unsplit-p0","partition_id":0,"subpartition_id":null,"rows":17755,"mapped_ms":1203,"mapped_finished_at_ms":1791358596046,"worker":"6331ebc89130"}]
phase_compute_delta_s: 3.675
phase_partition_s: 0.120
phase_normalize_s: 0.092
phase_dispatch_s: 0.008
phase_wait_workers_s: 1.244
phase_merge_stale_apply_s: 4.111
conflict_dup_rows: 0
total_retries: 0
lock_wait_ms_total: 0
lock_contention_total: 0
elapsed_seconds: 9.250
