tag: 20261007_p075_s4_split
k: 4
subpartition_threshold: 1.7
subpartition_factor: 4
task_count: 7
partition_rows: 28677
partition0_share_skew_s: 3.224047
partition_0_rows: 23114
partition_1_rows: 1842
partition_2_rows: 1856
partition_3_rows: 1865
mapped_ms_p0: 1719
mapped_finished_at_ms_p0: 1791358522951
mapped_worker_p0: 23b78ffaa58b,6331ebc89130,7832cce49622,cfe6aa420e8d
mapped_ms_p1: 205
mapped_finished_at_ms_p1: 1791358523105
mapped_worker_p1: 6331ebc89130
mapped_ms_p2: 135
mapped_finished_at_ms_p2: 1791358523051
mapped_worker_p2: cfe6aa420e8d
mapped_ms_p3: 135
mapped_finished_at_ms_p3: 1791358523068
mapped_worker_p3: 7832cce49622
mapped_duration_spread_ms: 1584
mapped_finish_spread_ms: 154
mapped_duration_spread_scope: parent_sum_of_task_durations
mapped_worker_load_ms: {"23b78ffaa58b": 473, "6331ebc89130": 607, "7832cce49622": 559, "cfe6aa420e8d": 555}
mapped_worker_load_spread_ms: 134
task_metrics_json: [{"id":"20261007_p075_s4_split-p0-s2","partition_id":0,"subpartition_id":2,"rows":5778,"mapped_ms":402,"mapped_finished_at_ms":1791358522881,"worker":"6331ebc89130"},{"id":"20261007_p075_s4_split-p0-s3","partition_id":0,"subpartition_id":3,"rows":5778,"mapped_ms":420,"mapped_finished_at_ms":1791358522900,"worker":"cfe6aa420e8d"},{"id":"20261007_p075_s4_split-p0-s1","partition_id":0,"subpartition_id":1,"rows":5779,"mapped_ms":424,"mapped_finished_at_ms":1791358522904,"worker":"7832cce49622"},{"id":"20261007_p075_s4_split-p0-s0","partition_id":0,"subpartition_id":0,"rows":5779,"mapped_ms":473,"mapped_finished_at_ms":1791358522951,"worker":"23b78ffaa58b"},{"id":"20261007_p075_s4_split-p2","partition_id":2,"subpartition_id":null,"rows":1856,"mapped_ms":135,"mapped_finished_at_ms":1791358523051,"worker":"cfe6aa420e8d"},{"id":"20261007_p075_s4_split-p3","partition_id":3,"subpartition_id":null,"rows":1865,"mapped_ms":135,"mapped_finished_at_ms":1791358523068,"worker":"7832cce49622"},{"id":"20261007_p075_s4_split-p1","partition_id":1,"subpartition_id":null,"rows":1842,"mapped_ms":205,"mapped_finished_at_ms":1791358523105,"worker":"6331ebc89130"}]
phase_compute_delta_s: 3.504
phase_partition_s: 0.137
phase_normalize_s: 0.178
phase_dispatch_s: 0.012
phase_wait_workers_s: 0.634
phase_merge_stale_apply_s: 3.755
conflict_dup_rows: 0
total_retries: 0
lock_wait_ms_total: 0
lock_contention_total: 0
elapsed_seconds: 8.219
