tag: 20261007_p050_s5_unsplit
k: 4
subpartition_threshold: off
subpartition_factor: 4
task_count: 4
partition_rows: 28677
partition0_share_skew_s: 2.490916
partition_0_rows: 17858
partition_1_rows: 3671
partition_2_rows: 3449
partition_3_rows: 3699
mapped_ms_p0: 1142
mapped_finished_at_ms_p0: 1791358684162
mapped_worker_p0: 23b78ffaa58b
mapped_ms_p1: 339
mapped_finished_at_ms_p1: 1791358683354
mapped_worker_p1: 7832cce49622
mapped_ms_p2: 242
mapped_finished_at_ms_p2: 1791358683259
mapped_worker_p2: cfe6aa420e8d
mapped_ms_p3: 288
mapped_finished_at_ms_p3: 1791358683305
mapped_worker_p3: 6331ebc89130
mapped_duration_spread_ms: 900
mapped_finish_spread_ms: 903
mapped_duration_spread_scope: parent_sum_of_task_durations
mapped_worker_load_ms: {"23b78ffaa58b": 1142, "6331ebc89130": 288, "7832cce49622": 339, "cfe6aa420e8d": 242}
mapped_worker_load_spread_ms: 900
task_metrics_json: [{"id":"20261007_p050_s5_unsplit-p2","partition_id":2,"subpartition_id":null,"rows":3449,"mapped_ms":242,"mapped_finished_at_ms":1791358683259,"worker":"cfe6aa420e8d"},{"id":"20261007_p050_s5_unsplit-p3","partition_id":3,"subpartition_id":null,"rows":3699,"mapped_ms":288,"mapped_finished_at_ms":1791358683305,"worker":"6331ebc89130"},{"id":"20261007_p050_s5_unsplit-p1","partition_id":1,"subpartition_id":null,"rows":3671,"mapped_ms":339,"mapped_finished_at_ms":1791358683354,"worker":"7832cce49622"},{"id":"20261007_p050_s5_unsplit-p0","partition_id":0,"subpartition_id":null,"rows":17858,"mapped_ms":1142,"mapped_finished_at_ms":1791358684162,"worker":"23b78ffaa58b"}]
phase_compute_delta_s: 3.825
phase_partition_s: 0.117
phase_normalize_s: 0.097
phase_dispatch_s: 0.009
phase_wait_workers_s: 1.185
phase_merge_stale_apply_s: 4.011
conflict_dup_rows: 0
total_retries: 0
lock_wait_ms_total: 0
lock_contention_total: 0
elapsed_seconds: 9.244
