tag: 20261007_p025_s3_unsplit
k: 4
subpartition_threshold: off
subpartition_factor: 4
task_count: 4
partition_rows: 28677
partition0_share_skew_s: 1.739234
partition_0_rows: 12469
partition_1_rows: 5458
partition_2_rows: 5194
partition_3_rows: 5556
mapped_ms_p0: 836
mapped_finished_at_ms_p0: 1791358505442
mapped_worker_p0: 6331ebc89130
mapped_ms_p1: 408
mapped_finished_at_ms_p1: 1791358505011
mapped_worker_p1: 23b78ffaa58b
mapped_ms_p2: 356
mapped_finished_at_ms_p2: 1791358504960
mapped_worker_p2: cfe6aa420e8d
mapped_ms_p3: 374
mapped_finished_at_ms_p3: 1791358504979
mapped_worker_p3: 7832cce49622
mapped_duration_spread_ms: 480
mapped_finish_spread_ms: 482
mapped_duration_spread_scope: parent_sum_of_task_durations
mapped_worker_load_ms: {"23b78ffaa58b": 408, "6331ebc89130": 836, "7832cce49622": 374, "cfe6aa420e8d": 356}
mapped_worker_load_spread_ms: 480
task_metrics_json: [{"id":"20261007_p025_s3_unsplit-p2","partition_id":2,"subpartition_id":null,"rows":5194,"mapped_ms":356,"mapped_finished_at_ms":1791358504960,"worker":"cfe6aa420e8d"},{"id":"20261007_p025_s3_unsplit-p3","partition_id":3,"subpartition_id":null,"rows":5556,"mapped_ms":374,"mapped_finished_at_ms":1791358504979,"worker":"7832cce49622"},{"id":"20261007_p025_s3_unsplit-p1","partition_id":1,"subpartition_id":null,"rows":5458,"mapped_ms":408,"mapped_finished_at_ms":1791358505011,"worker":"23b78ffaa58b"},{"id":"20261007_p025_s3_unsplit-p0","partition_id":0,"subpartition_id":null,"rows":12469,"mapped_ms":836,"mapped_finished_at_ms":1791358505442,"worker":"6331ebc89130"}]
phase_compute_delta_s: 3.743
phase_partition_s: 0.120
phase_normalize_s: 0.095
phase_dispatch_s: 0.008
phase_wait_workers_s: 0.868
phase_merge_stale_apply_s: 4.052
conflict_dup_rows: 0
total_retries: 0
lock_wait_ms_total: 0
lock_contention_total: 0
elapsed_seconds: 8.887
