tag: 20261007_p050_s2_split
k: 4
subpartition_threshold: 1.7
subpartition_factor: 4
task_count: 7
partition_rows: 28677
partition0_share_skew_s: 2.484779
partition_0_rows: 17814
partition_1_rows: 3662
partition_2_rows: 3537
partition_3_rows: 3664
mapped_ms_p0: 1401
mapped_finished_at_ms_p0: 1791358366728
mapped_worker_p0: 23b78ffaa58b,6331ebc89130,7832cce49622,cfe6aa420e8d
mapped_ms_p1: 323
mapped_finished_at_ms_p1: 1791358366951
mapped_worker_p1: 7832cce49622
mapped_ms_p2: 337
mapped_finished_at_ms_p2: 1791358366994
mapped_worker_p2: 23b78ffaa58b
mapped_ms_p3: 265
mapped_finished_at_ms_p3: 1791358366991
mapped_worker_p3: 6331ebc89130
mapped_duration_spread_ms: 1136
mapped_finish_spread_ms: 266
mapped_duration_spread_scope: parent_sum_of_task_durations
mapped_worker_load_ms: {"23b78ffaa58b": 656, "6331ebc89130": 654, "7832cce49622": 612, "cfe6aa420e8d": 404}
mapped_worker_load_spread_ms: 252
task_metrics_json: [{"id":"20261007_p050_s2_split-p0-s2","partition_id":0,"subpartition_id":2,"rows":4453,"mapped_ms":289,"mapped_finished_at_ms":1791358366614,"worker":"7832cce49622"},{"id":"20261007_p050_s2_split-p0-s3","partition_id":0,"subpartition_id":3,"rows":4453,"mapped_ms":319,"mapped_finished_at_ms":1791358366645,"worker":"23b78ffaa58b"},{"id":"20261007_p050_s2_split-p0-s0","partition_id":0,"subpartition_id":0,"rows":4454,"mapped_ms":389,"mapped_finished_at_ms":1791358366713,"worker":"6331ebc89130"},{"id":"20261007_p050_s2_split-p0-s1","partition_id":0,"subpartition_id":1,"rows":4454,"mapped_ms":404,"mapped_finished_at_ms":1791358366728,"worker":"cfe6aa420e8d"},{"id":"20261007_p050_s2_split-p1","partition_id":1,"subpartition_id":null,"rows":3662,"mapped_ms":323,"mapped_finished_at_ms":1791358366951,"worker":"7832cce49622"},{"id":"20261007_p050_s2_split-p3","partition_id":3,"subpartition_id":null,"rows":3664,"mapped_ms":265,"mapped_finished_at_ms":1791358366991,"worker":"6331ebc89130"},{"id":"20261007_p050_s2_split-p2","partition_id":2,"subpartition_id":null,"rows":3537,"mapped_ms":337,"mapped_finished_at_ms":1791358366994,"worker":"23b78ffaa58b"}]
phase_compute_delta_s: 3.661
phase_partition_s: 0.126
phase_normalize_s: 0.153
phase_dispatch_s: 0.012
phase_wait_workers_s: 0.685
phase_merge_stale_apply_s: 4.074
conflict_dup_rows: 0
total_retries: 0
lock_wait_ms_total: 0
lock_contention_total: 0
elapsed_seconds: 8.710
