tag: 20261007_p000_s2_split
k: 4
subpartition_threshold: 1.7
subpartition_factor: 4
task_count: 4
partition_rows: 28677
partition0_share_skew_s: 1.017540
partition_0_rows: 7295
partition_1_rows: 7112
partition_2_rows: 6999
partition_3_rows: 7271
mapped_ms_p0: 660
mapped_finished_at_ms_p0: 1791358423239
mapped_worker_p0: 23b78ffaa58b
mapped_ms_p1: 671
mapped_finished_at_ms_p1: 1791358423252
mapped_worker_p1: cfe6aa420e8d
mapped_ms_p2: 600
mapped_finished_at_ms_p2: 1791358423182
mapped_worker_p2: 7832cce49622
mapped_ms_p3: 567
mapped_finished_at_ms_p3: 1791358423150
mapped_worker_p3: 6331ebc89130
mapped_duration_spread_ms: 104
mapped_finish_spread_ms: 102
mapped_duration_spread_scope: parent_sum_of_task_durations
mapped_worker_load_ms: {"23b78ffaa58b": 660, "6331ebc89130": 567, "7832cce49622": 600, "cfe6aa420e8d": 671}
mapped_worker_load_spread_ms: 104
task_metrics_json: [{"id":"20261007_p000_s2_split-p3","partition_id":3,"subpartition_id":null,"rows":7271,"mapped_ms":567,"mapped_finished_at_ms":1791358423150,"worker":"6331ebc89130"},{"id":"20261007_p000_s2_split-p2","partition_id":2,"subpartition_id":null,"rows":6999,"mapped_ms":600,"mapped_finished_at_ms":1791358423182,"worker":"7832cce49622"},{"id":"20261007_p000_s2_split-p0","partition_id":0,"subpartition_id":null,"rows":7295,"mapped_ms":660,"mapped_finished_at_ms":1791358423239,"worker":"23b78ffaa58b"},{"id":"20261007_p000_s2_split-p1","partition_id":1,"subpartition_id":null,"rows":7112,"mapped_ms":671,"mapped_finished_at_ms":1791358423252,"worker":"cfe6aa420e8d"}]
phase_compute_delta_s: 4.164
phase_partition_s: 0.142
phase_normalize_s: 0.100
phase_dispatch_s: 0.011
phase_wait_workers_s: 0.694
phase_merge_stale_apply_s: 4.173
conflict_dup_rows: 0
total_retries: 0
lock_wait_ms_total: 0
lock_contention_total: 0
elapsed_seconds: 9.282
