tag: 20261007_p075_s3_split
k: 4
subpartition_threshold: 1.7
subpartition_factor: 4
task_count: 7
partition_rows: 28677
partition0_share_skew_s: 3.235764
partition_0_rows: 23198
partition_1_rows: 1891
partition_2_rows: 1707
partition_3_rows: 1881
mapped_ms_p0: 1593
mapped_finished_at_ms_p0: 1791358459763
mapped_worker_p0: 23b78ffaa58b,6331ebc89130,7832cce49622,cfe6aa420e8d
mapped_ms_p1: 126
mapped_finished_at_ms_p1: 1791358459867
mapped_worker_p1: cfe6aa420e8d
mapped_ms_p2: 127
mapped_finished_at_ms_p2: 1791358459884
mapped_worker_p2: 7832cce49622
mapped_ms_p3: 129
mapped_finished_at_ms_p3: 1791358459913
mapped_worker_p3: 6331ebc89130
mapped_duration_spread_ms: 1467
mapped_finish_spread_ms: 150
mapped_duration_spread_scope: parent_sum_of_task_durations
mapped_worker_load_ms: {"23b78ffaa58b": 414, "6331ebc89130": 537, "7832cce49622": 521, "cfe6aa420e8d": 503}
mapped_worker_load_spread_ms: 123
task_metrics_json: [{"id":"20261007_p075_s3_split-p0-s3","partition_id":0,"subpartition_id":3,"rows":5799,"mapped_ms":377,"mapped_finished_at_ms":1791358459726,"worker":"cfe6aa420e8d"},{"id":"20261007_p075_s3_split-p0-s0","partition_id":0,"subpartition_id":0,"rows":5800,"mapped_ms":394,"mapped_finished_at_ms":1791358459740,"worker":"7832cce49622"},{"id":"20261007_p075_s3_split-p0-s1","partition_id":0,"subpartition_id":1,"rows":5800,"mapped_ms":408,"mapped_finished_at_ms":1791358459756,"worker":"6331ebc89130"},{"id":"20261007_p075_s3_split-p0-s2","partition_id":0,"subpartition_id":2,"rows":5799,"mapped_ms":414,"mapped_finished_at_ms":1791358459763,"worker":"23b78ffaa58b"},{"id":"20261007_p075_s3_split-p1","partition_id":1,"subpartition_id":null,"rows":1891,"mapped_ms":126,"mapped_finished_at_ms":1791358459867,"worker":"cfe6aa420e8d"},{"id":"20261007_p075_s3_split-p2","partition_id":2,"subpartition_id":null,"rows":1707,"mapped_ms":127,"mapped_finished_at_ms":1791358459884,"worker":"7832cce49622"},{"id":"20261007_p075_s3_split-p3","partition_id":3,"subpartition_id":null,"rows":1881,"mapped_ms":129,"mapped_finished_at_ms":1791358459913,"worker":"6331ebc89130"}]
phase_compute_delta_s: 3.717
phase_partition_s: 0.120
phase_normalize_s: 0.164
phase_dispatch_s: 0.012
phase_wait_workers_s: 0.572
phase_merge_stale_apply_s: 3.994
conflict_dup_rows: 0
total_retries: 0
lock_wait_ms_total: 0
lock_contention_total: 0
elapsed_seconds: 8.579
