tag: 20261007_p000_s4_unsplit
k: 4
subpartition_threshold: off
subpartition_factor: 4
task_count: 4
partition_rows: 28677
partition0_share_skew_s: 1.023538
partition_0_rows: 7338
partition_1_rows: 7185
partition_2_rows: 6937
partition_3_rows: 7217
mapped_ms_p0: 534
mapped_finished_at_ms_p0: 1791358559853
mapped_worker_p0: 7832cce49622
mapped_ms_p1: 568
mapped_finished_at_ms_p1: 1791358559888
mapped_worker_p1: 23b78ffaa58b
mapped_ms_p2: 521
mapped_finished_at_ms_p2: 1791358559842
mapped_worker_p2: cfe6aa420e8d
mapped_ms_p3: 544
mapped_finished_at_ms_p3: 1791358559866
mapped_worker_p3: 6331ebc89130
mapped_duration_spread_ms: 47
mapped_finish_spread_ms: 46
mapped_duration_spread_scope: parent_sum_of_task_durations
mapped_worker_load_ms: {"23b78ffaa58b": 568, "6331ebc89130": 544, "7832cce49622": 534, "cfe6aa420e8d": 521}
mapped_worker_load_spread_ms: 47
task_metrics_json: [{"id":"20261007_p000_s4_unsplit-p2","partition_id":2,"subpartition_id":null,"rows":6937,"mapped_ms":521,"mapped_finished_at_ms":1791358559842,"worker":"cfe6aa420e8d"},{"id":"20261007_p000_s4_unsplit-p0","partition_id":0,"subpartition_id":null,"rows":7338,"mapped_ms":534,"mapped_finished_at_ms":1791358559853,"worker":"7832cce49622"},{"id":"20261007_p000_s4_unsplit-p3","partition_id":3,"subpartition_id":null,"rows":7217,"mapped_ms":544,"mapped_finished_at_ms":1791358559866,"worker":"6331ebc89130"},{"id":"20261007_p000_s4_unsplit-p1","partition_id":1,"subpartition_id":null,"rows":7185,"mapped_ms":568,"mapped_finished_at_ms":1791358559888,"worker":"23b78ffaa58b"}]
phase_compute_delta_s: 3.500
phase_partition_s: 0.130
phase_normalize_s: 0.100
phase_dispatch_s: 0.009
phase_wait_workers_s: 0.596
phase_merge_stale_apply_s: 3.828
conflict_dup_rows: 0
total_retries: 0
lock_wait_ms_total: 0
lock_contention_total: 0
elapsed_seconds: 8.163
