tag: 20261007_p000_s3_split
k: 4
subpartition_threshold: 1.7
subpartition_factor: 4
task_count: 4
partition_rows: 28677
partition0_share_skew_s: 1.012519
partition_0_rows: 7259
partition_1_rows: 7247
partition_2_rows: 6914
partition_3_rows: 7257
mapped_ms_p0: 589
mapped_finished_at_ms_p0: 1791358488030
mapped_worker_p0: 6331ebc89130
mapped_ms_p1: 531
mapped_finished_at_ms_p1: 1791358487973
mapped_worker_p1: cfe6aa420e8d
mapped_ms_p2: 469
mapped_finished_at_ms_p2: 1791358487912
mapped_worker_p2: 23b78ffaa58b
mapped_ms_p3: 481
mapped_finished_at_ms_p3: 1791358487925
mapped_worker_p3: 7832cce49622
mapped_duration_spread_ms: 120
mapped_finish_spread_ms: 118
mapped_duration_spread_scope: parent_sum_of_task_durations
mapped_worker_load_ms: {"23b78ffaa58b": 469, "6331ebc89130": 589, "7832cce49622": 481, "cfe6aa420e8d": 531}
mapped_worker_load_spread_ms: 120
task_metrics_json: [{"id":"20261007_p000_s3_split-p2","partition_id":2,"subpartition_id":null,"rows":6914,"mapped_ms":469,"mapped_finished_at_ms":1791358487912,"worker":"23b78ffaa58b"},{"id":"20261007_p000_s3_split-p3","partition_id":3,"subpartition_id":null,"rows":7257,"mapped_ms":481,"mapped_finished_at_ms":1791358487925,"worker":"7832cce49622"},{"id":"20261007_p000_s3_split-p1","partition_id":1,"subpartition_id":null,"rows":7247,"mapped_ms":531,"mapped_finished_at_ms":1791358487973,"worker":"cfe6aa420e8d"},{"id":"20261007_p000_s3_split-p0","partition_id":0,"subpartition_id":null,"rows":7259,"mapped_ms":589,"mapped_finished_at_ms":1791358488030,"worker":"6331ebc89130"}]
phase_compute_delta_s: 3.817
phase_partition_s: 0.121
phase_normalize_s: 0.101
phase_dispatch_s: 0.008
phase_wait_workers_s: 0.610
phase_merge_stale_apply_s: 3.986
conflict_dup_rows: 0
total_retries: 0
lock_wait_ms_total: 0
lock_contention_total: 0
elapsed_seconds: 8.643
