tag: 20261007_p025_s4_unsplit
k: 4
subpartition_threshold: off
subpartition_factor: 4
task_count: 4
partition_rows: 28677
partition0_share_skew_s: 1.725425
partition_0_rows: 12370
partition_1_rows: 5521
partition_2_rows: 5233
partition_3_rows: 5553
mapped_ms_p0: 793
mapped_finished_at_ms_p0: 1791358586594
mapped_worker_p0: 7832cce49622
mapped_ms_p1: 409
mapped_finished_at_ms_p1: 1791358586207
mapped_worker_p1: 23b78ffaa58b
mapped_ms_p2: 368
mapped_finished_at_ms_p2: 1791358586167
mapped_worker_p2: 6331ebc89130
mapped_ms_p3: 379
mapped_finished_at_ms_p3: 1791358586179
mapped_worker_p3: cfe6aa420e8d
mapped_duration_spread_ms: 425
mapped_finish_spread_ms: 427
mapped_duration_spread_scope: parent_sum_of_task_durations
mapped_worker_load_ms: {"23b78ffaa58b": 409, "6331ebc89130": 368, "7832cce49622": 793, "cfe6aa420e8d": 379}
mapped_worker_load_spread_ms: 425
task_metrics_json: [{"id":"20261007_p025_s4_unsplit-p2","partition_id":2,"subpartition_id":null,"rows":5233,"mapped_ms":368,"mapped_finished_at_ms":1791358586167,"worker":"6331ebc89130"},{"id":"20261007_p025_s4_unsplit-p3","partition_id":3,"subpartition_id":null,"rows":5553,"mapped_ms":379,"mapped_finished_at_ms":1791358586179,"worker":"cfe6aa420e8d"},{"id":"20261007_p025_s4_unsplit-p1","partition_id":1,"subpartition_id":null,"rows":5521,"mapped_ms":409,"mapped_finished_at_ms":1791358586207,"worker":"23b78ffaa58b"},{"id":"20261007_p025_s4_unsplit-p0","partition_id":0,"subpartition_id":null,"rows":12370,"mapped_ms":793,"mapped_finished_at_ms":1791358586594,"worker":"7832cce49622"}]
phase_compute_delta_s: 3.738
phase_partition_s: 0.130
phase_normalize_s: 0.100
phase_dispatch_s: 0.009
phase_wait_workers_s: 0.827
phase_merge_stale_apply_s: 4.221
conflict_dup_rows: 0
total_retries: 0
lock_wait_ms_total: 0
lock_contention_total: 0
elapsed_seconds: 9.024
