tag: 20261007_p025_s2_split
k: 4
subpartition_threshold: 1.7
subpartition_factor: 4
task_count: 7
partition_rows: 28677
partition0_share_skew_s: 1.746766
partition_0_rows: 12523
partition_1_rows: 5582
partition_2_rows: 5110
partition_3_rows: 5462
mapped_ms_p0: 1226
mapped_finished_at_ms_p0: 1791358338757
mapped_worker_p0: 23b78ffaa58b,6331ebc89130,7832cce49622,cfe6aa420e8d
mapped_ms_p1: 543
mapped_finished_at_ms_p1: 1791358339209
mapped_worker_p1: 7832cce49622
mapped_ms_p2: 389
mapped_finished_at_ms_p2: 1791358339075
mapped_worker_p2: cfe6aa420e8d
mapped_ms_p3: 404
mapped_finished_at_ms_p3: 1791358339131
mapped_worker_p3: 23b78ffaa58b
mapped_duration_spread_ms: 837
mapped_finish_spread_ms: 452
mapped_duration_spread_scope: parent_sum_of_task_durations
mapped_worker_load_ms: {"23b78ffaa58b": 727, "6331ebc89130": 364, "7832cce49622": 805, "cfe6aa420e8d": 666}
mapped_worker_load_spread_ms: 441
task_metrics_json: [{"id":"20261007_p025_s2_split-p0-s0","partition_id":0,"subpartition_id":0,"rows":3131,"mapped_ms":262,"mapped_finished_at_ms":1791358338652,"worker":"7832cce49622"},{"id":"20261007_p025_s2_split-p0-s3","partition_id":0,"subpartition_id":3,"rows":3130,"mapped_ms":277,"mapped_finished_at_ms":1791358338670,"worker":"cfe6aa420e8d"},{"id":"20261007_p025_s2_split-p0-s2","partition_id":0,"subpartition_id":2,"rows":3131,"mapped_ms":323,"mapped_finished_at_ms":1791358338715,"worker":"23b78ffaa58b"},{"id":"20261007_p025_s2_split-p0-s1","partition_id":0,"subpartition_id":1,"rows":3131,"mapped_ms":364,"mapped_finished_at_ms":1791358338757,"worker":"6331ebc89130"},{"id":"20261007_p025_s2_split-p2","partition_id":2,"subpartition_id":null,"rows":5110,"mapped_ms":389,"mapped_finished_at_ms":1791358339075,"worker":"cfe6aa420e8d"},{"id":"20261007_p025_s2_split-p3","partition_id":3,"subpartition_id":null,"rows":5462,"mapped_ms":404,"mapped_finished_at_ms":1791358339131,"worker":"23b78ffaa58b"},{"id":"20261007_p025_s2_split-p1","partition_id":1,"subpartition_id":null,"rows":5582,"mapped_ms":543,"mapped_finished_at_ms":1791358339209,"worker":"7832cce49622"}]
phase_compute_delta_s: 3.470
phase_partition_s: 0.134
phase_normalize_s: 0.174
phase_dispatch_s: 0.012
phase_wait_workers_s: 0.835
phase_merge_stale_apply_s: 4.103
conflict_dup_rows: 0
total_retries: 0
lock_wait_ms_total: 0
lock_contention_total: 0
elapsed_seconds: 8.729
