tag: 20261007_p075_s5_split
k: 4
subpartition_threshold: 1.7
subpartition_factor: 4
task_count: 7
partition_rows: 28677
partition0_share_skew_s: 3.232277
partition_0_rows: 23173
partition_1_rows: 1872
partition_2_rows: 1743
partition_3_rows: 1889
mapped_ms_p0: 1808
mapped_finished_at_ms_p0: 1791358703506
mapped_worker_p0: 23b78ffaa58b,6331ebc89130,7832cce49622,cfe6aa420e8d
mapped_ms_p1: 139
mapped_finished_at_ms_p1: 1791358703588
mapped_worker_p1: 23b78ffaa58b
mapped_ms_p2: 123
mapped_finished_at_ms_p2: 1791358703612
mapped_worker_p2: 6331ebc89130
mapped_ms_p3: 193
mapped_finished_at_ms_p3: 1791358703685
mapped_worker_p3: 7832cce49622
mapped_duration_spread_ms: 1685
mapped_finish_spread_ms: 179
mapped_duration_spread_scope: parent_sum_of_task_durations
mapped_worker_load_ms: {"23b78ffaa58b": 553, "6331ebc89130": 572, "7832cce49622": 647, "cfe6aa420e8d": 491}
mapped_worker_load_spread_ms: 156
task_metrics_json: [{"id":"20261007_p075_s5_split-p0-s2","partition_id":0,"subpartition_id":2,"rows":5793,"mapped_ms":414,"mapped_finished_at_ms":1791358703429,"worker":"23b78ffaa58b"},{"id":"20261007_p075_s5_split-p0-s1","partition_id":0,"subpartition_id":1,"rows":5793,"mapped_ms":449,"mapped_finished_at_ms":1791358703462,"worker":"6331ebc89130"},{"id":"20261007_p075_s5_split-p0-s0","partition_id":0,"subpartition_id":0,"rows":5794,"mapped_ms":454,"mapped_finished_at_ms":1791358703467,"worker":"7832cce49622"},{"id":"20261007_p075_s5_split-p0-s3","partition_id":0,"subpartition_id":3,"rows":5793,"mapped_ms":491,"mapped_finished_at_ms":1791358703506,"worker":"cfe6aa420e8d"},{"id":"20261007_p075_s5_split-p1","partition_id":1,"subpartition_id":null,"rows":1872,"mapped_ms":139,"mapped_finished_at_ms":1791358703588,"worker":"23b78ffaa58b"},{"id":"20261007_p075_s5_split-p2","partition_id":2,"subpartition_id":null,"rows":1743,"mapped_ms":123,"mapped_finished_at_ms":1791358703612,"worker":"6331ebc89130"},{"id":"20261007_p075_s5_split-p3","partition_id":3,"subpartition_id":null,"rows":1889,"mapped_ms":193,"mapped_finished_at_ms":1791358703685,"worker":"7832cce49622"}]
phase_compute_delta_s: 4.137
phase_partition_s: 0.142
phase_normalize_s: 0.176
phase_dispatch_s: 0.012
phase_wait_workers_s: 0.678
phase_merge_stale_apply_s: 5.048
conflict_dup_rows: 0
total_retries: 0
lock_wait_ms_total: 0
lock_contention_total: 0
elapsed_seconds: 10.193
