tag: 20261007_p000_s5_unsplit
k: 4
subpartition_threshold: off
subpartition_factor: 4
task_count: 4
partition_rows: 28677
partition0_share_skew_s: 1.021027
partition_0_rows: 7320
partition_1_rows: 7234
partition_2_rows: 6877
partition_3_rows: 7246
mapped_ms_p0: 609
mapped_finished_at_ms_p0: 1791358644981
mapped_worker_p0: 6331ebc89130
mapped_ms_p1: 544
mapped_finished_at_ms_p1: 1791358644918
mapped_worker_p1: 23b78ffaa58b
mapped_ms_p2: 498
mapped_finished_at_ms_p2: 1791358644873
mapped_worker_p2: 7832cce49622
mapped_ms_p3: 519
mapped_finished_at_ms_p3: 1791358644896
mapped_worker_p3: cfe6aa420e8d
mapped_duration_spread_ms: 111
mapped_finish_spread_ms: 108
mapped_duration_spread_scope: parent_sum_of_task_durations
mapped_worker_load_ms: {"23b78ffaa58b": 544, "6331ebc89130": 609, "7832cce49622": 498, "cfe6aa420e8d": 519}
mapped_worker_load_spread_ms: 111
task_metrics_json: [{"id":"20261007_p000_s5_unsplit-p2","partition_id":2,"subpartition_id":null,"rows":6877,"mapped_ms":498,"mapped_finished_at_ms":1791358644873,"worker":"7832cce49622"},{"id":"20261007_p000_s5_unsplit-p3","partition_id":3,"subpartition_id":null,"rows":7246,"mapped_ms":519,"mapped_finished_at_ms":1791358644896,"worker":"cfe6aa420e8d"},{"id":"20261007_p000_s5_unsplit-p1","partition_id":1,"subpartition_id":null,"rows":7234,"mapped_ms":544,"mapped_finished_at_ms":1791358644918,"worker":"23b78ffaa58b"},{"id":"20261007_p000_s5_unsplit-p0","partition_id":0,"subpartition_id":null,"rows":7320,"mapped_ms":609,"mapped_finished_at_ms":1791358644981,"worker":"6331ebc89130"}]
phase_compute_delta_s: 4.492
phase_partition_s: 0.139
phase_normalize_s: 0.099
phase_dispatch_s: 0.010
phase_wait_workers_s: 0.628
phase_merge_stale_apply_s: 4.456
conflict_dup_rows: 0
total_retries: 0
lock_wait_ms_total: 0
lock_contention_total: 0
elapsed_seconds: 9.824
