tag: 20261007_p075_s3_unsplit
k: 4
subpartition_threshold: off
subpartition_factor: 4
task_count: 4
partition_rows: 28677
partition0_share_skew_s: 3.235764
partition_0_rows: 23198
partition_1_rows: 1891
partition_2_rows: 1707
partition_3_rows: 1881
mapped_ms_p0: 1571
mapped_finished_at_ms_p0: 1791358450928
mapped_worker_p0: cfe6aa420e8d
mapped_ms_p1: 174
mapped_finished_at_ms_p1: 1791358449524
mapped_worker_p1: 23b78ffaa58b
mapped_ms_p2: 147
mapped_finished_at_ms_p2: 1791358449496
mapped_worker_p2: 7832cce49622
mapped_ms_p3: 173
mapped_finished_at_ms_p3: 1791358449524
mapped_worker_p3: 6331ebc89130
mapped_duration_spread_ms: 1424
mapped_finish_spread_ms: 1432
mapped_duration_spread_scope: parent_sum_of_task_durations
mapped_worker_load_ms: {"23b78ffaa58b": 174, "6331ebc89130": 173, "7832cce49622": 147, "cfe6aa420e8d": 1571}
mapped_worker_load_spread_ms: 1424
task_metrics_json: [{"id":"20261007_p075_s3_unsplit-p2","partition_id":2,"subpartition_id":null,"rows":1707,"mapped_ms":147,"mapped_finished_at_ms":1791358449496,"worker":"7832cce49622"},{"id":"20261007_p075_s3_unsplit-p1","partition_id":1,"subpartition_id":null,"rows":1891,"mapped_ms":174,"mapped_finished_at_ms":1791358449524,"worker":"23b78ffaa58b"},{"id":"20261007_p075_s3_unsplit-p3","partition_id":3,"subpartition_id":null,"rows":1881,"mapped_ms":173,"mapped_finished_at_ms":1791358449524,"worker":"6331ebc89130"},{"id":"20261007_p075_s3_unsplit-p0","partition_id":0,"subpartition_id":null,"rows":23198,"mapped_ms":1571,"mapped_finished_at_ms":1791358450928,"worker":"cfe6aa420e8d"}]
phase_compute_delta_s: 3.562
phase_partition_s: 0.128
phase_normalize_s: 0.097
phase_dispatch_s: 0.008
phase_wait_workers_s: 1.625
phase_merge_stale_apply_s: 4.325
conflict_dup_rows: 0
total_retries: 0
lock_wait_ms_total: 0
lock_contention_total: 0
elapsed_seconds: 9.745
