tag: 20261007_p050_s4_split
k: 4
subpartition_threshold: 1.7
subpartition_factor: 4
task_count: 7
partition_rows: 28677
partition0_share_skew_s: 2.476549
partition_0_rows: 17755
partition_1_rows: 3687
partition_2_rows: 3573
partition_3_rows: 3662
mapped_ms_p0: 1416
mapped_finished_at_ms_p0: 1791358604788
mapped_worker_p0: 23b78ffaa58b,6331ebc89130,7832cce49622,cfe6aa420e8d
mapped_ms_p1: 257
mapped_finished_at_ms_p1: 1791358604985
mapped_worker_p1: 6331ebc89130
mapped_ms_p2: 249
mapped_finished_at_ms_p2: 1791358604980
mapped_worker_p2: 7832cce49622
mapped_ms_p3: 259
mapped_finished_at_ms_p3: 1791358605006
mapped_worker_p3: cfe6aa420e8d
mapped_duration_spread_ms: 1167
mapped_finish_spread_ms: 218
mapped_duration_spread_scope: parent_sum_of_task_durations
mapped_worker_load_ms: {"23b78ffaa58b": 408, "6331ebc89130": 582, "7832cce49622": 580, "cfe6aa420e8d": 611}
mapped_worker_load_spread_ms: 203
task_metrics_json: [{"id":"20261007_p050_s4_split-p0-s3","partition_id":0,"subpartition_id":3,"rows":4438,"mapped_ms":325,"mapped_finished_at_ms":1791358604706,"worker":"6331ebc89130"},{"id":"20261007_p050_s4_split-p0-s2","partition_id":0,"subpartition_id":2,"rows":4439,"mapped_ms":331,"mapped_finished_at_ms":1791358604712,"worker":"7832cce49622"},{"id":"20261007_p050_s4_split-p0-s0","partition_id":0,"subpartition_id":0,"rows":4439,"mapped_ms":352,"mapped_finished_at_ms":1791358604731,"worker":"cfe6aa420e8d"},{"id":"20261007_p050_s4_split-p0-s1","partition_id":0,"subpartition_id":1,"rows":4439,"mapped_ms":408,"mapped_finished_at_ms":1791358604788,"worker":"23b78ffaa58b"},{"id":"20261007_p050_s4_split-p2","partition_id":2,"subpartition_id":null,"rows":3573,"mapped_ms":249,"mapped_finished_at_ms":1791358604980,"worker":"7832cce49622"},{"id":"20261007_p050_s4_split-p1","partition_id":1,"subpartition_id":null,"rows":3687,"mapped_ms":257,"mapped_finished_at_ms":1791358604985,"worker":"6331ebc89130"},{"id":"20261007_p050_s4_split-p3","partition_id":3,"subpartition_id":null,"rows":3662,"mapped_ms":259,"mapped_finished_at_ms":1791358605006,"worker":"cfe6aa420e8d"}]
phase_compute_delta_s: 3.834
phase_partition_s: 0.128
phase_normalize_s: 0.179
phase_dispatch_s: 0.013
phase_wait_workers_s: 0.635
phase_merge_stale_apply_s: 4.949
conflict_dup_rows: 0
total_retries: 0
lock_wait_ms_total: 0
lock_contention_total: 0
elapsed_seconds: 9.737
