tag: 20261007_p050_s3_unsplit
k: 4
subpartition_threshold: off
subpartition_factor: 4
task_count: 4
partition_rows: 28677
partition0_share_skew_s: 2.474457
partition_0_rows: 17740
partition_1_rows: 3684
partition_2_rows: 3548
partition_3_rows: 3705
mapped_ms_p0: 1235
mapped_finished_at_ms_p0: 1791358441487
mapped_worker_p0: 6331ebc89130
mapped_ms_p1: 291
mapped_finished_at_ms_p1: 1791358440537
mapped_worker_p1: 7832cce49622
mapped_ms_p2: 277
mapped_finished_at_ms_p2: 1791358440524
mapped_worker_p2: cfe6aa420e8d
mapped_ms_p3: 282
mapped_finished_at_ms_p3: 1791358440529
mapped_worker_p3: 23b78ffaa58b
mapped_duration_spread_ms: 958
mapped_finish_spread_ms: 963
mapped_duration_spread_scope: parent_sum_of_task_durations
mapped_worker_load_ms: {"23b78ffaa58b": 282, "6331ebc89130": 1235, "7832cce49622": 291, "cfe6aa420e8d": 277}
mapped_worker_load_spread_ms: 958
task_metrics_json: [{"id":"20261007_p050_s3_unsplit-p2","partition_id":2,"subpartition_id":null,"rows":3548,"mapped_ms":277,"mapped_finished_at_ms":1791358440524,"worker":"cfe6aa420e8d"},{"id":"20261007_p050_s3_unsplit-p3","partition_id":3,"subpartition_id":null,"rows":3705,"mapped_ms":282,"mapped_finished_at_ms":1791358440529,"worker":"23b78ffaa58b"},{"id":"20261007_p050_s3_unsplit-p1","partition_id":1,"subpartition_id":null,"rows":3684,"mapped_ms":291,"mapped_finished_at_ms":1791358440537,"worker":"7832cce49622"},{"id":"20261007_p050_s3_unsplit-p0","partition_id":0,"subpartition_id":null,"rows":17740,"mapped_ms":1235,"mapped_finished_at_ms":1791358441487,"worker":"6331ebc89130"}]
phase_compute_delta_s: 3.589
phase_partition_s: 0.114
phase_normalize_s: 0.094
phase_dispatch_s: 0.008
phase_wait_workers_s: 1.283
phase_merge_stale_apply_s: 3.926
conflict_dup_rows: 0
total_retries: 0
lock_wait_ms_total: 0
lock_contention_total: 0
elapsed_seconds: 9.014
