tag: 20261007_p100_s4_unsplit
k: 4
subpartition_threshold: off
subpartition_factor: 4
task_count: 4
partition_rows: 28677
partition0_share_skew_s: 4.000000
partition_0_rows: 28677
partition_1_rows: 0
partition_2_rows: 0
partition_3_rows: 0
mapped_ms_p0: 1813
mapped_finished_at_ms_p0: 1791358541951
mapped_worker_p0: 7832cce49622
mapped_ms_p1: 0
mapped_finished_at_ms_p1: 1791358540131
mapped_worker_p1: 6331ebc89130
mapped_ms_p2: 0
mapped_finished_at_ms_p2: 1791358540131
mapped_worker_p2: cfe6aa420e8d
mapped_ms_p3: 0
mapped_finished_at_ms_p3: 1791358540132
mapped_worker_p3: 23b78ffaa58b
mapped_duration_spread_ms: 1813
mapped_finish_spread_ms: 1820
mapped_duration_spread_scope: parent_sum_of_task_durations
mapped_worker_load_ms: {"23b78ffaa58b": 0, "6331ebc89130": 0, "7832cce49622": 1813, "cfe6aa420e8d": 0}
mapped_worker_load_spread_ms: 1813
task_metrics_json: [{"id":"20261007_p100_s4_unsplit-p2","partition_id":2,"subpartition_id":null,"rows":0,"mapped_ms":0,"mapped_finished_at_ms":1791358540131,"worker":"cfe6aa420e8d"},{"id":"20261007_p100_s4_unsplit-p1","partition_id":1,"subpartition_id":null,"rows":0,"mapped_ms":0,"mapped_finished_at_ms":1791358540131,"worker":"6331ebc89130"},{"id":"20261007_p100_s4_unsplit-p3","partition_id":3,"subpartition_id":null,"rows":0,"mapped_ms":0,"mapped_finished_at_ms":1791358540132,"worker":"23b78ffaa58b"},{"id":"20261007_p100_s4_unsplit-p0","partition_id":0,"subpartition_id":null,"rows":28677,"mapped_ms":1813,"mapped_finished_at_ms":1791358541951,"worker":"7832cce49622"}]
phase_compute_delta_s: 3.504
phase_partition_s: 0.112
phase_normalize_s: 0.093
phase_dispatch_s: 0.008
phase_wait_workers_s: 1.914
phase_merge_stale_apply_s: 4.340
conflict_dup_rows: 0
total_retries: 0
lock_wait_ms_total: 0
lock_contention_total: 0
elapsed_seconds: 9.970
