tag: 20261007_p025_s3_split
k: 4
subpartition_threshold: 1.7
subpartition_factor: 4
task_count: 7
partition_rows: 28677
partition0_share_skew_s: 1.739234
partition_0_rows: 12469
partition_1_rows: 5458
partition_2_rows: 5194
partition_3_rows: 5556
mapped_ms_p0: 955
mapped_finished_at_ms_p0: 1791358513834
mapped_worker_p0: 23b78ffaa58b,6331ebc89130,7832cce49622,cfe6aa420e8d
mapped_ms_p1: 353
mapped_finished_at_ms_p1: 1791358514172
mapped_worker_p1: 7832cce49622
mapped_ms_p2: 356
mapped_finished_at_ms_p2: 1791358514176
mapped_worker_p2: 6331ebc89130
mapped_ms_p3: 379
mapped_finished_at_ms_p3: 1791358514202
mapped_worker_p3: cfe6aa420e8d
mapped_duration_spread_ms: 602
mapped_finish_spread_ms: 368
mapped_duration_spread_scope: parent_sum_of_task_durations
mapped_worker_load_ms: {"23b78ffaa58b": 264, "6331ebc89130": 584, "7832cce49622": 577, "cfe6aa420e8d": 618}
mapped_worker_load_spread_ms: 354
task_metrics_json: [{"id":"20261007_p025_s3_split-p0-s1","partition_id":0,"subpartition_id":1,"rows":3117,"mapped_ms":224,"mapped_finished_at_ms":1791358513795,"worker":"7832cce49622"},{"id":"20261007_p025_s3_split-p0-s3","partition_id":0,"subpartition_id":3,"rows":3117,"mapped_ms":228,"mapped_finished_at_ms":1791358513799,"worker":"6331ebc89130"},{"id":"20261007_p025_s3_split-p0-s0","partition_id":0,"subpartition_id":0,"rows":3118,"mapped_ms":239,"mapped_finished_at_ms":1791358513808,"worker":"cfe6aa420e8d"},{"id":"20261007_p025_s3_split-p0-s2","partition_id":0,"subpartition_id":2,"rows":3117,"mapped_ms":264,"mapped_finished_at_ms":1791358513834,"worker":"23b78ffaa58b"},{"id":"20261007_p025_s3_split-p1","partition_id":1,"subpartition_id":null,"rows":5458,"mapped_ms":353,"mapped_finished_at_ms":1791358514172,"worker":"7832cce49622"},{"id":"20261007_p025_s3_split-p2","partition_id":2,"subpartition_id":null,"rows":5194,"mapped_ms":356,"mapped_finished_at_ms":1791358514176,"worker":"6331ebc89130"},{"id":"20261007_p025_s3_split-p3","partition_id":3,"subpartition_id":null,"rows":5556,"mapped_ms":379,"mapped_finished_at_ms":1791358514202,"worker":"cfe6aa420e8d"}]
phase_compute_delta_s: 3.683
phase_partition_s: 0.132
phase_normalize_s: 0.182
phase_dispatch_s: 0.011
phase_wait_workers_s: 0.646
phase_merge_stale_apply_s: 4.327
conflict_dup_rows: 0
total_retries: 0
lock_wait_ms_total: 0
lock_contention_total: 0
elapsed_seconds: 8.982
