tag: 20261007_p025_s4_split
k: 4
subpartition_threshold: 1.7
subpartition_factor: 4
task_count: 7
partition_rows: 28677
partition0_share_skew_s: 1.725425
partition_0_rows: 12370
partition_1_rows: 5521
partition_2_rows: 5233
partition_3_rows: 5553
mapped_ms_p0: 985
mapped_finished_at_ms_p0: 1791358576972
mapped_worker_p0: 23b78ffaa58b,6331ebc89130,7832cce49622,cfe6aa420e8d
mapped_ms_p1: 441
mapped_finished_at_ms_p1: 1791358577359
mapped_worker_p1: cfe6aa420e8d
mapped_ms_p2: 375
mapped_finished_at_ms_p2: 1791358577307
mapped_worker_p2: 23b78ffaa58b
mapped_ms_p3: 383
mapped_finished_at_ms_p3: 1791358577350
mapped_worker_p3: 6331ebc89130
mapped_duration_spread_ms: 610
mapped_finish_spread_ms: 387
mapped_duration_spread_scope: parent_sum_of_task_durations
mapped_worker_load_ms: {"23b78ffaa58b": 604, "6331ebc89130": 647, "7832cce49622": 281, "cfe6aa420e8d": 652}
mapped_worker_load_spread_ms: 371
task_metrics_json: [{"id":"20261007_p025_s4_split-p0-s3","partition_id":0,"subpartition_id":3,"rows":3092,"mapped_ms":211,"mapped_finished_at_ms":1791358576904,"worker":"cfe6aa420e8d"},{"id":"20261007_p025_s4_split-p0-s2","partition_id":0,"subpartition_id":2,"rows":3092,"mapped_ms":229,"mapped_finished_at_ms":1791358576921,"worker":"23b78ffaa58b"},{"id":"20261007_p025_s4_split-p0-s1","partition_id":0,"subpartition_id":1,"rows":3093,"mapped_ms":264,"mapped_finished_at_ms":1791358576956,"worker":"6331ebc89130"},{"id":"20261007_p025_s4_split-p0-s0","partition_id":0,"subpartition_id":0,"rows":3093,"mapped_ms":281,"mapped_finished_at_ms":1791358576972,"worker":"7832cce49622"},{"id":"20261007_p025_s4_split-p2","partition_id":2,"subpartition_id":null,"rows":5233,"mapped_ms":375,"mapped_finished_at_ms":1791358577307,"worker":"23b78ffaa58b"},{"id":"20261007_p025_s4_split-p3","partition_id":3,"subpartition_id":null,"rows":5553,"mapped_ms":383,"mapped_finished_at_ms":1791358577350,"worker":"6331ebc89130"},{"id":"20261007_p025_s4_split-p1","partition_id":1,"subpartition_id":null,"rows":5521,"mapped_ms":441,"mapped_finished_at_ms":1791358577359,"worker":"cfe6aa420e8d"}]
phase_compute_delta_s: 3.869
phase_partition_s: 0.132
phase_normalize_s: 0.173
phase_dispatch_s: 0.011
phase_wait_workers_s: 0.684
phase_merge_stale_apply_s: 4.404
conflict_dup_rows: 0
total_retries: 0
lock_wait_ms_total: 0
lock_contention_total: 0
elapsed_seconds: 9.272
