tag: 20261007_p075_s4_unsplit
k: 4
subpartition_threshold: off
subpartition_factor: 4
task_count: 4
partition_rows: 28677
partition0_share_skew_s: 3.224047
partition_0_rows: 23114
partition_1_rows: 1842
partition_2_rows: 1856
partition_3_rows: 1865
mapped_ms_p0: 1535
mapped_finished_at_ms_p0: 1791358532312
mapped_worker_p0: 23b78ffaa58b
mapped_ms_p1: 135
mapped_finished_at_ms_p1: 1791358530903
mapped_worker_p1: cfe6aa420e8d
mapped_ms_p2: 133
mapped_finished_at_ms_p2: 1791358530901
mapped_worker_p2: 7832cce49622
mapped_ms_p3: 132
mapped_finished_at_ms_p3: 1791358530902
mapped_worker_p3: 6331ebc89130
mapped_duration_spread_ms: 1403
mapped_finish_spread_ms: 1411
mapped_duration_spread_scope: parent_sum_of_task_durations
mapped_worker_load_ms: {"23b78ffaa58b": 1535, "6331ebc89130": 132, "7832cce49622": 133, "cfe6aa420e8d": 135}
mapped_worker_load_spread_ms: 1403
task_metrics_json: [{"id":"20261007_p075_s4_unsplit-p2","partition_id":2,"subpartition_id":null,"rows":1856,"mapped_ms":133,"mapped_finished_at_ms":1791358530901,"worker":"7832cce49622"},{"id":"20261007_p075_s4_unsplit-p3","partition_id":3,"subpartition_id":null,"rows":1865,"mapped_ms":132,"mapped_finished_at_ms":1791358530902,"worker":"6331ebc89130"},{"id":"20261007_p075_s4_unsplit-p1","partition_id":1,"subpartition_id":null,"rows":1842,"mapped_ms":135,"mapped_finished_at_ms":1791358530903,"worker":"cfe6aa420e8d"},{"id":"20261007_p075_s4_unsplit-p0","partition_id":0,"subpartition_id":null,"rows":23114,"mapped_ms":1535,"mapped_finished_at_ms":1791358532312,"worker":"23b78ffaa58b"}]
phase_compute_delta_s: 3.657
phase_partition_s: 0.111
phase_normalize_s: 0.089
phase_dispatch_s: 0.008
phase_wait_workers_s: 1.588
phase_merge_stale_apply_s: 3.964
conflict_dup_rows: 0
total_retries: 0
lock_wait_ms_total: 0
lock_contention_total: 0
elapsed_seconds: 9.417
