tag: 20261007_p075_s1_unsplit
k: 4
subpartition_threshold: off
subpartition_factor: 4
task_count: 4
partition_rows: 28677
partition0_share_skew_s: 3.238693
partition_0_rows: 23219
partition_1_rows: 1829
partition_2_rows: 1710
partition_3_rows: 1919
mapped_ms_p0: 1615
mapped_finished_at_ms_p0: 1791358301825
mapped_worker_p0: 7832cce49622
mapped_ms_p1: 235
mapped_finished_at_ms_p1: 1791358300437
mapped_worker_p1: 6331ebc89130
mapped_ms_p2: 198
mapped_finished_at_ms_p2: 1791358300400
mapped_worker_p2: cfe6aa420e8d
mapped_ms_p3: 213
mapped_finished_at_ms_p3: 1791358300415
mapped_worker_p3: 23b78ffaa58b
mapped_duration_spread_ms: 1417
mapped_finish_spread_ms: 1425
mapped_duration_spread_scope: parent_sum_of_task_durations
mapped_worker_load_ms: {"23b78ffaa58b": 213, "6331ebc89130": 235, "7832cce49622": 1615, "cfe6aa420e8d": 198}
mapped_worker_load_spread_ms: 1417
task_metrics_json: [{"id":"20261007_p075_s1_unsplit-p2","partition_id":2,"subpartition_id":null,"rows":1710,"mapped_ms":198,"mapped_finished_at_ms":1791358300400,"worker":"cfe6aa420e8d"},{"id":"20261007_p075_s1_unsplit-p3","partition_id":3,"subpartition_id":null,"rows":1919,"mapped_ms":213,"mapped_finished_at_ms":1791358300415,"worker":"23b78ffaa58b"},{"id":"20261007_p075_s1_unsplit-p1","partition_id":1,"subpartition_id":null,"rows":1829,"mapped_ms":235,"mapped_finished_at_ms":1791358300437,"worker":"6331ebc89130"},{"id":"20261007_p075_s1_unsplit-p0","partition_id":0,"subpartition_id":null,"rows":23219,"mapped_ms":1615,"mapped_finished_at_ms":1791358301825,"worker":"7832cce49622"}]
phase_compute_delta_s: 3.966
phase_partition_s: 0.119
phase_normalize_s: 0.094
phase_dispatch_s: 0.010
phase_wait_workers_s: 1.676
phase_merge_stale_apply_s: 4.275
conflict_dup_rows: 0
total_retries: 0
lock_wait_ms_total: 0
lock_contention_total: 0
elapsed_seconds: 10.139
