tag: 20261007_p025_s1_split
k: 4
subpartition_threshold: 1.7
subpartition_factor: 4
task_count: 7
partition_rows: 28677
partition0_share_skew_s: 1.750113
partition_0_rows: 12547
partition_1_rows: 5501
partition_2_rows: 5127
partition_3_rows: 5502
mapped_ms_p0: 1738
mapped_finished_at_ms_p0: 1791358272209
mapped_worker_p0: 23b78ffaa58b,6331ebc89130,7832cce49622,cfe6aa420e8d
mapped_ms_p1: 544
mapped_finished_at_ms_p1: 1791358272678
mapped_worker_p1: 6331ebc89130
mapped_ms_p2: 589
mapped_finished_at_ms_p2: 1791358272775
mapped_worker_p2: 7832cce49622
mapped_ms_p3: 595
mapped_finished_at_ms_p3: 1791358272804
mapped_worker_p3: cfe6aa420e8d
mapped_duration_spread_ms: 1194
mapped_finish_spread_ms: 595
mapped_duration_spread_scope: parent_sum_of_task_durations
mapped_worker_load_ms: {"23b78ffaa58b": 470, "6331ebc89130": 926, "7832cce49622": 1021, "cfe6aa420e8d": 1049}
mapped_worker_load_spread_ms: 579
task_metrics_json: [{"id":"20261007_p025_s1_split-p0-s3","partition_id":0,"subpartition_id":3,"rows":3136,"mapped_ms":382,"mapped_finished_at_ms":1791358272122,"worker":"6331ebc89130"},{"id":"20261007_p025_s1_split-p0-s2","partition_id":0,"subpartition_id":2,"rows":3137,"mapped_ms":432,"mapped_finished_at_ms":1791358272172,"worker":"7832cce49622"},{"id":"20261007_p025_s1_split-p0-s0","partition_id":0,"subpartition_id":0,"rows":3137,"mapped_ms":454,"mapped_finished_at_ms":1791358272192,"worker":"cfe6aa420e8d"},{"id":"20261007_p025_s1_split-p0-s1","partition_id":0,"subpartition_id":1,"rows":3137,"mapped_ms":470,"mapped_finished_at_ms":1791358272209,"worker":"23b78ffaa58b"},{"id":"20261007_p025_s1_split-p1","partition_id":1,"subpartition_id":null,"rows":5501,"mapped_ms":544,"mapped_finished_at_ms":1791358272678,"worker":"6331ebc89130"},{"id":"20261007_p025_s1_split-p2","partition_id":2,"subpartition_id":null,"rows":5127,"mapped_ms":589,"mapped_finished_at_ms":1791358272775,"worker":"7832cce49622"},{"id":"20261007_p025_s1_split-p3","partition_id":3,"subpartition_id":null,"rows":5502,"mapped_ms":595,"mapped_finished_at_ms":1791358272804,"worker":"cfe6aa420e8d"}]
phase_compute_delta_s: 3.772
phase_partition_s: 0.128
phase_normalize_s: 0.165
phase_dispatch_s: 0.012
phase_wait_workers_s: 1.078
phase_merge_stale_apply_s: 4.149
conflict_dup_rows: 0
total_retries: 0
lock_wait_ms_total: 0
lock_contention_total: 0
elapsed_seconds: 9.305
