tag: 20261007_p025_s1_unsplit
k: 4
subpartition_threshold: off
subpartition_factor: 4
task_count: 4
partition_rows: 28677
partition0_share_skew_s: 1.750113
partition_0_rows: 12547
partition_1_rows: 5501
partition_2_rows: 5127
partition_3_rows: 5502
mapped_ms_p0: 1489
mapped_finished_at_ms_p0: 1791358263423
mapped_worker_p0: 6331ebc89130
mapped_ms_p1: 861
mapped_finished_at_ms_p1: 1791358262792
mapped_worker_p1: 23b78ffaa58b
mapped_ms_p2: 800
mapped_finished_at_ms_p2: 1791358262726
mapped_worker_p2: cfe6aa420e8d
mapped_ms_p3: 873
mapped_finished_at_ms_p3: 1791358262806
mapped_worker_p3: 7832cce49622
mapped_duration_spread_ms: 689
mapped_finish_spread_ms: 697
mapped_duration_spread_scope: parent_sum_of_task_durations
mapped_worker_load_ms: {"23b78ffaa58b": 861, "6331ebc89130": 1489, "7832cce49622": 873, "cfe6aa420e8d": 800}
mapped_worker_load_spread_ms: 689
task_metrics_json: [{"id":"20261007_p025_s1_unsplit-p2","partition_id":2,"subpartition_id":null,"rows":5127,"mapped_ms":800,"mapped_finished_at_ms":1791358262726,"worker":"cfe6aa420e8d"},{"id":"20261007_p025_s1_unsplit-p1","partition_id":1,"subpartition_id":null,"rows":5501,"mapped_ms":861,"mapped_finished_at_ms":1791358262792,"worker":"23b78ffaa58b"},{"id":"20261007_p025_s1_unsplit-p3","partition_id":3,"subpartition_id":null,"rows":5502,"mapped_ms":873,"mapped_finished_at_ms":1791358262806,"worker":"7832cce49622"},{"id":"20261007_p025_s1_unsplit-p0","partition_id":0,"subpartition_id":null,"rows":12547,"mapped_ms":1489,"mapped_finished_at_ms":1791358263423,"worker":"6331ebc89130"}]
phase_compute_delta_s: 3.924
phase_partition_s: 0.130
phase_normalize_s: 0.107
phase_dispatch_s: 0.011
phase_wait_workers_s: 1.532
phase_merge_stale_apply_s: 4.170
conflict_dup_rows: 0
total_retries: 0
lock_wait_ms_total: 0
lock_contention_total: 0
elapsed_seconds: 9.874
