tag: 20261007_p025_s2_unsplit
k: 4
subpartition_threshold: off
subpartition_factor: 4
task_count: 4
partition_rows: 28677
partition0_share_skew_s: 1.746766
partition_0_rows: 12523
partition_1_rows: 5582
partition_2_rows: 5110
partition_3_rows: 5462
mapped_ms_p0: 892
mapped_finished_at_ms_p0: 1791358348038
mapped_worker_p0: 6331ebc89130
mapped_ms_p1: 521
mapped_finished_at_ms_p1: 1791358347662
mapped_worker_p1: cfe6aa420e8d
mapped_ms_p2: 396
mapped_finished_at_ms_p2: 1791358347538
mapped_worker_p2: 23b78ffaa58b
mapped_ms_p3: 577
mapped_finished_at_ms_p3: 1791358347719
mapped_worker_p3: 7832cce49622
mapped_duration_spread_ms: 496
mapped_finish_spread_ms: 500
mapped_duration_spread_scope: parent_sum_of_task_durations
mapped_worker_load_ms: {"23b78ffaa58b": 396, "6331ebc89130": 892, "7832cce49622": 577, "cfe6aa420e8d": 521}
mapped_worker_load_spread_ms: 496
task_metrics_json: [{"id":"20261007_p025_s2_unsplit-p2","partition_id":2,"subpartition_id":null,"rows":5110,"mapped_ms":396,"mapped_finished_at_ms":1791358347538,"worker":"23b78ffaa58b"},{"id":"20261007_p025_s2_unsplit-p1","partition_id":1,"subpartition_id":null,"rows":5582,"mapped_ms":521,"mapped_finished_at_ms":1791358347662,"worker":"cfe6aa420e8d"},{"id":"20261007_p025_s2_unsplit-p3","partition_id":3,"subpartition_id":null,"rows":5462,"mapped_ms":577,"mapped_finished_at_ms":1791358347719,"worker":"7832cce49622"},{"id":"20261007_p025_s2_unsplit-p0","partition_id":0,"subpartition_id":null,"rows":12523,"mapped_ms":892,"mapped_finished_at_ms":1791358348038,"worker":"6331ebc89130"}]
phase_compute_delta_s: 3.559
phase_partition_s: 0.113
phase_normalize_s: 0.091
phase_dispatch_s: 0.008
phase_wait_workers_s: 0.926
phase_merge_stale_apply_s: 3.961
conflict_dup_rows: 0
total_retries: 0
lock_wait_ms_total: 0
lock_contention_total: 0
elapsed_seconds: 8.658
