tag: 20261007_p050_s3_split
k: 4
subpartition_threshold: 1.7
subpartition_factor: 4
task_count: 7
partition_rows: 28677
partition0_share_skew_s: 2.474457
partition_0_rows: 17740
partition_1_rows: 3684
partition_2_rows: 3548
partition_3_rows: 3705
mapped_ms_p0: 1336
mapped_finished_at_ms_p0: 1791358432255
mapped_worker_p0: 23b78ffaa58b,6331ebc89130,7832cce49622,cfe6aa420e8d
mapped_ms_p1: 293
mapped_finished_at_ms_p1: 1791358432448
mapped_worker_p1: 23b78ffaa58b
mapped_ms_p2: 232
mapped_finished_at_ms_p2: 1791358432389
mapped_worker_p2: 7832cce49622
mapped_ms_p3: 279
mapped_finished_at_ms_p3: 1791358432438
mapped_worker_p3: cfe6aa420e8d
mapped_duration_spread_ms: 1104
mapped_finish_spread_ms: 193
mapped_duration_spread_scope: parent_sum_of_task_durations
mapped_worker_load_ms: {"23b78ffaa58b": 589, "6331ebc89130": 430, "7832cce49622": 528, "cfe6aa420e8d": 593}
mapped_worker_load_spread_ms: 163
task_metrics_json: [{"id":"20261007_p050_s3_split-p0-s2","partition_id":0,"subpartition_id":2,"rows":4435,"mapped_ms":296,"mapped_finished_at_ms":1791358432122,"worker":"23b78ffaa58b"},{"id":"20261007_p050_s3_split-p0-s1","partition_id":0,"subpartition_id":1,"rows":4435,"mapped_ms":296,"mapped_finished_at_ms":1791358432122,"worker":"7832cce49622"},{"id":"20261007_p050_s3_split-p0-s3","partition_id":0,"subpartition_id":3,"rows":4435,"mapped_ms":314,"mapped_finished_at_ms":1791358432141,"worker":"cfe6aa420e8d"},{"id":"20261007_p050_s3_split-p0-s0","partition_id":0,"subpartition_id":0,"rows":4435,"mapped_ms":430,"mapped_finished_at_ms":1791358432255,"worker":"6331ebc89130"},{"id":"20261007_p050_s3_split-p2","partition_id":2,"subpartition_id":null,"rows":3548,"mapped_ms":232,"mapped_finished_at_ms":1791358432389,"worker":"7832cce49622"},{"id":"20261007_p050_s3_split-p3","partition_id":3,"subpartition_id":null,"rows":3705,"mapped_ms":279,"mapped_finished_at_ms":1791358432438,"worker":"cfe6aa420e8d"},{"id":"20261007_p050_s3_split-p1","partition_id":1,"subpartition_id":null,"rows":3684,"mapped_ms":293,"mapped_finished_at_ms":1791358432448,"worker":"23b78ffaa58b"}]
phase_compute_delta_s: 3.942
phase_partition_s: 0.128
phase_normalize_s: 0.163
phase_dispatch_s: 0.012
phase_wait_workers_s: 0.631
phase_merge_stale_apply_s: 3.946
conflict_dup_rows: 0
total_retries: 0
lock_wait_ms_total: 0
lock_contention_total: 0
elapsed_seconds: 8.822
