tag: 20261007_p025_s5_split
k: 4
subpartition_threshold: 1.7
subpartition_factor: 4
task_count: 7
partition_rows: 28677
partition0_share_skew_s: 1.746766
partition_0_rows: 12523
partition_1_rows: 5495
partition_2_rows: 5251
partition_3_rows: 5408
mapped_ms_p0: 996
mapped_finished_at_ms_p0: 1791358664489
mapped_worker_p0: 23b78ffaa58b,6331ebc89130,7832cce49622,cfe6aa420e8d
mapped_ms_p1: 466
mapped_finished_at_ms_p1: 1791358664919
mapped_worker_p1: 7832cce49622
mapped_ms_p2: 379
mapped_finished_at_ms_p2: 1791358664864
mapped_worker_p2: 6331ebc89130
mapped_ms_p3: 441
mapped_finished_at_ms_p3: 1791358664931
mapped_worker_p3: cfe6aa420e8d
mapped_duration_spread_ms: 617
mapped_finish_spread_ms: 442
mapped_duration_spread_scope: parent_sum_of_task_durations
mapped_worker_load_ms: {"23b78ffaa58b": 273, "6331ebc89130": 626, "7832cce49622": 689, "cfe6aa420e8d": 694}
mapped_worker_load_spread_ms: 421
task_metrics_json: [{"id":"20261007_p025_s5_split-p0-s3","partition_id":0,"subpartition_id":3,"rows":3130,"mapped_ms":223,"mapped_finished_at_ms":1791358664441,"worker":"7832cce49622"},{"id":"20261007_p025_s5_split-p0-s2","partition_id":0,"subpartition_id":2,"rows":3131,"mapped_ms":247,"mapped_finished_at_ms":1791358664465,"worker":"6331ebc89130"},{"id":"20261007_p025_s5_split-p0-s1","partition_id":0,"subpartition_id":1,"rows":3131,"mapped_ms":253,"mapped_finished_at_ms":1791358664469,"worker":"cfe6aa420e8d"},{"id":"20261007_p025_s5_split-p0-s0","partition_id":0,"subpartition_id":0,"rows":3131,"mapped_ms":273,"mapped_finished_at_ms":1791358664489,"worker":"23b78ffaa58b"},{"id":"20261007_p025_s5_split-p2","partition_id":2,"subpartition_id":null,"rows":5251,"mapped_ms":379,"mapped_finished_at_ms":1791358664864,"worker":"6331ebc89130"},{"id":"20261007_p025_s5_split-p1","partition_id":1,"subpartition_id":null,"rows":5495,"mapped_ms":466,"mapped_finished_at_ms":1791358664919,"worker":"7832cce49622"},{"id":"20261007_p025_s5_split-p3","partition_id":3,"subpartition_id":null,"rows":5408,"mapped_ms":441,"mapped_finished_at_ms":1791358664931,"worker":"cfe6aa420e8d"}]
phase_compute_delta_s: 3.759
phase_partition_s: 0.124
phase_normalize_s: 0.174
phase_dispatch_s: 0.015
phase_wait_workers_s: 0.728
phase_merge_stale_apply_s: 4.396
conflict_dup_rows: 0
total_retries: 0
lock_wait_ms_total: 0
lock_contention_total: 0
elapsed_seconds: 9.196
