tag: 20261007_p000_s2_unsplit
k: 4
subpartition_threshold: off
subpartition_factor: 4
task_count: 4
partition_rows: 28677
partition0_share_skew_s: 1.017540
partition_0_rows: 7295
partition_1_rows: 7112
partition_2_rows: 6999
partition_3_rows: 7271
mapped_ms_p0: 586
mapped_finished_at_ms_p0: 1791358413314
mapped_worker_p0: 7832cce49622
mapped_ms_p1: 665
mapped_finished_at_ms_p1: 1791358413395
mapped_worker_p1: 6331ebc89130
mapped_ms_p2: 495
mapped_finished_at_ms_p2: 1791358413225
mapped_worker_p2: 23b78ffaa58b
mapped_ms_p3: 566
mapped_finished_at_ms_p3: 1791358413298
mapped_worker_p3: cfe6aa420e8d
mapped_duration_spread_ms: 170
mapped_finish_spread_ms: 170
mapped_duration_spread_scope: parent_sum_of_task_durations
mapped_worker_load_ms: {"23b78ffaa58b": 495, "6331ebc89130": 665, "7832cce49622": 586, "cfe6aa420e8d": 566}
mapped_worker_load_spread_ms: 170
task_metrics_json: [{"id":"20261007_p000_s2_unsplit-p2","partition_id":2,"subpartition_id":null,"rows":6999,"mapped_ms":495,"mapped_finished_at_ms":1791358413225,"worker":"23b78ffaa58b"},{"id":"20261007_p000_s2_unsplit-p3","partition_id":3,"subpartition_id":null,"rows":7271,"mapped_ms":566,"mapped_finished_at_ms":1791358413298,"worker":"cfe6aa420e8d"},{"id":"20261007_p000_s2_unsplit-p0","partition_id":0,"subpartition_id":null,"rows":7295,"mapped_ms":586,"mapped_finished_at_ms":1791358413314,"worker":"7832cce49622"},{"id":"20261007_p000_s2_unsplit-p1","partition_id":1,"subpartition_id":null,"rows":7112,"mapped_ms":665,"mapped_finished_at_ms":1791358413395,"worker":"6331ebc89130"}]
phase_compute_delta_s: 3.601
phase_partition_s: 0.115
phase_normalize_s: 0.092
phase_dispatch_s: 0.009
phase_wait_workers_s: 0.691
phase_merge_stale_apply_s: 4.696
conflict_dup_rows: 0
total_retries: 0
lock_wait_ms_total: 0
lock_contention_total: 0
elapsed_seconds: 9.204
