tag: 20261007_p100_s4_split
k: 4
subpartition_threshold: 1.7
subpartition_factor: 4
task_count: 7
partition_rows: 28677
partition0_share_skew_s: 4.000000
partition_0_rows: 28677
partition_1_rows: 0
partition_2_rows: 0
partition_3_rows: 0
mapped_ms_p0: 1940
mapped_finished_at_ms_p0: 1791358551273
mapped_worker_p0: 23b78ffaa58b,6331ebc89130,7832cce49622,cfe6aa420e8d
mapped_ms_p1: 0
mapped_finished_at_ms_p1: 1791358551215
mapped_worker_p1: 7832cce49622
mapped_ms_p2: 0
mapped_finished_at_ms_p2: 1791358551216
mapped_worker_p2: 7832cce49622
mapped_ms_p3: 0
mapped_finished_at_ms_p3: 1791358551217
mapped_worker_p3: 7832cce49622
mapped_duration_spread_ms: 1940
mapped_finish_spread_ms: 58
mapped_duration_spread_scope: parent_sum_of_task_durations
mapped_worker_load_ms: {"23b78ffaa58b": 486, "6331ebc89130": 521, "7832cce49622": 443, "cfe6aa420e8d": 490}
mapped_worker_load_spread_ms: 78
task_metrics_json: [{"id":"20261007_p100_s4_split-p0-s3","partition_id":0,"subpartition_id":3,"rows":7169,"mapped_ms":443,"mapped_finished_at_ms":1791358551197,"worker":"7832cce49622"},{"id":"20261007_p100_s4_split-p1","partition_id":1,"subpartition_id":null,"rows":0,"mapped_ms":0,"mapped_finished_at_ms":1791358551215,"worker":"7832cce49622"},{"id":"20261007_p100_s4_split-p2","partition_id":2,"subpartition_id":null,"rows":0,"mapped_ms":0,"mapped_finished_at_ms":1791358551216,"worker":"7832cce49622"},{"id":"20261007_p100_s4_split-p3","partition_id":3,"subpartition_id":null,"rows":0,"mapped_ms":0,"mapped_finished_at_ms":1791358551217,"worker":"7832cce49622"},{"id":"20261007_p100_s4_split-p0-s2","partition_id":0,"subpartition_id":2,"rows":7169,"mapped_ms":486,"mapped_finished_at_ms":1791358551238,"worker":"23b78ffaa58b"},{"id":"20261007_p100_s4_split-p0-s1","partition_id":0,"subpartition_id":1,"rows":7169,"mapped_ms":490,"mapped_finished_at_ms":1791358551243,"worker":"cfe6aa420e8d"},{"id":"20261007_p100_s4_split-p0-s0","partition_id":0,"subpartition_id":0,"rows":7170,"mapped_ms":521,"mapped_finished_at_ms":1791358551273,"worker":"6331ebc89130"}]
phase_compute_delta_s: 4.009
phase_partition_s: 0.119
phase_normalize_s: 0.168
phase_dispatch_s: 0.011
phase_wait_workers_s: 0.539
phase_merge_stale_apply_s: 4.187
conflict_dup_rows: 0
total_retries: 0
lock_wait_ms_total: 0
lock_contention_total: 0
elapsed_seconds: 9.033
