tag: 20261007_p100_s2_split
k: 4
subpartition_threshold: 1.7
subpartition_factor: 4
task_count: 7
partition_rows: 28677
partition0_share_skew_s: 4.000000
partition_0_rows: 28677
partition_1_rows: 0
partition_2_rows: 0
partition_3_rows: 0
mapped_ms_p0: 2178
mapped_finished_at_ms_p0: 1791358404806
mapped_worker_p0: 23b78ffaa58b,6331ebc89130,7832cce49622,cfe6aa420e8d
mapped_ms_p1: 0
mapped_finished_at_ms_p1: 1791358404698
mapped_worker_p1: 7832cce49622
mapped_ms_p2: 0
mapped_finished_at_ms_p2: 1791358404699
mapped_worker_p2: 7832cce49622
mapped_ms_p3: 0
mapped_finished_at_ms_p3: 1791358404700
mapped_worker_p3: 7832cce49622
mapped_duration_spread_ms: 2178
mapped_finish_spread_ms: 108
mapped_duration_spread_scope: parent_sum_of_task_durations
mapped_worker_load_ms: {"23b78ffaa58b": 573, "6331ebc89130": 523, "7832cce49622": 474, "cfe6aa420e8d": 608}
mapped_worker_load_spread_ms: 134
task_metrics_json: [{"id":"20261007_p100_s2_split-p0-s3","partition_id":0,"subpartition_id":3,"rows":7169,"mapped_ms":474,"mapped_finished_at_ms":1791358404675,"worker":"7832cce49622"},{"id":"20261007_p100_s2_split-p1","partition_id":1,"subpartition_id":null,"rows":0,"mapped_ms":0,"mapped_finished_at_ms":1791358404698,"worker":"7832cce49622"},{"id":"20261007_p100_s2_split-p2","partition_id":2,"subpartition_id":null,"rows":0,"mapped_ms":0,"mapped_finished_at_ms":1791358404699,"worker":"7832cce49622"},{"id":"20261007_p100_s2_split-p3","partition_id":3,"subpartition_id":null,"rows":0,"mapped_ms":0,"mapped_finished_at_ms":1791358404700,"worker":"7832cce49622"},{"id":"20261007_p100_s2_split-p0-s2","partition_id":0,"subpartition_id":2,"rows":7169,"mapped_ms":523,"mapped_finished_at_ms":1791358404724,"worker":"6331ebc89130"},{"id":"20261007_p100_s2_split-p0-s1","partition_id":0,"subpartition_id":1,"rows":7169,"mapped_ms":573,"mapped_finished_at_ms":1791358404773,"worker":"23b78ffaa58b"},{"id":"20261007_p100_s2_split-p0-s0","partition_id":0,"subpartition_id":0,"rows":7170,"mapped_ms":608,"mapped_finished_at_ms":1791358404806,"worker":"cfe6aa420e8d"}]
phase_compute_delta_s: 3.553
phase_partition_s: 0.119
phase_normalize_s: 0.158
phase_dispatch_s: 0.012
phase_wait_workers_s: 0.623
phase_merge_stale_apply_s: 3.996
conflict_dup_rows: 0
total_retries: 0
lock_wait_ms_total: 0
lock_contention_total: 0
elapsed_seconds: 8.461
