tag: 20261007_p000_s5_split
k: 4
subpartition_threshold: 1.7
subpartition_factor: 4
task_count: 4
partition_rows: 28677
partition0_share_skew_s: 1.021027
partition_0_rows: 7320
partition_1_rows: 7234
partition_2_rows: 6877
partition_3_rows: 7246
mapped_ms_p0: 614
mapped_finished_at_ms_p0: 1791358634578
mapped_worker_p0: cfe6aa420e8d
mapped_ms_p1: 608
mapped_finished_at_ms_p1: 1791358634574
mapped_worker_p1: 7832cce49622
mapped_ms_p2: 582
mapped_finished_at_ms_p2: 1791358634548
mapped_worker_p2: 23b78ffaa58b
mapped_ms_p3: 565
mapped_finished_at_ms_p3: 1791358634533
mapped_worker_p3: 6331ebc89130
mapped_duration_spread_ms: 49
mapped_finish_spread_ms: 45
mapped_duration_spread_scope: parent_sum_of_task_durations
mapped_worker_load_ms: {"23b78ffaa58b": 582, "6331ebc89130": 565, "7832cce49622": 608, "cfe6aa420e8d": 614}
mapped_worker_load_spread_ms: 49
task_metrics_json: [{"id":"20261007_p000_s5_split-p3","partition_id":3,"subpartition_id":null,"rows":7246,"mapped_ms":565,"mapped_finished_at_ms":1791358634533,"worker":"6331ebc89130"},{"id":"20261007_p000_s5_split-p2","partition_id":2,"subpartition_id":null,"rows":6877,"mapped_ms":582,"mapped_finished_at_ms":1791358634548,"worker":"23b78ffaa58b"},{"id":"20261007_p000_s5_split-p1","partition_id":1,"subpartition_id":null,"rows":7234,"mapped_ms":608,"mapped_finished_at_ms":1791358634574,"worker":"7832cce49622"},{"id":"20261007_p000_s5_split-p0","partition_id":0,"subpartition_id":null,"rows":7320,"mapped_ms":614,"mapped_finished_at_ms":1791358634578,"worker":"cfe6aa420e8d"}]
phase_compute_delta_s: 4.062
phase_partition_s: 0.133
phase_normalize_s: 0.103
phase_dispatch_s: 0.011
phase_wait_workers_s: 0.649
phase_merge_stale_apply_s: 4.979
conflict_dup_rows: 0
total_retries: 0
lock_wait_ms_total: 0
lock_contention_total: 0
elapsed_seconds: 9.937
