tag: 20261007_p050_s1_unsplit
k: 4
subpartition_threshold: off
subpartition_factor: 4
task_count: 4
partition_rows: 28677
partition0_share_skew_s: 2.483523
partition_0_rows: 17805
partition_1_rows: 3708
partition_2_rows: 3441
partition_3_rows: 3723
mapped_ms_p0: 1475
mapped_finished_at_ms_p0: 1791358291631
mapped_worker_p0: 23b78ffaa58b
mapped_ms_p1: 417
mapped_finished_at_ms_p1: 1791358290568
mapped_worker_p1: 6331ebc89130
mapped_ms_p2: 379
mapped_finished_at_ms_p2: 1791358290531
mapped_worker_p2: 7832cce49622
mapped_ms_p3: 455
mapped_finished_at_ms_p3: 1791358290608
mapped_worker_p3: cfe6aa420e8d
mapped_duration_spread_ms: 1096
mapped_finish_spread_ms: 1100
mapped_duration_spread_scope: parent_sum_of_task_durations
mapped_worker_load_ms: {"23b78ffaa58b": 1475, "6331ebc89130": 417, "7832cce49622": 379, "cfe6aa420e8d": 455}
mapped_worker_load_spread_ms: 1096
task_metrics_json: [{"id":"20261007_p050_s1_unsplit-p2","partition_id":2,"subpartition_id":null,"rows":3441,"mapped_ms":379,"mapped_finished_at_ms":1791358290531,"worker":"7832cce49622"},{"id":"20261007_p050_s1_unsplit-p1","partition_id":1,"subpartition_id":null,"rows":3708,"mapped_ms":417,"mapped_finished_at_ms":1791358290568,"worker":"6331ebc89130"},{"id":"20261007_p050_s1_unsplit-p3","partition_id":3,"subpartition_id":null,"rows":3723,"mapped_ms":455,"mapped_finished_at_ms":1791358290608,"worker":"cfe6aa420e8d"},{"id":"20261007_p050_s1_unsplit-p0","partition_id":0,"subpartition_id":null,"rows":17805,"mapped_ms":1475,"mapped_finished_at_ms":1791358291631,"worker":"23b78ffaa58b"}]
phase_compute_delta_s: 3.747
phase_partition_s: 0.119
phase_normalize_s: 0.095
phase_dispatch_s: 0.009
phase_wait_workers_s: 1.519
phase_merge_stale_apply_s: 4.240
conflict_dup_rows: 0
total_retries: 0
lock_wait_ms_total: 0
lock_contention_total: 0
elapsed_seconds: 9.728
