tag: 20261007_p050_s1_split
k: 4
subpartition_threshold: 1.7
subpartition_factor: 4
task_count: 7
partition_rows: 28677
partition0_share_skew_s: 2.483523
partition_0_rows: 17805
partition_1_rows: 3708
partition_2_rows: 3441
partition_3_rows: 3723
mapped_ms_p0: 2008
mapped_finished_at_ms_p0: 1791358281615
mapped_worker_p0: 23b78ffaa58b,6331ebc89130,7832cce49622,cfe6aa420e8d
mapped_ms_p1: 361
mapped_finished_at_ms_p1: 1791358281759
mapped_worker_p1: 6331ebc89130
mapped_ms_p2: 458
mapped_finished_at_ms_p2: 1791358281904
mapped_worker_p2: 7832cce49622
mapped_ms_p3: 470
mapped_finished_at_ms_p3: 1791358281970
mapped_worker_p3: cfe6aa420e8d
mapped_duration_spread_ms: 1647
mapped_finish_spread_ms: 355
mapped_duration_spread_scope: parent_sum_of_task_durations
mapped_worker_load_ms: {"23b78ffaa58b": 640, "6331ebc89130": 769, "7832cce49622": 911, "cfe6aa420e8d": 977}
mapped_worker_load_spread_ms: 337
task_metrics_json: [{"id":"20261007_p050_s1_split-p0-s1","partition_id":0,"subpartition_id":1,"rows":4451,"mapped_ms":408,"mapped_finished_at_ms":1791358281384,"worker":"6331ebc89130"},{"id":"20261007_p050_s1_split-p0-s2","partition_id":0,"subpartition_id":2,"rows":4451,"mapped_ms":453,"mapped_finished_at_ms":1791358281430,"worker":"7832cce49622"},{"id":"20261007_p050_s1_split-p0-s3","partition_id":0,"subpartition_id":3,"rows":4451,"mapped_ms":507,"mapped_finished_at_ms":1791358281485,"worker":"cfe6aa420e8d"},{"id":"20261007_p050_s1_split-p0-s0","partition_id":0,"subpartition_id":0,"rows":4452,"mapped_ms":640,"mapped_finished_at_ms":1791358281615,"worker":"23b78ffaa58b"},{"id":"20261007_p050_s1_split-p1","partition_id":1,"subpartition_id":null,"rows":3708,"mapped_ms":361,"mapped_finished_at_ms":1791358281759,"worker":"6331ebc89130"},{"id":"20261007_p050_s1_split-p2","partition_id":2,"subpartition_id":null,"rows":3441,"mapped_ms":458,"mapped_finished_at_ms":1791358281904,"worker":"7832cce49622"},{"id":"20261007_p050_s1_split-p3","partition_id":3,"subpartition_id":null,"rows":3723,"mapped_ms":470,"mapped_finished_at_ms":1791358281970,"worker":"cfe6aa420e8d"}]
phase_compute_delta_s: 3.610
phase_partition_s: 0.132
phase_normalize_s: 0.160
phase_dispatch_s: 0.009
phase_wait_workers_s: 1.005
phase_merge_stale_apply_s: 4.162
conflict_dup_rows: 0
total_retries: 0
lock_wait_ms_total: 0
lock_contention_total: 0
elapsed_seconds: 9.079
