tag: 20261007_p075_s5_unsplit
k: 4
subpartition_threshold: off
subpartition_factor: 4
task_count: 4
partition_rows: 28677
partition0_share_skew_s: 3.232277
partition_0_rows: 23173
partition_1_rows: 1872
partition_2_rows: 1743
partition_3_rows: 1889
mapped_ms_p0: 1469
mapped_finished_at_ms_p0: 1791358693915
mapped_worker_p0: cfe6aa420e8d
mapped_ms_p1: 173
mapped_finished_at_ms_p1: 1791358692611
mapped_worker_p1: 6331ebc89130
mapped_ms_p2: 148
mapped_finished_at_ms_p2: 1791358692586
mapped_worker_p2: 7832cce49622
mapped_ms_p3: 189
mapped_finished_at_ms_p3: 1791358692627
mapped_worker_p3: 23b78ffaa58b
mapped_duration_spread_ms: 1321
mapped_finish_spread_ms: 1329
mapped_duration_spread_scope: parent_sum_of_task_durations
mapped_worker_load_ms: {"23b78ffaa58b": 189, "6331ebc89130": 173, "7832cce49622": 148, "cfe6aa420e8d": 1469}
mapped_worker_load_spread_ms: 1321
task_metrics_json: [{"id":"20261007_p075_s5_unsplit-p2","partition_id":2,"subpartition_id":null,"rows":1743,"mapped_ms":148,"mapped_finished_at_ms":1791358692586,"worker":"7832cce49622"},{"id":"20261007_p075_s5_unsplit-p1","partition_id":1,"subpartition_id":null,"rows":1872,"mapped_ms":173,"mapped_finished_at_ms":1791358692611,"worker":"6331ebc89130"},{"id":"20261007_p075_s5_unsplit-p3","partition_id":3,"subpartition_id":null,"rows":1889,"mapped_ms":189,"mapped_finished_at_ms":1791358692627,"worker":"23b78ffaa58b"},{"id":"20261007_p075_s5_unsplit-p0","partition_id":0,"subpartition_id":null,"rows":23173,"mapped_ms":1469,"mapped_finished_at_ms":1791358693915,"worker":"cfe6aa420e8d"}]
phase_compute_delta_s: 3.916
phase_partition_s: 0.116
phase_normalize_s: 0.094
phase_dispatch_s: 0.008
phase_wait_workers_s: 1.528
phase_merge_stale_apply_s: 4.545
conflict_dup_rows: 0
total_retries: 0
lock_wait_ms_total: 0
lock_contention_total: 0
elapsed_seconds: 10.208
