tag: 20261007_p050_s5_split
k: 4
subpartition_threshold: 1.7
subpartition_factor: 4
task_count: 7
partition_rows: 28677
partition0_share_skew_s: 2.490916
partition_0_rows: 17858
partition_1_rows: 3671
partition_2_rows: 3449
partition_3_rows: 3699
mapped_ms_p0: 1468
mapped_finished_at_ms_p0: 1791358673963
mapped_worker_p0: 23b78ffaa58b,6331ebc89130,7832cce49622,cfe6aa420e8d
mapped_ms_p1: 271
mapped_finished_at_ms_p1: 1791358674178
mapped_worker_p1: cfe6aa420e8d
mapped_ms_p2: 263
mapped_finished_at_ms_p2: 1791358674172
mapped_worker_p2: 7832cce49622
mapped_ms_p3: 273
mapped_finished_at_ms_p3: 1791358674199
mapped_worker_p3: 6331ebc89130
mapped_duration_spread_ms: 1205
mapped_finish_spread_ms: 236
mapped_duration_spread_scope: parent_sum_of_task_durations
mapped_worker_load_ms: {"23b78ffaa58b": 422, "6331ebc89130": 637, "7832cce49622": 611, "cfe6aa420e8d": 605}
mapped_worker_load_spread_ms: 215
task_metrics_json: [{"id":"20261007_p050_s5_split-p0-s3","partition_id":0,"subpartition_id":3,"rows":4464,"mapped_ms":334,"mapped_finished_at_ms":1791358673878,"worker":"cfe6aa420e8d"},{"id":"20261007_p050_s5_split-p0-s2","partition_id":0,"subpartition_id":2,"rows":4464,"mapped_ms":348,"mapped_finished_at_ms":1791358673891,"worker":"7832cce49622"},{"id":"20261007_p050_s5_split-p0-s1","partition_id":0,"subpartition_id":1,"rows":4465,"mapped_ms":364,"mapped_finished_at_ms":1791358673907,"worker":"6331ebc89130"},{"id":"20261007_p050_s5_split-p0-s0","partition_id":0,"subpartition_id":0,"rows":4465,"mapped_ms":422,"mapped_finished_at_ms":1791358673963,"worker":"23b78ffaa58b"},{"id":"20261007_p050_s5_split-p2","partition_id":2,"subpartition_id":null,"rows":3449,"mapped_ms":263,"mapped_finished_at_ms":1791358674172,"worker":"7832cce49622"},{"id":"20261007_p050_s5_split-p1","partition_id":1,"subpartition_id":null,"rows":3671,"mapped_ms":271,"mapped_finished_at_ms":1791358674178,"worker":"cfe6aa420e8d"},{"id":"20261007_p050_s5_split-p3","partition_id":3,"subpartition_id":null,"rows":3699,"mapped_ms":273,"mapped_finished_at_ms":1791358674199,"worker":"6331ebc89130"}]
phase_compute_delta_s: 3.774
phase_partition_s: 0.135
phase_normalize_s: 0.184
phase_dispatch_s: 0.013
phase_wait_workers_s: 0.667
phase_merge_stale_apply_s: 4.718
conflict_dup_rows: 0
total_retries: 0
lock_wait_ms_total: 0
lock_contention_total: 0
elapsed_seconds: 9.491
