tag: 20261007_p000_s4_split
k: 4
subpartition_threshold: 1.7
subpartition_factor: 4
task_count: 4
partition_rows: 28677
partition0_share_skew_s: 1.023538
partition_0_rows: 7338
partition_1_rows: 7185
partition_2_rows: 6937
partition_3_rows: 7217
mapped_ms_p0: 515
mapped_finished_at_ms_p0: 1791358568223
mapped_worker_p0: cfe6aa420e8d
mapped_ms_p1: 474
mapped_finished_at_ms_p1: 1791358568184
mapped_worker_p1: 7832cce49622
mapped_ms_p2: 475
mapped_finished_at_ms_p2: 1791358568185
mapped_worker_p2: 6331ebc89130
mapped_ms_p3: 490
mapped_finished_at_ms_p3: 1791358568201
mapped_worker_p3: 23b78ffaa58b
mapped_duration_spread_ms: 41
mapped_finish_spread_ms: 39
mapped_duration_spread_scope: parent_sum_of_task_durations
mapped_worker_load_ms: {"23b78ffaa58b": 490, "6331ebc89130": 475, "7832cce49622": 474, "cfe6aa420e8d": 515}
mapped_worker_load_spread_ms: 41
task_metrics_json: [{"id":"20261007_p000_s4_split-p1","partition_id":1,"subpartition_id":null,"rows":7185,"mapped_ms":474,"mapped_finished_at_ms":1791358568184,"worker":"7832cce49622"},{"id":"20261007_p000_s4_split-p2","partition_id":2,"subpartition_id":null,"rows":6937,"mapped_ms":475,"mapped_finished_at_ms":1791358568185,"worker":"6331ebc89130"},{"id":"20261007_p000_s4_split-p3","partition_id":3,"subpartition_id":null,"rows":7217,"mapped_ms":490,"mapped_finished_at_ms":1791358568201,"worker":"23b78ffaa58b"},{"id":"20261007_p000_s4_split-p0","partition_id":0,"subpartition_id":null,"rows":7338,"mapped_ms":515,"mapped_finished_at_ms":1791358568223,"worker":"cfe6aa420e8d"}]
phase_compute_delta_s: 3.698
phase_partition_s: 0.127
phase_normalize_s: 0.092
phase_dispatch_s: 0.008
phase_wait_workers_s: 0.545
phase_merge_stale_apply_s: 4.134
conflict_dup_rows: 0
total_retries: 0
lock_wait_ms_total: 0
lock_contention_total: 0
elapsed_seconds: 8.604
