tag: 20261007_p000_s1_unsplit
k: 4
subpartition_threshold: off
subpartition_factor: 4
task_count: 4
partition_rows: 28677
partition0_share_skew_s: 1.020330
partition_0_rows: 7315
partition_1_rows: 7267
partition_2_rows: 6875
partition_3_rows: 7220
mapped_ms_p0: 1144
mapped_finished_at_ms_p0: 1791358253115
mapped_worker_p0: 23b78ffaa58b
mapped_ms_p1: 903
mapped_finished_at_ms_p1: 1791358252876
mapped_worker_p1: 6331ebc89130
mapped_ms_p2: 1123
mapped_finished_at_ms_p2: 1791358253095
mapped_worker_p2: cfe6aa420e8d
mapped_ms_p3: 1209
mapped_finished_at_ms_p3: 1791358253183
mapped_worker_p3: 7832cce49622
mapped_duration_spread_ms: 306
mapped_finish_spread_ms: 307
mapped_duration_spread_scope: parent_sum_of_task_durations
mapped_worker_load_ms: {"23b78ffaa58b": 1144, "6331ebc89130": 903, "7832cce49622": 1209, "cfe6aa420e8d": 1123}
mapped_worker_load_spread_ms: 306
task_metrics_json: [{"id":"20261007_p000_s1_unsplit-p1","partition_id":1,"subpartition_id":null,"rows":7267,"mapped_ms":903,"mapped_finished_at_ms":1791358252876,"worker":"6331ebc89130"},{"id":"20261007_p000_s1_unsplit-p0","partition_id":0,"subpartition_id":null,"rows":7315,"mapped_ms":1144,"mapped_finished_at_ms":1791358253115,"worker":"23b78ffaa58b"},{"id":"20261007_p000_s1_unsplit-p2","partition_id":2,"subpartition_id":null,"rows":6875,"mapped_ms":1123,"mapped_finished_at_ms":1791358253095,"worker":"cfe6aa420e8d"},{"id":"20261007_p000_s1_unsplit-p3","partition_id":3,"subpartition_id":null,"rows":7220,"mapped_ms":1209,"mapped_finished_at_ms":1791358253183,"worker":"7832cce49622"}]
phase_compute_delta_s: 3.818
phase_partition_s: 0.114
phase_normalize_s: 0.095
phase_dispatch_s: 0.010
phase_wait_workers_s: 1.239
phase_merge_stale_apply_s: 4.422
conflict_dup_rows: 0
total_retries: 0
lock_wait_ms_total: 0
lock_contention_total: 0
elapsed_seconds: 9.697
