tag: 20261007_p075_s1_split
k: 4
subpartition_threshold: 1.7
subpartition_factor: 4
task_count: 7
partition_rows: 28677
partition0_share_skew_s: 3.238693
partition_0_rows: 23219
partition_1_rows: 1829
partition_2_rows: 1710
partition_3_rows: 1919
mapped_ms_p0: 2130
mapped_finished_at_ms_p0: 1791358310868
mapped_worker_p0: 23b78ffaa58b,6331ebc89130,7832cce49622,cfe6aa420e8d
mapped_ms_p1: 146
mapped_finished_at_ms_p1: 1791358310780
mapped_worker_p1: 7832cce49622
mapped_ms_p2: 162
mapped_finished_at_ms_p2: 1791358310830
mapped_worker_p2: 6331ebc89130
mapped_ms_p3: 161
mapped_finished_at_ms_p3: 1791358310895
mapped_worker_p3: cfe6aa420e8d
mapped_duration_spread_ms: 1984
mapped_finish_spread_ms: 115
mapped_duration_spread_scope: parent_sum_of_task_durations
mapped_worker_load_ms: {"23b78ffaa58b": 687, "6331ebc89130": 631, "7832cce49622": 584, "cfe6aa420e8d": 697}
mapped_worker_load_spread_ms: 113
task_metrics_json: [{"id":"20261007_p075_s1_split-p0-s3","partition_id":0,"subpartition_id":3,"rows":5804,"mapped_ms":438,"mapped_finished_at_ms":1791358310619,"worker":"7832cce49622"},{"id":"20261007_p075_s1_split-p0-s2","partition_id":0,"subpartition_id":2,"rows":5805,"mapped_ms":469,"mapped_finished_at_ms":1791358310652,"worker":"6331ebc89130"},{"id":"20261007_p075_s1_split-p0-s0","partition_id":0,"subpartition_id":0,"rows":5805,"mapped_ms":536,"mapped_finished_at_ms":1791358310715,"worker":"cfe6aa420e8d"},{"id":"20261007_p075_s1_split-p1","partition_id":1,"subpartition_id":null,"rows":1829,"mapped_ms":146,"mapped_finished_at_ms":1791358310780,"worker":"7832cce49622"},{"id":"20261007_p075_s1_split-p2","partition_id":2,"subpartition_id":null,"rows":1710,"mapped_ms":162,"mapped_finished_at_ms":1791358310830,"worker":"6331ebc89130"},{"id":"20261007_p075_s1_split-p0-s1","partition_id":0,"subpartition_id":1,"rows":5805,"mapped_ms":687,"mapped_finished_at_ms":1791358310868,"worker":"23b78ffaa58b"},{"id":"20261007_p075_s1_split-p3","partition_id":3,"subpartition_id":null,"rows":1919,"mapped_ms":161,"mapped_finished_at_ms":1791358310895,"worker":"cfe6aa420e8d"}]
phase_compute_delta_s: 3.683
phase_partition_s: 0.129
phase_normalize_s: 0.164
phase_dispatch_s: 0.014
phase_wait_workers_s: 0.721
phase_merge_stale_apply_s: 4.164
conflict_dup_rows: 0
total_retries: 0
lock_wait_ms_total: 0
lock_contention_total: 0
elapsed_seconds: 8.876
