tag: 20261007_p050_s2_unsplit
k: 4
subpartition_threshold: off
subpartition_factor: 4
task_count: 4
partition_rows: 28677
partition0_share_skew_s: 2.484779
partition_0_rows: 17814
partition_1_rows: 3662
partition_2_rows: 3537
partition_3_rows: 3664
mapped_ms_p0: 1171
mapped_finished_at_ms_p0: 1791358357927
mapped_worker_p0: 23b78ffaa58b
mapped_ms_p1: 351
mapped_finished_at_ms_p1: 1791358357103
mapped_worker_p1: cfe6aa420e8d
mapped_ms_p2: 362
mapped_finished_at_ms_p2: 1791358357114
mapped_worker_p2: 7832cce49622
mapped_ms_p3: 294
mapped_finished_at_ms_p3: 1791358357047
mapped_worker_p3: 6331ebc89130
mapped_duration_spread_ms: 877
mapped_finish_spread_ms: 880
mapped_duration_spread_scope: parent_sum_of_task_durations
mapped_worker_load_ms: {"23b78ffaa58b": 1171, "6331ebc89130": 294, "7832cce49622": 362, "cfe6aa420e8d": 351}
mapped_worker_load_spread_ms: 877
task_metrics_json: [{"id":"20261007_p050_s2_unsplit-p3","partition_id":3,"subpartition_id":null,"rows":3664,"mapped_ms":294,"mapped_finished_at_ms":1791358357047,"worker":"6331ebc89130"},{"id":"20261007_p050_s2_unsplit-p1","partition_id":1,"subpartition_id":null,"rows":3662,"mapped_ms":351,"mapped_finished_at_ms":1791358357103,"worker":"cfe6aa420e8d"},{"id":"20261007_p050_s2_unsplit-p2","partition_id":2,"subpartition_id":null,"rows":3537,"mapped_ms":362,"mapped_finished_at_ms":1791358357114,"worker":"7832cce49622"},{"id":"20261007_p050_s2_unsplit-p0","partition_id":0,"subpartition_id":null,"rows":17814,"mapped_ms":1171,"mapped_finished_at_ms":1791358357927,"worker":"23b78ffaa58b"}]
phase_compute_delta_s: 4.385
phase_partition_s: 0.113
phase_normalize_s: 0.089
phase_dispatch_s: 0.009
phase_wait_workers_s: 1.217
phase_merge_stale_apply_s: 4.370
conflict_dup_rows: 0
total_retries: 0
lock_wait_ms_total: 0
lock_contention_total: 0
elapsed_seconds: 10.184
