tag: 20261007_p025_s5_unsplit
k: 4
subpartition_threshold: off
subpartition_factor: 4
task_count: 4
partition_rows: 28677
partition0_share_skew_s: 1.746766
partition_0_rows: 12523
partition_1_rows: 5495
partition_2_rows: 5251
partition_3_rows: 5408
mapped_ms_p0: 883
mapped_finished_at_ms_p0: 1791358655934
mapped_worker_p0: 7832cce49622
mapped_ms_p1: 408
mapped_finished_at_ms_p1: 1791358655457
mapped_worker_p1: cfe6aa420e8d
mapped_ms_p2: 388
mapped_finished_at_ms_p2: 1791358655437
mapped_worker_p2: 23b78ffaa58b
mapped_ms_p3: 406
mapped_finished_at_ms_p3: 1791358655457
mapped_worker_p3: 6331ebc89130
mapped_duration_spread_ms: 495
mapped_finish_spread_ms: 497
mapped_duration_spread_scope: parent_sum_of_task_durations
mapped_worker_load_ms: {"23b78ffaa58b": 388, "6331ebc89130": 406, "7832cce49622": 883, "cfe6aa420e8d": 408}
mapped_worker_load_spread_ms: 495
task_metrics_json: [{"id":"20261007_p025_s5_unsplit-p2","partition_id":2,"subpartition_id":null,"rows":5251,"mapped_ms":388,"mapped_finished_at_ms":1791358655437,"worker":"23b78ffaa58b"},{"id":"20261007_p025_s5_unsplit-p1","partition_id":1,"subpartition_id":null,"rows":5495,"mapped_ms":408,"mapped_finished_at_ms":1791358655457,"worker":"cfe6aa420e8d"},{"id":"20261007_p025_s5_unsplit-p3","partition_id":3,"subpartition_id":null,"rows":5408,"mapped_ms":406,"mapped_finished_at_ms":1791358655457,"worker":"6331ebc89130"},{"id":"20261007_p025_s5_unsplit-p0","partition_id":0,"subpartition_id":null,"rows":12523,"mapped_ms":883,"mapped_finished_at_ms":1791358655934,"worker":"7832cce49622"}]
phase_compute_delta_s: 3.873
phase_partition_s: 0.129
phase_normalize_s: 0.096
phase_dispatch_s: 0.010
phase_wait_workers_s: 0.916
phase_merge_stale_apply_s: 4.145
conflict_dup_rows: 0
total_retries: 0
lock_wait_ms_total: 0
lock_contention_total: 0
elapsed_seconds: 9.169
