tag: 20261007_p000_s3_unsplit
k: 4
subpartition_threshold: off
subpartition_factor: 4
task_count: 4
partition_rows: 28677
partition0_share_skew_s: 1.012519
partition_0_rows: 7259
partition_1_rows: 7247
partition_2_rows: 6914
partition_3_rows: 7257
mapped_ms_p0: 513
mapped_finished_at_ms_p0: 1791358496476
mapped_worker_p0: 23b78ffaa58b
mapped_ms_p1: 578
mapped_finished_at_ms_p1: 1791358496543
mapped_worker_p1: 7832cce49622
mapped_ms_p2: 529
mapped_finished_at_ms_p2: 1791358496494
mapped_worker_p2: cfe6aa420e8d
mapped_ms_p3: 487
mapped_finished_at_ms_p3: 1791358496453
mapped_worker_p3: 6331ebc89130
mapped_duration_spread_ms: 91
mapped_finish_spread_ms: 90
mapped_duration_spread_scope: parent_sum_of_task_durations
mapped_worker_load_ms: {"23b78ffaa58b": 513, "6331ebc89130": 487, "7832cce49622": 578, "cfe6aa420e8d": 529}
mapped_worker_load_spread_ms: 91
task_metrics_json: [{"id":"20261007_p000_s3_unsplit-p3","partition_id":3,"subpartition_id":null,"rows":7257,"mapped_ms":487,"mapped_finished_at_ms":1791358496453,"worker":"6331ebc89130"},{"id":"20261007_p000_s3_unsplit-p0","partition_id":0,"subpartition_id":null,"rows":7259,"mapped_ms":513,"mapped_finished_at_ms":1791358496476,"worker":"23b78ffaa58b"},{"id":"20261007_p000_s3_unsplit-p2","partition_id":2,"subpartition_id":null,"rows":6914,"mapped_ms":529,"mapped_finished_at_ms":1791358496494,"worker":"cfe6aa420e8d"},{"id":"20261007_p000_s3_unsplit-p1","partition_id":1,"subpartition_id":null,"rows":7247,"mapped_ms":578,"mapped_finished_at_ms":1791358496543,"worker":"7832cce49622"}]
phase_compute_delta_s: 3.661
phase_partition_s: 0.125
phase_normalize_s: 0.096
phase_dispatch_s: 0.009
phase_wait_workers_s: 0.599
phase_merge_stale_apply_s: 3.989
conflict_dup_rows: 0
total_retries: 0
lock_wait_ms_total: 0
lock_contention_total: 0
elapsed_seconds: 8.478
