tag: 20261007_p075_s2_split
k: 4
subpartition_threshold: 1.7
subpartition_factor: 4
task_count: 7
partition_rows: 28677
partition0_share_skew_s: 3.232974
partition_0_rows: 23178
partition_1_rows: 1847
partition_2_rows: 1774
partition_3_rows: 1878
mapped_ms_p0: 1870
mapped_finished_at_ms_p0: 1791358375694
mapped_worker_p0: 23b78ffaa58b,6331ebc89130,7832cce49622,cfe6aa420e8d
mapped_ms_p1: 243
mapped_finished_at_ms_p1: 1791358375905
mapped_worker_p1: 23b78ffaa58b
mapped_ms_p2: 210
mapped_finished_at_ms_p2: 1791358375875
mapped_worker_p2: cfe6aa420e8d
mapped_ms_p3: 212
mapped_finished_at_ms_p3: 1791358375906
mapped_worker_p3: 7832cce49622
mapped_duration_spread_ms: 1660
mapped_finish_spread_ms: 212
mapped_duration_spread_scope: parent_sum_of_task_durations
mapped_worker_load_ms: {"23b78ffaa58b": 679, "6331ebc89130": 504, "7832cce49622": 692, "cfe6aa420e8d": 660}
mapped_worker_load_spread_ms: 188
task_metrics_json: [{"id":"20261007_p075_s2_split-p0-s3","partition_id":0,"subpartition_id":3,"rows":5794,"mapped_ms":436,"mapped_finished_at_ms":1791358375627,"worker":"23b78ffaa58b"},{"id":"20261007_p075_s2_split-p0-s0","partition_id":0,"subpartition_id":0,"rows":5795,"mapped_ms":450,"mapped_finished_at_ms":1791358375638,"worker":"cfe6aa420e8d"},{"id":"20261007_p075_s2_split-p0-s1","partition_id":0,"subpartition_id":1,"rows":5795,"mapped_ms":480,"mapped_finished_at_ms":1791358375671,"worker":"7832cce49622"},{"id":"20261007_p075_s2_split-p0-s2","partition_id":0,"subpartition_id":2,"rows":5794,"mapped_ms":504,"mapped_finished_at_ms":1791358375694,"worker":"6331ebc89130"},{"id":"20261007_p075_s2_split-p2","partition_id":2,"subpartition_id":null,"rows":1774,"mapped_ms":210,"mapped_finished_at_ms":1791358375875,"worker":"cfe6aa420e8d"},{"id":"20261007_p075_s2_split-p1","partition_id":1,"subpartition_id":null,"rows":1847,"mapped_ms":243,"mapped_finished_at_ms":1791358375905,"worker":"23b78ffaa58b"},{"id":"20261007_p075_s2_split-p3","partition_id":3,"subpartition_id":null,"rows":1878,"mapped_ms":212,"mapped_finished_at_ms":1791358375906,"worker":"7832cce49622"}]
phase_compute_delta_s: 3.706
phase_partition_s: 0.129
phase_normalize_s: 0.161
phase_dispatch_s: 0.011
phase_wait_workers_s: 0.772
phase_merge_stale_apply_s: 3.963
conflict_dup_rows: 0
total_retries: 0
lock_wait_ms_total: 0
lock_contention_total: 0
elapsed_seconds: 8.742
