tag: 20261007_p000_s1_split
k: 4
subpartition_threshold: 1.7
subpartition_factor: 4
task_count: 4
partition_rows: 28677
partition0_share_skew_s: 1.020330
partition_0_rows: 7315
partition_1_rows: 7267
partition_2_rows: 6875
partition_3_rows: 7220
mapped_ms_p0: 1270
mapped_finished_at_ms_p0: 1791358243150
mapped_worker_p0: 6331ebc89130
mapped_ms_p1: 1290
mapped_finished_at_ms_p1: 1791358243174
mapped_worker_p1: cfe6aa420e8d
mapped_ms_p2: 1255
mapped_finished_at_ms_p2: 1791358243139
mapped_worker_p2: 23b78ffaa58b
mapped_ms_p3: 1302
mapped_finished_at_ms_p3: 1791358243184
mapped_worker_p3: 7832cce49622
mapped_duration_spread_ms: 47
mapped_finish_spread_ms: 45
mapped_duration_spread_scope: parent_sum_of_task_durations
mapped_worker_load_ms: {"23b78ffaa58b": 1255, "6331ebc89130": 1270, "7832cce49622": 1302, "cfe6aa420e8d": 1290}
mapped_worker_load_spread_ms: 47
task_metrics_json: [{"id":"20261007_p000_s1_split-p2","partition_id":2,"subpartition_id":null,"rows":6875,"mapped_ms":1255,"mapped_finished_at_ms":1791358243139,"worker":"23b78ffaa58b"},{"id":"20261007_p000_s1_split-p0","partition_id":0,"subpartition_id":null,"rows":7315,"mapped_ms":1270,"mapped_finished_at_ms":1791358243150,"worker":"6331ebc89130"},{"id":"20261007_p000_s1_split-p1","partition_id":1,"subpartition_id":null,"rows":7267,"mapped_ms":1290,"mapped_finished_at_ms":1791358243174,"worker":"cfe6aa420e8d"},{"id":"20261007_p000_s1_split-p3","partition_id":3,"subpartition_id":null,"rows":7220,"mapped_ms":1302,"mapped_finished_at_ms":1791358243184,"worker":"7832cce49622"}]
phase_compute_delta_s: 3.755
phase_partition_s: 0.130
phase_normalize_s: 0.095
phase_dispatch_s: 0.013
phase_wait_workers_s: 1.339
phase_merge_stale_apply_s: 4.680
conflict_dup_rows: 0
total_retries: 0
lock_wait_ms_total: 0
lock_contention_total: 0
elapsed_seconds: 10.013
