tag: 20261007_p075_s2_unsplit
k: 4
subpartition_threshold: off
subpartition_factor: 4
task_count: 4
partition_rows: 28677
partition0_share_skew_s: 3.232974
partition_0_rows: 23178
partition_1_rows: 1847
partition_2_rows: 1774
partition_3_rows: 1878
mapped_ms_p0: 1566
mapped_finished_at_ms_p0: 1791358385702
mapped_worker_p0: 6331ebc89130
mapped_ms_p1: 178
mapped_finished_at_ms_p1: 1791358384306
mapped_worker_p1: cfe6aa420e8d
mapped_ms_p2: 245
mapped_finished_at_ms_p2: 1791358384374
mapped_worker_p2: 23b78ffaa58b
mapped_ms_p3: 175
mapped_finished_at_ms_p3: 1791358384304
mapped_worker_p3: 7832cce49622
mapped_duration_spread_ms: 1391
mapped_finish_spread_ms: 1398
mapped_duration_spread_scope: parent_sum_of_task_durations
mapped_worker_load_ms: {"23b78ffaa58b": 245, "6331ebc89130": 1566, "7832cce49622": 175, "cfe6aa420e8d": 178}
mapped_worker_load_spread_ms: 1391
task_metrics_json: [{"id":"20261007_p075_s2_unsplit-p3","partition_id":3,"subpartition_id":null,"rows":1878,"mapped_ms":175,"mapped_finished_at_ms":1791358384304,"worker":"7832cce49622"},{"id":"20261007_p075_s2_unsplit-p1","partition_id":1,"subpartition_id":null,"rows":1847,"mapped_ms":178,"mapped_finished_at_ms":1791358384306,"worker":"cfe6aa420e8d"},{"id":"20261007_p075_s2_unsplit-p2","partition_id":2,"subpartition_id":null,"rows":1774,"mapped_ms":245,"mapped_finished_at_ms":1791358384374,"worker":"23b78ffaa58b"},{"id":"20261007_p075_s2_unsplit-p0","partition_id":0,"subpartition_id":null,"rows":23178,"mapped_ms":1566,"mapped_finished_at_ms":1791358385702,"worker":"6331ebc89130"}]
phase_compute_delta_s: 3.942
phase_partition_s: 0.122
phase_normalize_s: 0.097
phase_dispatch_s: 0.009
phase_wait_workers_s: 1.623
phase_merge_stale_apply_s: 4.404
conflict_dup_rows: 0
total_retries: 0
lock_wait_ms_total: 0
lock_contention_total: 0
elapsed_seconds: 10.196
